Component: ARM Compiler 5.06 update 5 (build 528) Tool: armlink [4d35e2]

==============================================================================

Section Cross References

    startup_stm32f103x6.o(STACK) refers (Special) to heapauxi.o(.text) for __use_two_region_memory
    startup_stm32f103x6.o(HEAP) refers (Special) to heapauxi.o(.text) for __use_two_region_memory
    startup_stm32f103x6.o(RESET) refers (Special) to heapauxi.o(.text) for __use_two_region_memory
    startup_stm32f103x6.o(RESET) refers to startup_stm32f103x6.o(STACK) for __initial_sp
    startup_stm32f103x6.o(RESET) refers to startup_stm32f103x6.o(.text) for Reset_Handler
    startup_stm32f103x6.o(RESET) refers to stm32f1xx_it.o(i.NMI_Handler) for NMI_Handler
    startup_stm32f103x6.o(RESET) refers to stm32f1xx_it.o(i.HardFault_Handler) for HardFault_Handler
    startup_stm32f103x6.o(RESET) refers to stm32f1xx_it.o(i.MemManage_Handler) for MemManage_Handler
    startup_stm32f103x6.o(RESET) refers to stm32f1xx_it.o(i.BusFault_Handler) for BusFault_Handler
    startup_stm32f103x6.o(RESET) refers to stm32f1xx_it.o(i.UsageFault_Handler) for UsageFault_Handler
    startup_stm32f103x6.o(RESET) refers to stm32f1xx_it.o(i.SVC_Handler) for SVC_Handler
    startup_stm32f103x6.o(RESET) refers to stm32f1xx_it.o(i.DebugMon_Handler) for DebugMon_Handler
    startup_stm32f103x6.o(RESET) refers to stm32f1xx_it.o(i.PendSV_Handler) for PendSV_Handler
    startup_stm32f103x6.o(RESET) refers to stm32f1xx_it.o(i.SysTick_Handler) for SysTick_Handler
    startup_stm32f103x6.o(RESET) refers to stm32f1xx_it.o(i.DMA1_Channel4_IRQHandler) for DMA1_Channel4_IRQHandler
    startup_stm32f103x6.o(RESET) refers to stm32f1xx_it.o(i.DMA1_Channel5_IRQHandler) for DMA1_Channel5_IRQHandler
    startup_stm32f103x6.o(RESET) refers to stm32f1xx_it.o(i.DMA1_Channel6_IRQHandler) for DMA1_Channel6_IRQHandler
    startup_stm32f103x6.o(RESET) refers to stm32f1xx_it.o(i.DMA1_Channel7_IRQHandler) for DMA1_Channel7_IRQHandler
    startup_stm32f103x6.o(RESET) refers to stm32f1xx_it.o(i.USART1_IRQHandler) for USART1_IRQHandler
    startup_stm32f103x6.o(RESET) refers to stm32f1xx_it.o(i.USART2_IRQHandler) for USART2_IRQHandler
    startup_stm32f103x6.o(.text) refers (Special) to heapauxi.o(.text) for __use_two_region_memory
    startup_stm32f103x6.o(.text) refers to system_stm32f1xx.o(i.SystemInit) for SystemInit
    startup_stm32f103x6.o(.text) refers to __main.o(!!!main) for __main
    startup_stm32f103x6.o(.text) refers to startup_stm32f103x6.o(HEAP) for Heap_Mem
    startup_stm32f103x6.o(.text) refers to startup_stm32f103x6.o(STACK) for Stack_Mem
    main.o(i.HAL_UARTEx_RxEventCallback) refers to stm32f1xx_hal_uart.o(i.HAL_UARTEx_ReceiveToIdle_DMA) for HAL_UARTEx_ReceiveToIdle_DMA
    main.o(i.HAL_UARTEx_RxEventCallback) refers to main.o(.data) for .data
    main.o(i.HAL_UARTEx_RxEventCallback) refers to main.o(.bss) for .bss
    main.o(i.HAL_UARTEx_RxEventCallback) refers to usart.o(.bss) for huart2
    main.o(i.HAL_UART_ErrorCallback) refers to stm32f1xx_hal_uart.o(i.HAL_UARTEx_ReceiveToIdle_DMA) for HAL_UARTEx_ReceiveToIdle_DMA
    main.o(i.HAL_UART_ErrorCallback) refers to main.o(.bss) for .bss
    main.o(i.HAL_UART_ErrorCallback) refers to usart.o(.bss) for huart2
    main.o(i.SystemClock_Config) refers to rt_memclr_w.o(.text) for __aeabi_memclr4
    main.o(i.SystemClock_Config) refers to stm32f1xx_hal_rcc.o(i.HAL_RCC_OscConfig) for HAL_RCC_OscConfig
    main.o(i.SystemClock_Config) refers to stm32f1xx_hal_rcc.o(i.HAL_RCC_ClockConfig) for HAL_RCC_ClockConfig
    main.o(i.SystemClock_Config) refers to stm32f1xx_hal_rcc_ex.o(i.HAL_RCCEx_PeriphCLKConfig) for HAL_RCCEx_PeriphCLKConfig
    main.o(i.fgetc) refers to stm32f1xx_hal_uart.o(i.HAL_UART_Receive) for HAL_UART_Receive
    main.o(i.fgetc) refers to usart.o(.bss) for huart1
    main.o(i.fputc) refers to stm32f1xx_hal_uart.o(i.HAL_UART_Transmit) for HAL_UART_Transmit
    main.o(i.fputc) refers to usart.o(.bss) for huart1
    main.o(i.main) refers to _printf_pad.o(.text) for _printf_pre_padding
    main.o(i.main) refers to _printf_percent.o(.ARM.Collect$$_printf_percent$$00000000) for _printf_percent
    main.o(i.main) refers to _printf_d.o(.ARM.Collect$$_printf_percent$$00000009) for _printf_d
    main.o(i.main) refers to _printf_dec.o(.text) for _printf_int_dec
    main.o(i.main) refers to stm32f1xx_hal.o(i.HAL_Init) for HAL_Init
    main.o(i.main) refers to main.o(i.SystemClock_Config) for SystemClock_Config
    main.o(i.main) refers to gpio.o(i.MX_GPIO_Init) for MX_GPIO_Init
    main.o(i.main) refers to dma.o(i.MX_DMA_Init) for MX_DMA_Init
    main.o(i.main) refers to i2c.o(i.MX_I2C1_Init) for MX_I2C1_Init
    main.o(i.main) refers to usart.o(i.MX_USART2_UART_Init) for MX_USART2_UART_Init
    main.o(i.main) refers to rtc.o(i.MX_RTC_Init) for MX_RTC_Init
    main.o(i.main) refers to usart.o(i.MX_USART1_UART_Init) for MX_USART1_UART_Init
    main.o(i.main) refers to stm32f1xx_hal.o(i.HAL_Delay) for HAL_Delay
[...]
    ..\Core\Src\dma.c                        0x00000000   Number         0  dma.o ABSOLUTE
    ..\Core\Src\gpio.c                       0x00000000   Number         0  gpio.o ABSOLUTE
    ..\Core\Src\i2c.c                        0x00000000   Number         0  i2c.o ABSOLUTE
    ..\Core\Src\main.c                       0x00000000   Number         0  main.o ABSOLUTE
    ..\Core\Src\rtc.c                        0x00000000   Number         0  rtc.o ABSOLUTE
    ..\Core\Src\stm32f1xx_hal_msp.c          0x00000000   Number         0  stm32f1xx_hal_msp.o ABSOLUTE
    ..\Core\Src\stm32f1xx_it.c               0x00000000   Number         0  stm32f1xx_it.o ABSOLUTE
    ..\Core\Src\system_stm32f1xx.c           0x00000000   Number         0  system_stm32f1xx.o ABSOLUTE
    ..\Core\Src\usart.c                      0x00000000   Number         0  usart.o ABSOLUTE
    ..\Drivers\STM32F1xx_HAL_Driver\Src\stm32f1xx_hal.c 0x00000000   Number         0  stm32f1xx_hal.o ABSOLUTE
    ..\Drivers\STM32F1xx_HAL_Driver\Src\stm32f1xx_hal_cortex.c 0x00000000   Number         0  stm32f1xx_hal_cortex.o ABSOLUTE
    ..\Drivers\STM32F1xx_HAL_Driver\Src\stm32f1xx_hal_dma.c 0x00000000   Number         0  stm32f1xx_hal_dma.o ABSOLUTE
    ..\Drivers\STM32F1xx_HAL_Driver\Src\stm32f1xx_hal_exti.c 0x00000000   Number         0  stm32f1xx_hal_exti.o ABSOLUTE
    ..\Drivers\STM32F1xx_HAL_Driver\Src\stm32f1xx_hal_flash.c 0x00000000   Number         0  stm32f1xx_hal_flash.o ABSOLUTE
    ..\Drivers\STM32F1xx_HAL_Driver\Src\stm32f1xx_hal_flash_ex.c 0x00000000   Number         0  stm32f1xx_hal_flash_ex.o ABSOLUTE
    ..\Drivers\STM32F1xx_HAL_Driver\Src\stm32f1xx_hal_gpio.c 0x00000000   Number         0  stm32f1xx_hal_gpio.o ABSOLUTE
    ..\Drivers\STM32F1xx_HAL_Driver\Src\stm32f1xx_hal_gpio_ex.c 0x00000000   Number         0  stm32f1xx_hal_gpio_ex.o ABSOLUTE
    ..\Drivers\STM32F1xx_HAL_Driver\Src\stm32f1xx_hal_i2c.c 0x00000000   Number         0  stm32f1xx_hal_i2c.o ABSOLUTE
    ..\Drivers\STM32F1xx_HAL_Driver\Src\stm32f1xx_hal_pwr.c 0x00000000   Number         0  stm32f1xx_hal_pwr.o ABSOLUTE
    ..\Drivers\STM32F1xx_HAL_Driver\Src\stm32f1xx_hal_rcc.c 0x00000000   Number         0  stm32f1xx_hal_rcc.o ABSOLUTE
    ..\Drivers\STM32F1xx_HAL_Driver\Src\stm32f1xx_hal_rcc_ex.c 0x00000000   Number         0  stm32f1xx_hal_rcc_ex.o ABSOLUTE
    ..\Drivers\STM32F1xx_HAL_Driver\Src\stm32f1xx_hal_rtc.c 0x00000000   Number         0  stm32f1xx_hal_rtc.o ABSOLUTE
    ..\Drivers\STM32F1xx_HAL_Driver\Src\stm32f1xx_hal_rtc_ex.c 0x00000000   Number         0  stm32f1xx_hal_rtc_ex.o ABSOLUTE
    ..\Drivers\STM32F1xx_HAL_Driver\Src\stm32f1xx_hal_uart.c 0x00000000   Number         0  stm32f1xx_hal_uart.o ABSOLUTE
    ..\Lib\Src\font.c                        0x00000000   Number         0  font.o ABSOLUTE
    ..\Lib\Src\myrtc.c                       0x00000000   Number         0  myrtc.o ABSOLUTE
    ..\Lib\Src\oled.c                        0x00000000   Number         0  oled.o ABSOLUTE
    ..\\Lib\\Src\\myrtc.c                    0x00000000   Number         0  myrtc.o ABSOLUTE
    ..\\Lib\\Src\\oled.c                     0x00000000   Number         0  oled.o ABSOLUTE
    dc.s                                     0x00000000   Number         0  dc.o ABSOLUTE
    startup_stm32f103x6.s                    0x00000000   Number         0  startup_stm32f103x6.o ABSOLUTE
    RESET                                    0x08000000   Section      236  startup_stm32f103x6.o(RESET)
    !!!main                                  0x080000ec   Section        8  __main.o(!!!main)
    !!!scatter                               0x080000f4   Section       52  __scatter.o(!!!scatter)
    !!handler_copy                           0x08000128   Section       26  __scatter_copy.o(!!handler_copy)
    !!handler_zi                             0x08000144   Section       28  __scatter_zi.o(!!handler_zi)
    .ARM.Collect$$_printf_percent$$00000000  0x08000160   Section        0  _printf_percent.o(.ARM.Collect$$_printf_percent$$00000000)
    .ARM.Collect$$_printf_percent$$00000009  0x08000160   Section        6  _printf_d.o(.ARM.Collect$$_printf_percent$$00000009)
    .ARM.Collect$$_printf_percent$$00000017  0x08000166   Section        4  _printf_percent_end.o(.ARM.Collect$$_printf_percent$$00000017)
    .ARM.Collect$$libinit$$00000000          0x0800016a   Section        2  libinit.o(.ARM.Collect$$libinit$$00000000)
    .ARM.Collect$$libinit$$00000002          0x0800016c   Section        0  libinit2.o(.ARM.Collect$$libinit$$00000002)
    .ARM.Collect$$libinit$$00000004          0x0800016c   Section        0  libinit2.o(.ARM.Collect$$libinit$$00000004)
    .ARM.Collect$$libinit$$0000000A          0x0800016c   Section        0  libinit2.o(.ARM.Collect$$libinit$$0000000A)
    .ARM.Collect$$libinit$$0000000C          0x0800016c   Section        0  libinit2.o(.ARM.Collect$$libinit$$0000000C)
    .ARM.Collect$$libinit$$0000000E          0x0800016c   Section        0  libinit2.o(.ARM.Collect$$libinit$$0000000E)
    .ARM.Collect$$libinit$$0000000F          0x0800016c   Section        6  libinit2.o(.ARM.Collect$$libinit$$0000000F)
    .ARM.Collect$$libinit$$00000011          0x08000172   Section        0  libinit2.o(.ARM.Collect$$libinit$$00000011)
    .ARM.Collect$$libinit$$00000012          0x08000172   Section       12  libinit2.o(.ARM.Collect$$libinit$$00000012)
    .ARM.Collect$$libinit$$00000013          0x0800017e   Section        0  libinit2.o(.ARM.Collect$$libinit$$00000013)
    .ARM.Collect$$libinit$$00000015          0x0800017e   Section        0  libinit2.o(.ARM.Collect$$libinit$$00000015)
    .ARM.Collect$$libinit$$00000017          0x0800017e   Section        0  libinit2.o(.ARM.Collect$$libinit$$00000017)
    .ARM.Collect$$libinit$$00000019          0x0800017e   Section        0  libinit2.o(.ARM.Collect$$libinit$$00000019)
    .ARM.Collect$$libinit$$0000001B          0x0800017e   Section        0  libinit2.o(.ARM.Collect$$libinit$$0000001B)
    .ARM.Collect$$libinit$$0000001D          0x0800017e   Section        0  libinit2.o(.ARM.Collect$$libinit$$0000001D)
    .ARM.Collect$$libinit$$0000001F          0x0800017e   Section        0  libinit2.o(.ARM.Collect$$libinit$$0000001F)
    .ARM.Collect$$libinit$$00000021          0x0800017e   Section        0  libinit2.o(.ARM.Collect$$libinit$$00000021)
    .ARM.Collect$$libinit$$00000023          0x0800017e   Section        0  libinit2.o(.ARM.Collect$$libinit$$00000023)
    .ARM.Collect$$libinit$$00000025          0x0800017e   Section        0  libinit2.o(.ARM.Collect$$libinit$$00000025)
    .ARM.Collect$$libinit$$0000002C          0x0800017e   Section        0  libinit2.o(.ARM.Collect$$libinit$$0000002C)
    .ARM.Collect$$libinit$$0000002E          0x0800017e   Section        0  libinit2.o(.ARM.Collect$$libinit$$0000002E)
    .ARM.Collect$$libinit$$00000030          0x0800017e   Section        0  libinit2.o(.ARM.Collect$$libinit$$00000030)
    .ARM.Collect$$libinit$$00000032          0x0800017e   Section        0  libinit2.o(.ARM.Collect$$libinit$$00000032)
    .ARM.Collect$$libinit$$00000033          0x0800017e   Section        2  libinit2.o(.ARM.Collect$$libinit$$00000033)
    .ARM.Collect$$libshutdown$$00000000      0x08000180   Section        2  libshutdown.o(.ARM.Collect$$libshutdown$$00000000)
    .ARM.Collect$$libshutdown$$00000002      0x08000182   Section        0  libshutdown2.o(.ARM.Collect$$libshutdown$$00000002)
    .ARM.Collect$$libshutdown$$00000004      0x08000182   Section        0  libshutdown2.o(.ARM.Collect$$libshutdown$$00000004)
    .ARM.Collect$$libshutdown$$00000007      0x08000182   Section        0  libshutdown2.o(.ARM.Collect$$libshutdown$$00000007)
    .ARM.Collect$$libshutdown$$0000000A      0x08000182   Section        0  libshutdown2.o(.ARM.Collect$$libshutdown$$0000000A)
    .ARM.Collect$$libshutdown$$0000000C      0x08000182   Section        0  libshutdown2.o(.ARM.Collect$$libshutdown$$0000000C)
    .ARM.Collect$$libshutdown$$0000000F      0x08000182   Section        0  libshutdown2.o(.ARM.Collect$$libshutdown$$0000000F)
    .ARM.Collect$$libshutdown$$00000010      0x08000182   Section        2  libshutdown2.o(.ARM.Collect$$libshutdown$$00000010)
    .ARM.Collect$$rtentry$$00000000          0x08000184   Section        0  __rtentry.o(.ARM.Collect$$rtentry$$00000000)
    .ARM.Collect$$rtentry$$00000002          0x08000184   Section        0  __rtentry2.o(.ARM.Collect$$rtentry$$00000002)
    .ARM.Collect$$rtentry$$00000004          0x08000184   Section        6  __rtentry4.o(.ARM.Collect$$rtentry$$00000004)
    .ARM.Collect$$rtentry$$00000009          0x0800018a   Section        0  __rtentry2.o(.ARM.Collect$$rtentry$$00000009)
    .ARM.Collect$$rtentry$$0000000A          0x0800018a   Section        4  __rtentry2.o(.ARM.Collect$$rtentry$$0000000A)
    .ARM.Collect$$rtentry$$0000000C          0x0800018e   Section        0  __rtentry2.o(.ARM.Collect$$rtentry$$0000000C)
    .ARM.Collect$$rtentry$$0000000D          0x0800018e   Section        8  __rtentry2.o(.ARM.Collect$$rtentry$$0000000D)
    .ARM.Collect$$rtexit$$00000000           0x08000196   Section        2  rtexit.o(.ARM.Collect$$rtexit$$00000000)
    .ARM.Collect$$rtexit$$00000002           0x08000198   Section        0  rtexit2.o(.ARM.Collect$$rtexit$$00000002)
    .ARM.Collect$$rtexit$$00000003           0x08000198   Section        4  rtexit2.o(.ARM.Collect$$rtexit$$00000003)
    .ARM.Collect$$rtexit$$00000004           0x0800019c   Section        6  rtexit2.o(.ARM.Collect$$rtexit$$00000004)
    .text                                    0x080001a4   Section       64  startup_stm32f103x6.o(.text)
    .text                                    0x080001e4   Section       16  rt_ctype_table.o(.text)
    .text                                    0x080001f4   Section        0  noretval__2sprintf.o(.text)
    .text                                    0x0800021c   Section        0  _printf_pad.o(.text)
    .text                                    0x0800026c   Section        0  _printf_dec.o(.text)
    .text                                    0x080002e4   Section        0  __printf_flags_wp.o(.text)
    .text                                    0x0800041c   Section        0  atoi.o(.text)
    .text                                    0x08000436   Section        0  strchr.o(.text)
    .text                                    0x0800044a   Section        0  strstr.o(.text)
    .text                                    0x0800046e   Section      138  rt_memcpy_v6.o(.text)
    .text                                    0x080004f8   Section      100  rt_memcpy_w.o(.text)
    .text                                    0x0800055c   Section       68  rt_memclr.o(.text)
    .text                                    0x080005a0   Section       78  rt_memclr_w.o(.text)
    .text                                    0x080005ee   Section       86  strncpy.o(.text)
    .text                                    0x08000644   Section        0  mktime.o(.text)
    _tm_carry                                0x08000645   Thumb Code    62  mktime.o(.text)
    .text                                    0x080007f0   Section        0  heapauxi.o(.text)
    .text                                    0x080007f8   Section        8  rt_locale_intlibspace.o(.text)
    .text                                    0x08000800   Section        8  rt_errno_addr_intlibspace.o(.text)
    .text                                    0x08000808   Section        0  _printf_intcommon.o(.text)
    .text                                    0x080008bc   Section        0  _printf_char_common.o(.text)
    _printf_input_char                       0x080008bd   Thumb Code    10  _printf_char_common.o(.text)
    .text                                    0x080008ec   Section        0  _sputc.o(.text)
    .text                                    0x080008f6   Section        0  strtol.o(.text)
    .text                                    0x08000968   Section        8  libspace.o(.text)
    .text                                    0x08000970   Section        0  _strtoul.o(.text)
    .text                                    0x08000a10   Section      128  strcmpv7m.o(.text)
    .text                                    0x08000a90   Section       74  sys_stackheap_outer.o(.text)
    .text                                    0x08000ada   Section        0  _chval.o(.text)
    .text                                    0x08000af6   Section        0  exit.o(.text)
    .text                                    0x08000b08   Section        0  sys_exit.o(.text)
    .text                                    0x08000b14   Section        2  use_no_semi.o(.text)
    .text                                    0x08000b16   Section        0  indicate_semi.o(.text)
    i.BusFault_Handler                       0x08000b16   Section        0  stm32f1xx_it.o(i.BusFault_Handler)
    i.DMA1_Channel4_IRQHandler               0x08000b18   Section        0  stm32f1xx_it.o(i.DMA1_Channel4_IRQHandler)
    i.DMA1_Channel5_IRQHandler               0x08000b24   Section        0  stm32f1xx_it.o(i.DMA1_Channel5_IRQHandler)
    i.DMA1_Channel6_IRQHandler               0x08000b30   Section        0  stm32f1xx_it.o(i.DMA1_Channel6_IRQHandler)
    i.DMA1_Channel7_IRQHandler               0x08000b3c   Section        0  stm32f1xx_it.o(i.DMA1_Channel7_IRQHandler)
    i.DMA_SetConfig                          0x08000b48   Section        0  stm32f1xx_hal_dma.o(i.DMA_SetConfig)
    DMA_SetConfig                            0x08000b49   Thumb Code    42  stm32f1xx_hal_dma.o(i.DMA_SetConfig)
    i.DebugMon_Handler                       0x08000b72   Section        0  stm32f1xx_it.o(i.DebugMon_Handler)
    i.Error_Handler                          0x08000b74   Section        0  main.o(i.Error_Handler)
    i.HAL_DMA_Abort                          0x08000b78   Section        0  stm32f1xx_hal_dma.o(i.HAL_DMA_Abort)
    i.HAL_DMA_Abort_IT                       0x08000bc0   Section        0  stm32f1xx_hal_dma.o(i.HAL_DMA_Abort_IT)
    i.HAL_DMA_IRQHandler                     0x08000c58   Section        0  stm32f1xx_hal_dma.o(i.HAL_DMA_IRQHandler)
    i.HAL_DMA_Init                           0x08000dac   Section        0  stm32f1xx_hal_dma.o(i.HAL_DMA_Init)
    i.HAL_DMA_Start_IT                       0x08000e08   Section        0  stm32f1xx_hal_dma.o(i.HAL_DMA_Start_IT)
    i.HAL_Delay                              0x08000e78   Section        0  stm32f1xx_hal.o(i.HAL_Delay)
    i.HAL_GPIO_Init                          0x08000e9c   Section        0  stm32f1xx_hal_gpio.o(i.HAL_GPIO_Init)
    i.HAL_GetTick                            0x0800105c   Section        0  stm32f1xx_hal.o(i.HAL_GetTick)
    i.HAL_I2C_Init                           0x08001068   Section        0  stm32f1xx_hal_i2c.o(i.HAL_I2C_Init)
    i.HAL_I2C_Master_Transmit                0x080011f0   Section        0  stm32f1xx_hal_i2c.o(i.HAL_I2C_Master_Transmit)
    i.HAL_I2C_MspInit                        0x0800131c   Section        0  i2c.o(i.HAL_I2C_MspInit)
    i.HAL_IncTick                            0x08001378   Section        0  stm32f1xx_hal.o(i.HAL_IncTick)
    i.HAL_Init                               0x08001388   Section        0  stm32f1xx_hal.o(i.HAL_Init)
    i.HAL_InitTick                           0x080013ac   Section        0  stm32f1xx_hal.o(i.HAL_InitTick)
    i.HAL_MspInit                            0x080013ec   Section        0  stm32f1xx_hal_msp.o(i.HAL_MspInit)
    i.HAL_NVIC_EnableIRQ                     0x08001428   Section        0  stm32f1xx_hal_cortex.o(i.HAL_NVIC_EnableIRQ)
    i.HAL_NVIC_SetPriority                   0x08001444   Section        0  stm32f1xx_hal_cortex.o(i.HAL_NVIC_SetPriority)
    i.HAL_NVIC_SetPriorityGrouping           0x08001484   Section        0  stm32f1xx_hal_cortex.o(i.HAL_NVIC_SetPriorityGrouping)
    i.HAL_PWR_EnableBkUpAccess               0x080014a8   Section        0  stm32f1xx_hal_pwr.o(i.HAL_PWR_EnableBkUpAccess)
    i.HAL_RCCEx_GetPeriphCLKFreq             0x080014b4   Section        0  stm32f1xx_hal_rcc_ex.o(i.HAL_RCCEx_GetPeriphCLKFreq)
    i.HAL_RCCEx_PeriphCLKConfig              0x08001558   Section        0  stm32f1xx_hal_rcc_ex.o(i.HAL_RCCEx_PeriphCLKConfig)
    i.HAL_RCC_ClockConfig                    0x08001644   Section        0  stm32f1xx_hal_rcc.o(i.HAL_RCC_ClockConfig)
    i.HAL_RCC_GetPCLK1Freq                   0x08001770   Section        0  stm32f1xx_hal_rcc.o(i.HAL_RCC_GetPCLK1Freq)
    i.HAL_RCC_GetPCLK2Freq                   0x08001790   Section        0  stm32f1xx_hal_rcc.o(i.HAL_RCC_GetPCLK2Freq)
    i.HAL_RCC_GetSysClockFreq                0x080017b0   Section        0  stm32f1xx_hal_rcc.o(i.HAL_RCC_GetSysClockFreq)
    i.HAL_RCC_OscConfig                      0x080017fc   Section        0  stm32f1xx_hal_rcc.o(i.HAL_RCC_OscConfig)
    i.HAL_RTCEx_BKUPRead                     0x08001b1c   Section        0  stm32f1xx_hal_rtc_ex.o(i.HAL_RTCEx_BKUPRead)
    i.HAL_RTCEx_BKUPWrite                    0x08001b2c   Section        0  stm32f1xx_hal_rtc_ex.o(i.HAL_RTCEx_BKUPWrite)
    i.HAL_RTC_Init                           0x08001b3c   Section        0  stm32f1xx_hal_rtc.o(i.HAL_RTC_Init)
    i.HAL_RTC_MspInit                        0x08001bd0   Section        0  rtc.o(i.HAL_RTC_MspInit)
    i.HAL_RTC_WaitForSynchro                 0x08001c04   Section        0  stm32f1xx_hal_rtc.o(i.HAL_RTC_WaitForSynchro)
    i.HAL_SYSTICK_Config                     0x08001c3e   Section        0  stm32f1xx_hal_cortex.o(i.HAL_SYSTICK_Config)
    i.HAL_UARTEx_ReceiveToIdle_DMA           0x08001c66   Section        0  stm32f1xx_hal_uart.o(i.HAL_UARTEx_ReceiveToIdle_DMA)
    i.HAL_UARTEx_RxEventCallback             0x08001cb0   Section        0  main.o(i.HAL_UARTEx_RxEventCallback)
    i.HAL_UART_ErrorCallback                 0x08001cf0   Section        0  main.o(i.HAL_UART_ErrorCallback)
    i.HAL_UART_IRQHandler                    0x08001d24   Section        0  stm32f1xx_hal_uart.o(i.HAL_UART_IRQHandler)
    i.HAL_UART_Init                          0x08001f90   Section        0  stm32f1xx_hal_uart.o(i.HAL_UART_Init)
    i.HAL_UART_MspInit                       0x08001ff4   Section        0  usart.o(i.HAL_UART_MspInit)
    i.HAL_UART_RxCpltCallback                0x08002180   Section        0  stm32f1xx_hal_uart.o(i.HAL_UART_RxCpltCallback)
    i.HAL_UART_RxHalfCpltCallback            0x08002182   Section        0  stm32f1xx_hal_uart.o(i.HAL_UART_RxHalfCpltCallback)
    i.HAL_UART_TxCpltCallback                0x08002184   Section        0  stm32f1xx_hal_uart.o(i.HAL_UART_TxCpltCallback)
    i.HardFault_Handler                      0x08002186   Section        0  stm32f1xx_it.o(i.HardFault_Handler)
    i.I2C_IsAcknowledgeFailed                0x08002188   Section        0  stm32f1xx_hal_i2c.o(i.I2C_IsAcknowledgeFailed)
    I2C_IsAcknowledgeFailed                  0x08002189   Thumb Code    46  stm32f1xx_hal_i2c.o(i.I2C_IsAcknowledgeFailed)
    i.I2C_MasterRequestWrite                 0x080021b8   Section        0  stm32f1xx_hal_i2c.o(i.I2C_MasterRequestWrite)
    I2C_MasterRequestWrite                   0x080021b9   Thumb Code   150  stm32f1xx_hal_i2c.o(i.I2C_MasterRequestWrite)
    i.I2C_WaitOnBTFFlagUntilTimeout          0x08002254   Section        0  stm32f1xx_hal_i2c.o(i.I2C_WaitOnBTFFlagUntilTimeout)
    I2C_WaitOnBTFFlagUntilTimeout            0x08002255   Thumb Code    86  stm32f1xx_hal_i2c.o(i.I2C_WaitOnBTFFlagUntilTimeout)
    i.I2C_WaitOnFlagUntilTimeout             0x080022ac   Section        0  stm32f1xx_hal_i2c.o(i.I2C_WaitOnFlagUntilTimeout)
    I2C_WaitOnFlagUntilTimeout               0x080022ad   Thumb Code   144  stm32f1xx_hal_i2c.o(i.I2C_WaitOnFlagUntilTimeout)
    i.I2C_WaitOnMasterAddressFlagUntilTimeout 0x0800233c   Section        0  stm32f1xx_hal_i2c.o(i.I2C_WaitOnMasterAddressFlagUntilTimeout)
    I2C_WaitOnMasterAddressFlagUntilTimeout  0x0800233d   Thumb Code   188  stm32f1xx_hal_i2c.o(i.I2C_WaitOnMasterAddressFlagUntilTimeout)
    i.I2C_WaitOnTXEFlagUntilTimeout          0x080023f8   Section        0  stm32f1xx_hal_i2c.o(i.I2C_WaitOnTXEFlagUntilTimeout)
    I2C_WaitOnTXEFlagUntilTimeout            0x080023f9   Thumb Code    86  stm32f1xx_hal_i2c.o(i.I2C_WaitOnTXEFlagUntilTimeout)
    i.KK_RTC_Init                            0x08002450   Section        0  myrtc.o(i.KK_RTC_Init)
    i.KK_RTC_SetTime                         0x08002498   Section        0  myrtc.o(i.KK_RTC_SetTime)
    i.MX_DMA_Init                            0x080024b0   Section        0  dma.o(i.MX_DMA_Init)
    i.MX_GPIO_Init                           0x0800250c   Section        0  gpio.o(i.MX_GPIO_Init)
    i.MX_I2C1_Init                           0x08002558   Section        0  i2c.o(i.MX_I2C1_Init)
    i.MX_RTC_Init                            0x08002598   Section        0  rtc.o(i.MX_RTC_Init)
    i.MX_USART1_UART_Init                    0x080025c8   Section        0  usart.o(i.MX_USART1_UART_Init)
    i.MX_USART2_UART_Init                    0x08002600   Section        0  usart.o(i.MX_USART2_UART_Init)
    i.MemManage_Handler                      0x08002638   Section        0  stm32f1xx_it.o(i.MemManage_Handler)
    i.NMI_Handler                            0x0800263a   Section        0  stm32f1xx_it.o(i.NMI_Handler)
    i.OLED_Init                              0x0800263c   Section        0  oled.o(i.OLED_Init)
    i.OLED_NewFrame                          0x080026f4   Section        0  oled.o(i.OLED_NewFrame)
    i.OLED_PrintASCIIChar                    0x08002704   Section        0  oled.o(i.OLED_PrintASCIIChar)
    i.OLED_PrintASCIIString                  0x08002724   Section        0  oled.o(i.OLED_PrintASCIIString)
    i.OLED_Send                              0x08002754   Section        0  oled.o(i.OLED_Send)
    i.OLED_SendCmd                           0x08002770   Section        0  oled.o(i.OLED_SendCmd)
    i.OLED_SetBits                           0x08002780   Section        0  oled.o(i.OLED_SetBits)
    i.OLED_SetBits_Fine                      0x080027c8   Section        0  oled.o(i.OLED_SetBits_Fine)
    i.OLED_SetBlock                          0x08002830   Section        0  oled.o(i.OLED_SetBlock)
    i.OLED_SetByte_Fine                      0x080028b8   Section        0  oled.o(i.OLED_SetByte_Fine)
    i.OLED_ShowFrame                         0x08002900   Section        0  oled.o(i.OLED_ShowFrame)
    i.PendSV_Handler                         0x08002948   Section        0  stm32f1xx_it.o(i.PendSV_Handler)
    i.RTC_EnterInitMode                      0x0800294a   Section        0  stm32f1xx_hal_rtc.o(i.RTC_EnterInitMode)
    RTC_EnterInitMode                        0x0800294b   Thumb Code    52  stm32f1xx_hal_rtc.o(i.RTC_EnterInitMode)
    i.RTC_ExitInitMode                       0x08002980   Section        0  stm32f1xx_hal_rtc.o(i.RTC_ExitInitMode)
    RTC_ExitInitMode                         0x08002981   Thumb Code    54  stm32f1xx_hal_rtc.o(i.RTC_ExitInitMode)
    i.RTC_GetTime                            0x080029b8   Section        0  myrtc.o(i.RTC_GetTime)
    i.RTC_GetWeek                            0x08002a9c   Section        0  myrtc.o(i.RTC_GetWeek)
    i.RTC_Get_Sec                            0x08002ae4   Section        0  myrtc.o(i.RTC_Get_Sec)
    i.RTC_Is_Leap_Year                       0x08002b0c   Section        0  myrtc.o(i.RTC_Is_Leap_Year)
    RTC_Is_Leap_Year                         0x08002b0d   Thumb Code    38  myrtc.o(i.RTC_Is_Leap_Year)
    i.RTC_WriteTimeCounter                   0x08002b34   Section        0  myrtc.o(i.RTC_WriteTimeCounter)
    RTC_WriteTimeCounter                     0x08002b35   Thumb Code   112  myrtc.o(i.RTC_WriteTimeCounter)
    i.SVC_Handler                            0x08002ba4   Section        0  stm32f1xx_it.o(i.SVC_Handler)
    i.SysTick_Handler                        0x08002ba6   Section        0  stm32f1xx_it.o(i.SysTick_Handler)
    i.SystemClock_Config                     0x08002baa   Section        0  main.o(i.SystemClock_Config)
    i.SystemInit                             0x08002c2a   Section        0  system_stm32f1xx.o(i.SystemInit)
    i.UART_DMAAbortOnError                   0x08002c2c   Section        0  stm32f1xx_hal_uart.o(i.UART_DMAAbortOnError)
    UART_DMAAbortOnError                     0x08002c2d   Thumb Code    16  stm32f1xx_hal_uart.o(i.UART_DMAAbortOnError)
    i.UART_DMAError                          0x08002c3c   Section        0  stm32f1xx_hal_uart.o(i.UART_DMAError)
    UART_DMAError                            0x08002c3d   Thumb Code    74  stm32f1xx_hal_uart.o(i.UART_DMAError)
    i.UART_DMAReceiveCplt                    0x08002c86   Section        0  stm32f1xx_hal_uart.o(i.UART_DMAReceiveCplt)
    UART_DMAReceiveCplt                      0x08002c87   Thumb Code   134  stm32f1xx_hal_uart.o(i.UART_DMAReceiveCplt)
    i.UART_DMARxHalfCplt                     0x08002d0c   Section        0  stm32f1xx_hal_uart.o(i.UART_DMARxHalfCplt)
    UART_DMARxHalfCplt                       0x08002d0d   Thumb Code    30  stm32f1xx_hal_uart.o(i.UART_DMARxHalfCplt)
    i.UART_EndRxTransfer                     0x08002d2a   Section        0  stm32f1xx_hal_uart.o(i.UART_EndRxTransfer)
    UART_EndRxTransfer                       0x08002d2b   Thumb Code    78  stm32f1xx_hal_uart.o(i.UART_EndRxTransfer)
    i.UART_EndTxTransfer                     0x08002d78   Section        0  stm32f1xx_hal_uart.o(i.UART_EndTxTransfer)
    UART_EndTxTransfer                       0x08002d79   Thumb Code    28  stm32f1xx_hal_uart.o(i.UART_EndTxTransfer)
    i.UART_Receive_IT                        0x08002d94   Section        0  stm32f1xx_hal_uart.o(i.UART_Receive_IT)
    UART_Receive_IT                          0x08002d95   Thumb Code   194  stm32f1xx_hal_uart.o(i.UART_Receive_IT)
    i.UART_SetConfig                         0x08002e58   Section        0  stm32f1xx_hal_uart.o(i.UART_SetConfig)
    UART_SetConfig                           0x08002e59   Thumb Code   178  stm32f1xx_hal_uart.o(i.UART_SetConfig)
    i.UART_Start_Receive_DMA                 0x08002f10   Section        0  stm32f1xx_hal_uart.o(i.UART_Start_Receive_DMA)
    i.USART1_IRQHandler                      0x08002fa0   Section        0  stm32f1xx_it.o(i.USART1_IRQHandler)
    i.USART2_IRQHandler                      0x08002fac   Section        0  stm32f1xx_it.o(i.USART2_IRQHandler)
    i.UsageFault_Handler                     0x08002fb8   Section        0  stm32f1xx_it.o(i.UsageFault_Handler)
    i.__NVIC_SetPriority                     0x08002fba   Section        0  stm32f1xx_hal_cortex.o(i.__NVIC_SetPriority)
    __NVIC_SetPriority                       0x08002fbb   Thumb Code    32  stm32f1xx_hal_cortex.o(i.__NVIC_SetPriority)
    i._is_digit                              0x08002fda   Section        0  __printf_wp.o(i._is_digit)
    i.main                                   0x08002fe8   Section        0  main.o(i.main)
    i.parseWeatherData                       0x08003144   Section        0  main.o(i.parseWeatherData)
    locale$$code                             0x08003264   Section       44  lc_ctype_c.o(locale$$code)
    .constdata                               0x08003290   Section      552  font.o(.constdata)
    .constdata                               0x080034b8   Section        8  font.o(.constdata)
    .constdata                               0x080034c0   Section     1520  font.o(.constdata)
    .constdata                               0x08003ab0   Section        8  font.o(.constdata)
    .constdata                               0x08003ab8   Section       44  myrtc.o(.constdata)
    .constdata                               0x08003ae4   Section       18  stm32f1xx_hal_rcc.o(.constdata)
    aPredivFactorTable                       0x08003ae4   Data           2  stm32f1xx_hal_rcc.o(.constdata)
    aPLLMULFactorTable                       0x08003ae6   Data          16  stm32f1xx_hal_rcc.o(.constdata)
    .constdata                               0x08003af6   Section       18  stm32f1xx_hal_rcc_ex.o(.constdata)
    aPredivFactorTable                       0x08003af6   Data           2  stm32f1xx_hal_rcc_ex.o(.constdata)
    aPLLMULFactorTable                       0x08003af8   Data          16  stm32f1xx_hal_rcc_ex.o(.constdata)
    .constdata                               0x08003b08   Section       16  system_stm32f1xx.o(.constdata)
    .constdata                               0x08003b18   Section        8  system_stm32f1xx.o(.constdata)
    .constdata                               0x08003b20   Section       17  __printf_flags_wp.o(.constdata)
    maptable                                 0x08003b20   Data          17  __printf_flags_wp.o(.constdata)
    .constdata                               0x08003b31   Section       12  _monlen.o(.constdata)
    locale$$data                             0x08003b60   Section      272  lc_ctype_c.o(locale$$data)
    __lcctype_c_name                         0x08003b64   Data           2  lc_ctype_c.o(locale$$data)
    __lcctype_c_start                        0x08003b6c   Data           0  lc_ctype_c.o(locale$$data)
    __lcctype_c_end                          0x08003c70   Data           0  lc_ctype_c.o(locale$$data)
    .data                                    0x20000000   Section       12  main.o(.data)
    .data                                    0x2000000c   Section        2  myrtc.o(.data)
    daycnt                                   0x2000000c   Data           2  myrtc.o(.data)
    .data                                    0x2000000e   Section        4  oled.o(.data)
    temp                                     0x2000000e   Data           1  oled.o(.data)
    temp                                     0x2000000f   Data           1  oled.o(.data)
    sendBuffer                               0x20000010   Data           2  oled.o(.data)
    .data                                    0x20000014   Section       12  stm32f1xx_hal.o(.data)
    .data                                    0x20000020   Section        4  system_stm32f1xx.o(.data)
    .bss                                     0x20000024   Section       90  main.o(.bss)
    .bss                                     0x20000080   Section       84  i2c.o(.bss)
    .bss                                     0x200000d4   Section       20  rtc.o(.bss)
    .bss                                     0x200000e8   Section      416  usart.o(.bss)
    .bss                                     0x20000288   Section     1153  oled.o(.bss)
    sendBuffer                               0x20000288   Data         129  oled.o(.bss)
    .bss                                     0x2000070c   Section       96  libspace.o(.bss)
    HEAP                                     0x20000770   Section      512  startup_stm32f103x6.o(HEAP)
    Heap_Mem                                 0x20000770   Data         512  startup_stm32f103x6.o(HEAP)
    STACK                                    0x20000970   Section     1024  startup_stm32f103x6.o(STACK)
    Stack_Mem                                0x20000970   Data        1024  startup_stm32f103x6.o(STACK)
    __initial_sp                             0x20000d70   Data           0  startup_stm32f103x6.o(STACK)

    Global Symbols

    Symbol Name                              Value     Ov Type        Size  Object(Section)

    BuildAttributes$$THM_ISAv4$P$D$K$B$S$PE$A:L22UL41UL21$X:L11$S22US41US21$IEEE1$IW$USESV6$~STKCKD$USESV7$~SHL$OSPACE$ROPI$EBA8$UX$STANDARDLIB$REQ8$PRES8$EABIv2 0x00000000   Number         0  anon$$obj.o ABSOLUTE
    __ARM_use_no_argv                        0x00000000   Number         0  main.o ABSOLUTE
    _printf_flags                            0x00000000   Number         0  printf_stubs.o ABSOLUTE
    _printf_return_value                     0x00000000   Number         0  printf_stubs.o ABSOLUTE
    _printf_sizespec                         0x00000000   Number         0  printf_stubs.o ABSOLUTE
    _printf_widthprec                        0x00000000   Number         0  printf_stubs.o ABSOLUTE
    __ARM_exceptions_init                     - Undefined Weak Reference
    __alloca_initialize                       - Undefined Weak Reference
    __arm_preinit_                            - Undefined Weak Reference
    __cpp_initialize__aeabi_                  - Undefined Weak Reference
    __cxa_finalize                            - Undefined Weak Reference
    __sigvec_lookup                           - Undefined Weak Reference
    _atexit_init                              - Undefined Weak Reference
    _call_atexit_fns                          - Undefined Weak Reference
    _clock_init                               - Undefined Weak Reference
    _fp_trap_init                             - Undefined Weak Reference
    _fp_trap_shutdown                         - Undefined Weak Reference
    _get_lc_collate                           - Undefined Weak Reference
    _get_lc_monetary                          - Undefined Weak Reference
    _get_lc_numeric                           - Undefined Weak Reference
    _get_lc_time                              - Undefined Weak Reference
    _getenv_init                              - Undefined Weak Reference
    _handle_redirection                       - Undefined Weak Reference
    _init_alloc                               - Undefined Weak Reference
    _init_user_alloc                          - Undefined Weak Reference
    _initio                                   - Undefined Weak Reference
    _printf_truncate_signed                   - Undefined Weak Reference
    _printf_truncate_unsigned                 - Undefined Weak Reference
    _rand_init                                - Undefined Weak Reference
    _signal_finish                            - Undefined Weak Reference
    _signal_init                              - Undefined Weak Reference
    _terminate_alloc                          - Undefined Weak Reference
    _terminate_user_alloc                     - Undefined Weak Reference
    _terminateio                              - Undefined Weak Reference
    __Vectors_Size                           0x000000ec   Number         0  startup_stm32f103x6.o ABSOLUTE
    __Vectors                                0x08000000   Data           4  startup_stm32f103x6.o(RESET)
    __Vectors_End                            0x080000ec   Data           0  startup_stm32f103x6.o(RESET)
    __main                                   0x080000ed   Thumb Code     8  __main.o(!!!main)
    __scatterload                            0x080000f5   Thumb Code     0  __scatter.o(!!!scatter)
    __scatterload_rt2                        0x080000f5   Thumb Code    44  __scatter.o(!!!scatter)
    __scatterload_rt2_thumb_only             0x080000f5   Thumb Code     0  __scatter.o(!!!scatter)
    __scatterload_null                       0x08000103   Thumb Code     0  __scatter.o(!!!scatter)
    __scatterload_copy                       0x08000129   Thumb Code    26  __scatter_copy.o(!!handler_copy)
    __scatterload_zeroinit                   0x08000145   Thumb Code    28  __scatter_zi.o(!!handler_zi)
    _printf_d                                0x08000161   Thumb Code     0  _printf_d.o(.ARM.Collect$$_printf_percent$$00000009)
    _printf_percent                          0x08000161   Thumb Code     0  _printf_percent.o(.ARM.Collect$$_printf_percent$$00000000)
    _printf_percent_end                      0x08000167   Thumb Code     0  _printf_percent_end.o(.ARM.Collect$$_printf_percent$$00000017)
    __rt_lib_init                            0x0800016b   Thumb Code     0  libinit.o(.ARM.Collect$$libinit$$00000000)
    __rt_lib_init_fp_1                       0x0800016d   Thumb Code     0  libinit2.o(.ARM.Collect$$libinit$$00000002)
    __rt_lib_init_heap_1                     0x0800016d   Thumb Code     0  libinit2.o(.ARM.Collect$$libinit$$0000000A)
    __rt_lib_init_lc_common                  0x0800016d   Thumb Code     0  libinit2.o(.ARM.Collect$$libinit$$0000000F)
    __rt_lib_init_preinit_1                  0x0800016d   Thumb Code     0  libinit2.o(.ARM.Collect$$libinit$$00000004)
    __rt_lib_init_rand_1                     0x0800016d   Thumb Code     0  libinit2.o(.ARM.Collect$$libinit$$0000000E)
    __rt_lib_init_user_alloc_1               0x0800016d   Thumb Code     0  libinit2.o(.ARM.Collect$$libinit$$0000000C)
    __rt_lib_init_lc_collate_1               0x08000173   Thumb Code     0  libinit2.o(.ARM.Collect$$libinit$$00000011)
    __rt_lib_init_lc_ctype_2                 0x08000173   Thumb Code     0  libinit2.o(.ARM.Collect$$libinit$$00000012)
    __rt_lib_init_alloca_1                   0x0800017f   Thumb Code     0  libinit2.o(.ARM.Collect$$libinit$$0000002E)
    __rt_lib_init_argv_1                     0x0800017f   Thumb Code     0  libinit2.o(.ARM.Collect$$libinit$$0000002C)
    __rt_lib_init_atexit_1                   0x0800017f   Thumb Code     0  libinit2.o(.ARM.Collect$$libinit$$0000001B)
    __rt_lib_init_clock_1                    0x0800017f   Thumb Code     0  libinit2.o(.ARM.Collect$$libinit$$00000021)
    __rt_lib_init_cpp_1                      0x0800017f   Thumb Code     0  libinit2.o(.ARM.Collect$$libinit$$00000032)
    __rt_lib_init_exceptions_1               0x0800017f   Thumb Code     0  libinit2.o(.ARM.Collect$$libinit$$00000030)
    __rt_lib_init_fp_trap_1                  0x0800017f   Thumb Code     0  libinit2.o(.ARM.Collect$$libinit$$0000001F)
    __rt_lib_init_getenv_1                   0x0800017f   Thumb Code     0  libinit2.o(.ARM.Collect$$libinit$$00000023)
    __rt_lib_init_lc_ctype_1                 0x0800017f   Thumb Code     0  libinit2.o(.ARM.Collect$$libinit$$00000013)
    __rt_lib_init_lc_monetary_1              0x0800017f   Thumb Code     0  libinit2.o(.ARM.Collect$$libinit$$00000015)
    __rt_lib_init_lc_numeric_1               0x0800017f   Thumb Code     0  libinit2.o(.ARM.Collect$$libinit$$00000017)
    __rt_lib_init_lc_time_1                  0x0800017f   Thumb Code     0  libinit2.o(.ARM.Collect$$libinit$$00000019)
    __rt_lib_init_return                     0x0800017f   Thumb Code     0  libinit2.o(.ARM.Collect$$libinit$$00000033)
    __rt_lib_init_signal_1                   0x0800017f   Thumb Code     0  libinit2.o(.ARM.Collect$$libinit$$0000001D)
    __rt_lib_init_stdio_1                    0x0800017f   Thumb Code     0  libinit2.o(.ARM.Collect$$libinit$$00000025)
    __rt_lib_shutdown                        0x08000181   Thumb Code     0  libshutdown.o(.ARM.Collect$$libshutdown$$00000000)
    __rt_lib_shutdown_cpp_1                  0x08000183   Thumb Code     0  libshutdown2.o(.ARM.Collect$$libshutdown$$00000002)
    __rt_lib_shutdown_fp_trap_1              0x08000183   Thumb Code     0  libshutdown2.o(.ARM.Collect$$libshutdown$$00000007)
    __rt_lib_shutdown_heap_1                 0x08000183   Thumb Code     0  libshutdown2.o(.ARM.Collect$$libshutdown$$0000000F)
    __rt_lib_shutdown_return                 0x08000183   Thumb Code     0  libshutdown2.o(.ARM.Collect$$libshutdown$$00000010)
    __rt_lib_shutdown_signal_1               0x08000183   Thumb Code     0  libshutdown2.o(.ARM.Collect$$libshutdown$$0000000A)
    __rt_lib_shutdown_stdio_1                0x08000183   Thumb Code     0  libshutdown2.o(.ARM.Collect$$libshutdown$$00000004)
    __rt_lib_shutdown_user_alloc_1           0x08000183   Thumb Code     0  libshutdown2.o(.ARM.Collect$$libshutdown$$0000000C)
    __rt_entry                               0x08000185   Thumb Code     0  __rtentry.o(.ARM.Collect$$rtentry$$00000000)
    __rt_entry_presh_1                       0x08000185   Thumb Code     0  __rtentry2.o(.ARM.Collect$$rtentry$$00000002)
    __rt_entry_sh                            0x08000185   Thumb Code     0  __rtentry4.o(.ARM.Collect$$rtentry$$00000004)
    __rt_entry_li                            0x0800018b   Thumb Code     0  __rtentry2.o(.ARM.Collect$$rtentry$$0000000A)
    __rt_entry_postsh_1                      0x0800018b   Thumb Code     0  __rtentry2.o(.ARM.Collect$$rtentry$$00000009)
    __rt_entry_main                          0x0800018f   Thumb Code     0  __rtentry2.o(.ARM.Collect$$rtentry$$0000000D)
    __rt_entry_postli_1                      0x0800018f   Thumb Code     0  __rtentry2.o(.ARM.Collect$$rtentry$$0000000C)
    __rt_exit                                0x08000197   Thumb Code     0  rtexit.o(.ARM.Collect$$rtexit$$00000000)
    __rt_exit_ls                             0x08000199   Thumb Code     0  rtexit2.o(.ARM.Collect$$rtexit$$00000003)
    __rt_exit_prels_1                        0x08000199   Thumb Code     0  rtexit2.o(.ARM.Collect$$rtexit$$00000002)
    __rt_exit_exit                           0x0800019d   Thumb Code     0  rtexit2.o(.ARM.Collect$$rtexit$$00000004)
    Reset_Handler                            0x080001a5   Thumb Code     8  startup_stm32f103x6.o(.text)
    ADC1_2_IRQHandler                        0x080001bf   Thumb Code     0  startup_stm32f103x6.o(.text)
    CAN1_RX1_IRQHandler                      0x080001bf   Thumb Code     0  startup_stm32f103x6.o(.text)
    CAN1_SCE_IRQHandler                      0x080001bf   Thumb Code     0  startup_stm32f103x6.o(.text)
    DMA1_Channel1_IRQHandler                 0x080001bf   Thumb Code     0  startup_stm32f103x6.o(.text)
    DMA1_Channel2_IRQHandler                 0x080001bf   Thumb Code     0  startup_stm32f103x6.o(.text)
    DMA1_Channel3_IRQHandler                 0x080001bf   Thumb Code     0  startup_stm32f103x6.o(.text)
    EXTI0_IRQHandler                         0x080001bf   Thumb Code     0  startup_stm32f103x6.o(.text)
    EXTI15_10_IRQHandler                     0x080001bf   Thumb Code     0  startup_stm32f103x6.o(.text)
    EXTI1_IRQHandler                         0x080001bf   Thumb Code     0  startup_stm32f103x6.o(.text)
    EXTI2_IRQHandler                         0x080001bf   Thumb Code     0  startup_stm32f103x6.o(.text)
    EXTI3_IRQHandler                         0x080001bf   Thumb Code     0  startup_stm32f103x6.o(.text)
    EXTI4_IRQHandler                         0x080001bf   Thumb Code     0  startup_stm32f103x6.o(.text)
    EXTI9_5_IRQHandler                       0x080001bf   Thumb Code     0  startup_stm32f103x6.o(.text)
    FLASH_IRQHandler                         0x080001bf   Thumb Code     0  startup_stm32f103x6.o(.text)
    I2C1_ER_IRQHandler                       0x080001bf   Thumb Code     0  startup_stm32f103x6.o(.text)
    I2C1_EV_IRQHandler                       0x080001bf   Thumb Code     0  startup_stm32f103x6.o(.text)
    PVD_IRQHandler                           0x080001bf   Thumb Code     0  startup_stm32f103x6.o(.text)
    RCC_IRQHandler                           0x080001bf   Thumb Code     0  startup_stm32f103x6.o(.text)
    RTC_Alarm_IRQHandler                     0x080001bf   Thumb Code     0  startup_stm32f103x6.o(.text)
    RTC_IRQHandler                           0x080001bf   Thumb Code     0  startup_stm32f103x6.o(.text)
    SPI1_IRQHandler                          0x080001bf   Thumb Code     0  startup_stm32f103x6.o(.text)
    TAMPER_IRQHandler                        0x080001bf   Thumb Code     0  startup_stm32f103x6.o(.text)
    TIM1_BRK_IRQHandler                      0x080001bf   Thumb Code     0  startup_stm32f103x6.o(.text)
    TIM1_CC_IRQHandler                       0x080001bf   Thumb Code     0  startup_stm32f103x6.o(.text)
    TIM1_TRG_COM_IRQHandler                  0x080001bf   Thumb Code     0  startup_stm32f103x6.o(.text)
    TIM1_UP_IRQHandler                       0x080001bf   Thumb Code     0  startup_stm32f103x6.o(.text)
    TIM2_IRQHandler                          0x080001bf   Thumb Code     0  startup_stm32f103x6.o(.text)
    TIM3_IRQHandler                          0x080001bf   Thumb Code     0  startup_stm32f103x6.o(.text)
    USBWakeUp_IRQHandler                     0x080001bf   Thumb Code     0  startup_stm32f103x6.o(.text)
    USB_HP_CAN1_TX_IRQHandler                0x080001bf   Thumb Code     0  startup_stm32f103x6.o(.text)
    USB_LP_CAN1_RX0_IRQHandler               0x080001bf   Thumb Code     0  startup_stm32f103x6.o(.text)
    WWDG_IRQHandler                          0x080001bf   Thumb Code     0  startup_stm32f103x6.o(.text)
    __user_initial_stackheap                 0x080001c1   Thumb Code     0  startup_stm32f103x6.o(.text)
    __rt_ctype_table                         0x080001e5   Thumb Code    16  rt_ctype_table.o(.text)
    __2sprintf                               0x080001f5   Thumb Code    34  noretval__2sprintf.o(.text)
    _printf_pre_padding                      0x0800021d   Thumb Code    44  _printf_pad.o(.text)
    _printf_post_padding                     0x08000249   Thumb Code    34  _printf_pad.o(.text)
    _printf_int_dec                          0x0800026d   Thumb Code   104  _printf_dec.o(.text)
    __printf                                 0x080002e5   Thumb Code   308  __printf_flags_wp.o(.text)
    atoi                                     0x0800041d   Thumb Code    26  atoi.o(.text)
    strchr                                   0x08000437   Thumb Code    20  strchr.o(.text)
    strstr                                   0x0800044b   Thumb Code    36  strstr.o(.text)
    __aeabi_memcpy                           0x0800046f   Thumb Code     0  rt_memcpy_v6.o(.text)
    __rt_memcpy                              0x0800046f   Thumb Code   138  rt_memcpy_v6.o(.text)
    _memcpy_lastbytes                        0x080004d5   Thumb Code     0  rt_memcpy_v6.o(.text)
    __aeabi_memcpy4                          0x080004f9   Thumb Code     0  rt_memcpy_w.o(.text)
    __aeabi_memcpy8                          0x080004f9   Thumb Code     0  rt_memcpy_w.o(.text)
    __rt_memcpy_w                            0x080004f9   Thumb Code   100  rt_memcpy_w.o(.text)
    _memcpy_lastbytes_aligned                0x08000541   Thumb Code     0  rt_memcpy_w.o(.text)
    __aeabi_memclr                           0x0800055d   Thumb Code     0  rt_memclr.o(.text)
    __rt_memclr                              0x0800055d   Thumb Code    68  rt_memclr.o(.text)
    _memset                                  0x08000561   Thumb Code     0  rt_memclr.o(.text)
    __aeabi_memclr4                          0x080005a1   Thumb Code     0  rt_memclr_w.o(.text)
    __aeabi_memclr8                          0x080005a1   Thumb Code     0  rt_memclr_w.o(.text)
    __rt_memclr_w                            0x080005a1   Thumb Code    78  rt_memclr_w.o(.text)
    _memset_w                                0x080005a5   Thumb Code     0  rt_memclr_w.o(.text)
    strncpy                                  0x080005ef   Thumb Code    86  strncpy.o(.text)
    mktime                                   0x08000683   Thumb Code   356  mktime.o(.text)
    __use_two_region_memory                  0x080007f1   Thumb Code     2  heapauxi.o(.text)
    __rt_heap_escrow$2region                 0x080007f3   Thumb Code     2  heapauxi.o(.text)
    __rt_heap_expand$2region                 0x080007f5   Thumb Code     2  heapauxi.o(.text)
    __rt_locale                              0x080007f9   Thumb Code     8  rt_locale_intlibspace.o(.text)
    __aeabi_errno_addr                       0x08000801   Thumb Code     8  rt_errno_addr_intlibspace.o(.text)
    __errno$intlibspace                      0x08000801   Thumb Code     0  rt_errno_addr_intlibspace.o(.text)
    __rt_errno_addr$intlibspace              0x08000801   Thumb Code     0  rt_errno_addr_intlibspace.o(.text)
    _printf_int_common                       0x08000809   Thumb Code   178  _printf_intcommon.o(.text)
    _printf_char_common                      0x080008c7   Thumb Code    32  _printf_char_common.o(.text)
    _sputc                                   0x080008ed   Thumb Code    10  _sputc.o(.text)
    strtol                                   0x080008f7   Thumb Code   112  strtol.o(.text)
    __user_libspace                          0x08000969   Thumb Code     8  libspace.o(.text)
    __user_perproc_libspace                  0x08000969   Thumb Code     0  libspace.o(.text)
    __user_perthread_libspace                0x08000969   Thumb Code     0  libspace.o(.text)
    _strtoul                                 0x08000971   Thumb Code   158  _strtoul.o(.text)
    strcmp                                   0x08000a11   Thumb Code   128  strcmpv7m.o(.text)
    __user_setup_stackheap                   0x08000a91   Thumb Code    74  sys_stackheap_outer.o(.text)
    _chval                                   0x08000adb   Thumb Code    28  _chval.o(.text)
    exit                                     0x08000af7   Thumb Code    18  exit.o(.text)
    _sys_exit                                0x08000b09   Thumb Code     8  sys_exit.o(.text)
    __I$use$semihosting                      0x08000b15   Thumb Code     0  use_no_semi.o(.text)
    __use_no_semihosting_swi                 0x08000b15   Thumb Code     2  use_no_semi.o(.text)
    BusFault_Handler                         0x08000b17   Thumb Code     2  stm32f1xx_it.o(i.BusFault_Handler)
    __semihosting_library_function           0x08000b17   Thumb Code     0  indicate_semi.o(.text)
    DMA1_Channel4_IRQHandler                 0x08000b19   Thumb Code     6  stm32f1xx_it.o(i.DMA1_Channel4_IRQHandler)
    DMA1_Channel5_IRQHandler                 0x08000b25   Thumb Code     6  stm32f1xx_it.o(i.DMA1_Channel5_IRQHandler)
    DMA1_Channel6_IRQHandler                 0x08000b31   Thumb Code     6  stm32f1xx_it.o(i.DMA1_Channel6_IRQHandler)
    DMA1_Channel7_IRQHandler                 0x08000b3d   Thumb Code     6  stm32f1xx_it.o(i.DMA1_Channel7_IRQHandler)
    DebugMon_Handler                         0x08000b73   Thumb Code     2  stm32f1xx_it.o(i.DebugMon_Handler)
    Error_Handler                            0x08000b75   Thumb Code     4  main.o(i.Error_Handler)
    HAL_DMA_Abort                            0x08000b79   Thumb Code    70  stm32f1xx_hal_dma.o(i.HAL_DMA_Abort)
    HAL_DMA_Abort_IT                         0x08000bc1   Thumb Code   148  stm32f1xx_hal_dma.o(i.HAL_DMA_Abort_IT)
    HAL_DMA_IRQHandler                       0x08000c59   Thumb Code   316  stm32f1xx_hal_dma.o(i.HAL_DMA_IRQHandler)
    HAL_DMA_Init                             0x08000dad   Thumb Code    84  stm32f1xx_hal_dma.o(i.HAL_DMA_Init)
    HAL_DMA_Start_IT                         0x08000e09   Thumb Code   112  stm32f1xx_hal_dma.o(i.HAL_DMA_Start_IT)
    HAL_Delay                                0x08000e79   Thumb Code    32  stm32f1xx_hal.o(i.HAL_Delay)
    HAL_GPIO_Init                            0x08000e9d   Thumb Code   418  stm32f1xx_hal_gpio.o(i.HAL_GPIO_Init)
    HAL_GetTick                              0x0800105d   Thumb Code     6  stm32f1xx_hal.o(i.HAL_GetTick)
    HAL_I2C_Init                             0x08001069   Thumb Code   376  stm32f1xx_hal_i2c.o(i.HAL_I2C_Init)
    HAL_I2C_Master_Transmit                  0x080011f1   Thumb Code   290  stm32f1xx_hal_i2c.o(i.HAL_I2C_Master_Transmit)
    HAL_I2C_MspInit                          0x0800131d   Thumb Code    80  i2c.o(i.HAL_I2C_MspInit)
    HAL_IncTick                              0x08001379   Thumb Code    12  stm32f1xx_hal.o(i.HAL_IncTick)
    HAL_Init                                 0x08001389   Thumb Code    32  stm32f1xx_hal.o(i.HAL_Init)
    HAL_InitTick                             0x080013ad   Thumb Code    54  stm32f1xx_hal.o(i.HAL_InitTick)
    HAL_MspInit                              0x080013ed   Thumb Code    52  stm32f1xx_hal_msp.o(i.HAL_MspInit)
    HAL_NVIC_EnableIRQ                       0x08001429   Thumb Code    26  stm32f1xx_hal_cortex.o(i.HAL_NVIC_EnableIRQ)
    HAL_NVIC_SetPriority                     0x08001445   Thumb Code    60  stm32f1xx_hal_cortex.o(i.HAL_NVIC_SetPriority)
    HAL_NVIC_SetPriorityGrouping             0x08001485   Thumb Code    26  stm32f1xx_hal_cortex.o(i.HAL_NVIC_SetPriorityGrouping)
    HAL_PWR_EnableBkUpAccess                 0x080014a9   Thumb Code     8  stm32f1xx_hal_pwr.o(i.HAL_PWR_EnableBkUpAccess)
    HAL_RCCEx_GetPeriphCLKFreq               0x080014b5   Thumb Code   148  stm32f1xx_hal_rcc_ex.o(i.HAL_RCCEx_GetPeriphCLKFreq)
    HAL_RCCEx_PeriphCLKConfig                0x08001559   Thumb Code   224  stm32f1xx_hal_rcc_ex.o(i.HAL_RCCEx_PeriphCLKConfig)
    HAL_RCC_ClockConfig                      0x08001645   Thumb Code   280  stm32f1xx_hal_rcc.o(i.HAL_RCC_ClockConfig)
    HAL_RCC_GetPCLK1Freq                     0x08001771   Thumb Code    20  stm32f1xx_hal_rcc.o(i.HAL_RCC_GetPCLK1Freq)
    HAL_RCC_GetPCLK2Freq                     0x08001791   Thumb Code    20  stm32f1xx_hal_rcc.o(i.HAL_RCC_GetPCLK2Freq)
    HAL_RCC_GetSysClockFreq                  0x080017b1   Thumb Code    58  stm32f1xx_hal_rcc.o(i.HAL_RCC_GetSysClockFreq)
    HAL_RCC_OscConfig                        0x080017fd   Thumb Code   778  stm32f1xx_hal_rcc.o(i.HAL_RCC_OscConfig)
    HAL_RTCEx_BKUPRead                       0x08001b1d   Thumb Code    10  stm32f1xx_hal_rtc_ex.o(i.HAL_RTCEx_BKUPRead)
    HAL_RTCEx_BKUPWrite                      0x08001b2d   Thumb Code    12  stm32f1xx_hal_rtc_ex.o(i.HAL_RTCEx_BKUPWrite)
    HAL_RTC_Init                             0x08001b3d   Thumb Code   144  stm32f1xx_hal_rtc.o(i.HAL_RTC_Init)
    HAL_RTC_MspInit                          0x08001bd1   Thumb Code    40  rtc.o(i.HAL_RTC_MspInit)
    HAL_RTC_WaitForSynchro                   0x08001c05   Thumb Code    58  stm32f1xx_hal_rtc.o(i.HAL_RTC_WaitForSynchro)
    HAL_SYSTICK_Config                       0x08001c3f   Thumb Code    40  stm32f1xx_hal_cortex.o(i.HAL_SYSTICK_Config)
    HAL_UARTEx_ReceiveToIdle_DMA             0x08001c67   Thumb Code    74  stm32f1xx_hal_uart.o(i.HAL_UARTEx_ReceiveToIdle_DMA)
    HAL_UARTEx_RxEventCallback               0x08001cb1   Thumb Code    42  main.o(i.HAL_UARTEx_RxEventCallback)
    HAL_UART_ErrorCallback                   0x08001cf1   Thumb Code    34  main.o(i.HAL_UART_ErrorCallback)
    HAL_UART_IRQHandler                      0x08001d25   Thumb Code   616  stm32f1xx_hal_uart.o(i.HAL_UART_IRQHandler)
    HAL_UART_Init                            0x08001f91   Thumb Code   100  stm32f1xx_hal_uart.o(i.HAL_UART_Init)
    HAL_UART_MspInit                         0x08001ff5   Thumb Code   370  usart.o(i.HAL_UART_MspInit)
    HAL_UART_RxCpltCallback                  0x08002181   Thumb Code     2  stm32f1xx_hal_uart.o(i.HAL_UART_RxCpltCallback)
    HAL_UART_RxHalfCpltCallback              0x08002183   Thumb Code     2  stm32f1xx_hal_uart.o(i.HAL_UART_RxHalfCpltCallback)
    HAL_UART_TxCpltCallback                  0x08002185   Thumb Code     2  stm32f1xx_hal_uart.o(i.HAL_UART_TxCpltCallback)
    HardFault_Handler                        0x08002187   Thumb Code     2  stm32f1xx_it.o(i.HardFault_Handler)
    KK_RTC_Init                              0x08002451   Thumb Code    62  myrtc.o(i.KK_RTC_Init)
    KK_RTC_SetTime                           0x08002499   Thumb Code    18  myrtc.o(i.KK_RTC_SetTime)
    MX_DMA_Init                              0x080024b1   Thumb Code    88  dma.o(i.MX_DMA_Init)
    MX_GPIO_Init                             0x0800250d   Thumb Code    70  gpio.o(i.MX_GPIO_Init)
    MX_I2C1_Init                             0x08002559   Thumb Code    50  i2c.o(i.MX_I2C1_Init)
    MX_RTC_Init                              0x08002599   Thumb Code    38  rtc.o(i.MX_RTC_Init)
    MX_USART1_UART_Init                      0x080025c9   Thumb Code    48  usart.o(i.MX_USART1_UART_Init)
    MX_USART2_UART_Init                      0x08002601   Thumb Code    48  usart.o(i.MX_USART2_UART_Init)
    MemManage_Handler                        0x08002639   Thumb Code     2  stm32f1xx_it.o(i.MemManage_Handler)
    NMI_Handler                              0x0800263b   Thumb Code     2  stm32f1xx_it.o(i.NMI_Handler)
    OLED_Init                                0x0800263d   Thumb Code   182  oled.o(i.OLED_Init)
    OLED_NewFrame                            0x080026f5   Thumb Code    10  oled.o(i.OLED_NewFrame)
    OLED_PrintASCIIChar                      0x08002705   Thumb Code    32  oled.o(i.OLED_PrintASCIIChar)
    OLED_PrintASCIIString                    0x08002725   Thumb Code    46  oled.o(i.OLED_PrintASCIIString)
    OLED_Send                                0x08002755   Thumb Code    22  oled.o(i.OLED_Send)
    OLED_SendCmd                             0x08002771   Thumb Code    12  oled.o(i.OLED_SendCmd)
    OLED_SetBits                             0x08002781   Thumb Code    72  oled.o(i.OLED_SetBits)
    OLED_SetBits_Fine                        0x080027c9   Thumb Code   104  oled.o(i.OLED_SetBits_Fine)
    OLED_SetBlock                            0x08002831   Thumb Code   136  oled.o(i.OLED_SetBlock)
    OLED_SetByte_Fine                        0x080028b9   Thumb Code    64  oled.o(i.OLED_SetByte_Fine)
    OLED_ShowFrame                           0x08002901   Thumb Code    68  oled.o(i.OLED_ShowFrame)
    PendSV_Handler                           0x08002949   Thumb Code     2  stm32f1xx_it.o(i.PendSV_Handler)
    RTC_GetTime                              0x080029b9   Thumb Code   206  myrtc.o(i.RTC_GetTime)
    RTC_GetWeek                              0x08002a9d   Thumb Code    72  myrtc.o(i.RTC_GetWeek)
    RTC_Get_Sec                              0x08002ae5   Thumb Code    34  myrtc.o(i.RTC_Get_Sec)
    SVC_Handler                              0x08002ba5   Thumb Code     2  stm32f1xx_it.o(i.SVC_Handler)
    SysTick_Handler                          0x08002ba7   Thumb Code     4  stm32f1xx_it.o(i.SysTick_Handler)
    SystemClock_Config                       0x08002bab   Thumb Code   128  main.o(i.SystemClock_Config)
    SystemInit                               0x08002c2b   Thumb Code     2  system_stm32f1xx.o(i.SystemInit)
    UART_Start_Receive_DMA                   0x08002f11   Thumb Code   130  stm32f1xx_hal_uart.o(i.UART_Start_Receive_DMA)
    USART1_IRQHandler                        0x08002fa1   Thumb Code     6  stm32f1xx_it.o(i.USART1_IRQHandler)
    USART2_IRQHandler                        0x08002fad   Thumb Code     6  stm32f1xx_it.o(i.USART2_IRQHandler)
    UsageFault_Handler                       0x08002fb9   Thumb Code     2  stm32f1xx_it.o(i.UsageFault_Handler)
    _is_digit                                0x08002fdb   Thumb Code    14  __printf_wp.o(i._is_digit)
    main                                     0x08002fe9   Thumb Code   254  main.o(i.main)
    parseWeatherData                         0x08003145   Thumb Code   258  main.o(i.parseWeatherData)
    _get_lc_ctype                            0x08003265   Thumb Code    44  lc_ctype_c.o(locale$$code)
    ascii_8x6                                0x08003290   Data         552  font.o(.constdata)
    afont8x6                                 0x080034b8   Data           8  font.o(.constdata)
    ascii_16x8                               0x080034c0   Data        1520  font.o(.constdata)
    afont16x8                                0x08003ab0   Data           8  font.o(.constdata)
    AHBPrescTable                            0x08003b08   Data          16  system_stm32f1xx.o(.constdata)
    APBPrescTable                            0x08003b18   Data           8  system_stm32f1xx.o(.constdata)
    _monlen                                  0x08003b31   Data          12  _monlen.o(.constdata)
    Region$$Table$$Base                      0x08003b40   Number         0  anon$$obj.o(Region$$Table)
    Region$$Table$$Limit                     0x08003b60   Number         0  anon$$obj.o(Region$$Table)
    __ctype                                  0x08003b6d   Data           0  lc_ctype_c.o(locale$$data)
    rx2_len                                  0x20000000   Data           1  main.o(.data)
    rx2_flag                                 0x20000001   Data           1  main.o(.data)
    temperature                              0x20000004   Data           4  main.o(.data)
    humidity                                 0x20000008   Data           4  main.o(.data)
    uwTickFreq                               0x20000014   Data           1  stm32f1xx_hal.o(.data)
    uwTickPrio                               0x20000018   Data           4  stm32f1xx_hal.o(.data)
    uwTick                                   0x2000001c   Data           4  stm32f1xx_hal.o(.data)
    SystemCoreClock                          0x20000020   Data           4  system_stm32f1xx.o(.data)
    tempstr                                  0x20000024   Data          20  main.o(.bss)
    humidstr                                 0x20000038   Data          20  main.o(.bss)
    serial2_rxbuf                            0x2000004c   Data          50  main.o(.bss)
    hi2c1                                    0x20000080   Data          84  i2c.o(.bss)
    hrtc                                     0x200000d4   Data          20  rtc.o(.bss)
    huart1                                   0x200000e8   Data          72  usart.o(.bss)
    huart2                                   0x20000130   Data          72  usart.o(.bss)
    hdma_usart1_rx                           0x20000178   Data          68  usart.o(.bss)
    hdma_usart1_tx                           0x200001bc   Data          68  usart.o(.bss)
    hdma_usart2_rx                           0x20000200   Data          68  usart.o(.bss)
    hdma_usart2_tx                           0x20000244   Data          68  usart.o(.bss)
    OLED_GRAM                                0x20000309   Data        1024  oled.o(.bss)
    __libspace_start                         0x2000070c   Data          96  libspace.o(.bss)
    __temporary_stack_top$libspace           0x2000076c   Data           0  libspace.o(.bss)



==============================================================================

Memory Map of the image

  Image Entry point : 0x080000ed

  Load Region LR_IROM1 (Base: 0x08000000, Size: 0x00003c94, Max: 0x00008000, ABSOLUTE)

    Execution Region ER_IROM1 (Exec base: 0x08000000, Load base: 0x08000000, Size: 0x00003c70, Max: 0x00008000, ABSOLUTE)

    Exec Addr    Load Addr    Size         Type   Attr      Idx    E Section Name        Object

    0x08000000   0x08000000   0x000000ec   Data   RO            3    RESET               startup_stm32f103x6.o
    0x080000ec   0x080000ec   0x00000008   Code   RO         2996  * !!!main             c_w.l(__main.o)
    0x080000f4   0x080000f4   0x00000034   Code   RO         3207    !!!scatter          c_w.l(__scatter.o)
    0x08000128   0x08000128   0x0000001a   Code   RO         3209    !!handler_copy      c_w.l(__scatter_copy.o)
    0x08000142   0x08000142   0x00000002   PAD
    0x08000144   0x08000144   0x0000001c   Code   RO         3211    !!handler_zi        c_w.l(__scatter_zi.o)
    0x08000160   0x08000160   0x00000000   Code   RO         2971    .ARM.Collect$$_printf_percent$$00000000  c_w.l(_printf_percent.o)
    0x08000160   0x08000160   0x00000006   Code   RO         2970    .ARM.Collect$$_printf_percent$$00000009  c_w.l(_printf_d.o)
    0x08000166   0x08000166   0x00000004   Code   RO         3033    .ARM.Collect$$_printf_percent$$00000017  c_w.l(_printf_percent_end.o)
    0x0800016a   0x0800016a   0x00000002   Code   RO         3127    .ARM.Collect$$libinit$$00000000  c_w.l(libinit.o)
    0x0800016c   0x0800016c   0x00000000   Code   RO         3070    .ARM.Collect$$libinit$$00000002  c_w.l(libinit2.o)
    0x0800016c   0x0800016c   0x00000000   Code   RO         3072    .ARM.Collect$$libinit$$00000004  c_w.l(libinit2.o)
    0x0800016c   0x0800016c   0x00000000   Code   RO         3075    .ARM.Collect$$libinit$$0000000A  c_w.l(libinit2.o)
    0x0800016c   0x0800016c   0x00000000   Code   RO         3077    .ARM.Collect$$libinit$$0000000C  c_w.l(libinit2.o)
    0x0800016c   0x0800016c   0x00000000   Code   RO         3079    .ARM.Collect$$libinit$$0000000E  c_w.l(libinit2.o)
    0x0800016c   0x0800016c   0x00000006   Code   RO         3080    .ARM.Collect$$libinit$$0000000F  c_w.l(libinit2.o)
    0x08000172   0x08000172   0x00000000   Code   RO         3082    .ARM.Collect$$libinit$$00000011  c_w.l(libinit2.o)
    0x08000172   0x08000172   0x0000000c   Code   RO         3083    .ARM.Collect$$libinit$$00000012  c_w.l(libinit2.o)
    0x0800017e   0x0800017e   0x00000000   Code   RO         3084    .ARM.Collect$$libinit$$00000013  c_w.l(libinit2.o)
    0x0800017e   0x0800017e   0x00000000   Code   RO         3086    .ARM.Collect$$libinit$$00000015  c_w.l(libinit2.o)
    0x0800017e   0x0800017e   0x00000000   Code   RO         3088    .ARM.Collect$$libinit$$00000017  c_w.l(libinit2.o)
    0x0800017e   0x0800017e   0x00000000   Code   RO         3090    .ARM.Collect$$libinit$$00000019  c_w.l(libinit2.o)
    0x0800017e   0x0800017e   0x00000000   Code   RO         3092    .ARM.Collect$$libinit$$0000001B  c_w.l(libinit2.o)
    0x0800017e   0x0800017e   0x00000000   Code   RO         3094    .ARM.Collect$$libinit$$0000001D  c_w.l(libinit2.o)
    0x0800017e   0x0800017e   0x00000000   Code   RO         3096    .ARM.Collect$$libinit$$0000001F  c_w.l(libinit2.o)
    0x0800017e   0x0800017e   0x00000000   Code   RO         3098    .ARM.Collect$$libinit$$00000021  c_w.l(libinit2.o)
    0x0800017e   0x0800017e   0x00000000   Code   RO         3100    .ARM.Collect$$libinit$$00000023  c_w.l(libinit2.o)
    0x0800017e   0x0800017e   0x00000000   Code   RO         3102    .ARM.Collect$$libinit$$00000025  c_w.l(libinit2.o)
    0x0800017e   0x0800017e   0x00000000   Code   RO         3106    .ARM.Collect$$libinit$$0000002C  c_w.l(libinit2.o)
    0x0800017e   0x0800017e   0x00000000   Code   RO         3108    .ARM.Collect$$libinit$$0000002E  c_w.l(libinit2.o)
    0x0800017e   0x0800017e   0x00000000   Code   RO         3110    .ARM.Collect$$libinit$$00000030  c_w.l(libinit2.o)
    0x0800017e   0x0800017e   0x00000000   Code   RO         3112    .ARM.Collect$$libinit$$00000032  c_w.l(libinit2.o)
    0x0800017e   0x0800017e   0x00000002   Code   RO         3113    .ARM.Collect$$libinit$$00000033  c_w.l(libinit2.o)
    0x08000180   0x08000180   0x00000002   Code   RO         3164    .ARM.Collect$$libshutdown$$00000000  c_w.l(libshutdown.o)
    0x08000182   0x08000182   0x00000000   Code   RO         3170    .ARM.Collect$$libshutdown$$00000002  c_w.l(libshutdown2.o)
    0x08000182   0x08000182   0x00000000   Code   RO         3172    .ARM.Collect$$libshutdown$$00000004  c_w.l(libshutdown2.o)
    0x08000182   0x08000182   0x00000000   Code   RO         3175    .ARM.Collect$$libshutdown$$00000007  c_w.l(libshutdown2.o)
    0x08000182   0x08000182   0x00000000   Code   RO         3178    .ARM.Collect$$libshutdown$$0000000A  c_w.l(libshutdown2.o)
    0x08000182   0x08000182   0x00000000   Code   RO         3180    .ARM.Collect$$libshutdown$$0000000C  c_w.l(libshutdown2.o)
    0x08000182   0x08000182   0x00000000   Code   RO         3183    .ARM.Collect$$libshutdown$$0000000F  c_w.l(libshutdown2.o)
    0x08000182   0x08000182   0x00000002   Code   RO         3184    .ARM.Collect$$libshutdown$$00000010  c_w.l(libshutdown2.o)
    0x08000184   0x08000184   0x00000000   Code   RO         3016    .ARM.Collect$$rtentry$$00000000  c_w.l(__rtentry.o)
    0x08000184   0x08000184   0x00000000   Code   RO         3049    .ARM.Collect$$rtentry$$00000002  c_w.l(__rtentry2.o)
    0x08000184   0x08000184   0x00000006   Code   RO         3061    .ARM.Collect$$rtentry$$00000004  c_w.l(__rtentry4.o)
    0x0800018a   0x0800018a   0x00000000   Code   RO         3051    .ARM.Collect$$rtentry$$00000009  c_w.l(__rtentry2.o)
    0x0800018a   0x0800018a   0x00000004   Code   RO         3052    .ARM.Collect$$rtentry$$0000000A  c_w.l(__rtentry2.o)
    0x0800018e   0x0800018e   0x00000000   Code   RO         3054    .ARM.Collect$$rtentry$$0000000C  c_w.l(__rtentry2.o)
    0x0800018e   0x0800018e   0x00000008   Code   RO         3055    .ARM.Collect$$rtentry$$0000000D  c_w.l(__rtentry2.o)
    0x08000196   0x08000196   0x00000002   Code   RO         3130    .ARM.Collect$$rtexit$$00000000  c_w.l(rtexit.o)
    0x08000198   0x08000198   0x00000000   Code   RO         3139    .ARM.Collect$$rtexit$$00000002  c_w.l(rtexit2.o)
    0x08000198   0x08000198   0x00000004   Code   RO         3140    .ARM.Collect$$rtexit$$00000003  c_w.l(rtexit2.o)
    0x0800019c   0x0800019c   0x00000006   Code   RO         3141    .ARM.Collect$$rtexit$$00000004  c_w.l(rtexit2.o)
    0x080001a2   0x080001a2   0x00000002   PAD
    0x080001a4   0x080001a4   0x00000040   Code   RO            4    .text               startup_stm32f103x6.o
    0x080001e4   0x080001e4   0x00000010   Code   RO         2936    .text               c_w.l(rt_ctype_table.o)
    0x080001f4   0x080001f4   0x00000028   Code   RO         2942    .text               c_w.l(noretval__2sprintf.o)
    0x0800021c   0x0800021c   0x0000004e   Code   RO         2946    .text               c_w.l(_printf_pad.o)
    0x0800026a   0x0800026a   0x00000002   PAD
    0x0800026c   0x0800026c   0x00000078   Code   RO         2948    .text               c_w.l(_printf_dec.o)
    0x080002e4   0x080002e4   0x00000138   Code   RO         2962    .text               c_w.l(__printf_flags_wp.o)
    0x0800041c   0x0800041c   0x0000001a   Code   RO         2972    .text               c_w.l(atoi.o)
    0x08000436   0x08000436   0x00000014   Code   RO         2974    .text               c_w.l(strchr.o)
    0x0800044a   0x0800044a   0x00000024   Code   RO         2976    .text               c_w.l(strstr.o)
    0x0800046e   0x0800046e   0x0000008a   Code   RO         2980    .text               c_w.l(rt_memcpy_v6.o)
    0x080004f8   0x080004f8   0x00000064   Code   RO         2982    .text               c_w.l(rt_memcpy_w.o)
    0x0800055c   0x0800055c   0x00000044   Code   RO         2984    .text               c_w.l(rt_memclr.o)
    0x080005a0   0x080005a0   0x0000004e   Code   RO         2986    .text               c_w.l(rt_memclr_w.o)
    0x080005ee   0x080005ee   0x00000056   Code   RO         2988    .text               c_w.l(strncpy.o)
    0x08000644   0x08000644   0x000001ac   Code   RO         2992    .text               c_w.l(mktime.o)
    0x080007f0   0x080007f0   0x00000006   Code   RO         2994    .text               c_w.l(heapauxi.o)
    0x080007f6   0x080007f6   0x00000002   PAD
    0x080007f8   0x080007f8   0x00000008   Code   RO         3020    .text               c_w.l(rt_locale_intlibspace.o)
    0x08000800   0x08000800   0x00000008   Code   RO         3025    .text               c_w.l(rt_errno_addr_intlibspace.o)
    0x08000808   0x08000808   0x000000b2   Code   RO         3027    .text               c_w.l(_printf_intcommon.o)
    0x080008ba   0x080008ba   0x00000002   PAD
    0x080008bc   0x080008bc   0x00000030   Code   RO         3029    .text               c_w.l(_printf_char_common.o)
    0x080008ec   0x080008ec   0x0000000a   Code   RO         3031    .text               c_w.l(_sputc.o)
    0x080008f6   0x080008f6   0x00000070   Code   RO         3034    .text               c_w.l(strtol.o)
    0x08000966   0x08000966   0x00000002   PAD
    0x08000968   0x08000968   0x00000008   Code   RO         3045    .text               c_w.l(libspace.o)
    0x08000970   0x08000970   0x0000009e   Code   RO         3065    .text               c_w.l(_strtoul.o)
    0x08000a0e   0x08000a0e   0x00000002   PAD
    0x08000a10   0x08000a10   0x00000080   Code   RO         3067    .text               c_w.l(strcmpv7m.o)
    0x08000a90   0x08000a90   0x0000004a   Code   RO         3114    .text               c_w.l(sys_stackheap_outer.o)
    0x08000ada   0x08000ada   0x0000001c   Code   RO         3116    .text               c_w.l(_chval.o)
    0x08000af6   0x08000af6   0x00000012   Code   RO         3118    .text               c_w.l(exit.o)
    0x08000b08   0x08000b08   0x0000000c   Code   RO         3151    .text               c_w.l(sys_exit.o)
    0x08000b14   0x08000b14   0x00000002   Code   RO         3153    .text               c_w.l(use_no_semi.o)
    0x08000b16   0x08000b16   0x00000000   Code   RO         3155    .text               c_w.l(indicate_semi.o)
    0x08000b16   0x08000b16   0x00000002   Code   RO          398    i.BusFault_Handler  stm32f1xx_it.o
    0x08000b18   0x08000b18   0x0000000c   Code   RO          399    i.DMA1_Channel4_IRQHandler  stm32f1xx_it.o
    0x08000b24   0x08000b24   0x0000000c   Code   RO          400    i.DMA1_Channel5_IRQHandler  stm32f1xx_it.o
    0x08000b30   0x08000b30   0x0000000c   Code   RO          401    i.DMA1_Channel6_IRQHandler  stm32f1xx_it.o
    0x08000b3c   0x08000b3c   0x0000000c   Code   RO          402    i.DMA1_Channel7_IRQHandler  stm32f1xx_it.o
    0x08000b48   0x08000b48   0x0000002a   Code   RO         1677    i.DMA_SetConfig     stm32f1xx_hal_dma.o
    0x08000b72   0x08000b72   0x00000002   Code   RO          403    i.DebugMon_Handler  stm32f1xx_it.o
    0x08000b74   0x08000b74   0x00000004   Code   RO           13    i.Error_Handler     main.o
    0x08000b78   0x08000b78   0x00000046   Code   RO         1678    i.HAL_DMA_Abort     stm32f1xx_hal_dma.o
    0x08000bbe   0x08000bbe   0x00000002   PAD
    0x08000bc0   0x08000bc0   0x00000098   Code   RO         1679    i.HAL_DMA_Abort_IT  stm32f1xx_hal_dma.o
    0x08000c58   0x08000c58   0x00000154   Code   RO         1683    i.HAL_DMA_IRQHandler  stm32f1xx_hal_dma.o
    0x08000dac   0x08000dac   0x0000005c   Code   RO         1684    i.HAL_DMA_Init      stm32f1xx_hal_dma.o
    0x08000e08   0x08000e08   0x00000070   Code   RO         1688    i.HAL_DMA_Start_IT  stm32f1xx_hal_dma.o
    0x08000e78   0x08000e78   0x00000024   Code   RO         1304    i.HAL_Delay         stm32f1xx_hal.o
    0x08000e9c   0x08000e9c   0x000001c0   Code   RO         1614    i.HAL_GPIO_Init     stm32f1xx_hal_gpio.o
    0x0800105c   0x0800105c   0x0000000c   Code   RO         1308    i.HAL_GetTick       stm32f1xx_hal.o
    0x08001068   0x08001068   0x00000188   Code   RO          871    i.HAL_I2C_Init      stm32f1xx_hal_i2c.o
    0x080011f0   0x080011f0   0x0000012c   Code   RO          884    i.HAL_I2C_Master_Transmit  stm32f1xx_hal_i2c.o
    0x0800131c   0x0800131c   0x0000005c   Code   RO          267    i.HAL_I2C_MspInit   i2c.o
    0x08001378   0x08001378   0x00000010   Code   RO         1314    i.HAL_IncTick       stm32f1xx_hal.o
    0x08001388   0x08001388   0x00000024   Code   RO         1315    i.HAL_Init          stm32f1xx_hal.o
    0x080013ac   0x080013ac   0x00000040   Code   RO         1316    i.HAL_InitTick      stm32f1xx_hal.o
    0x080013ec   0x080013ec   0x0000003c   Code   RO          510    i.HAL_MspInit       stm32f1xx_hal_msp.o
    0x08001428   0x08001428   0x0000001a   Code   RO         1774    i.HAL_NVIC_EnableIRQ  stm32f1xx_hal_cortex.o
    0x08001442   0x08001442   0x00000002   PAD
    0x08001444   0x08001444   0x00000040   Code   RO         1780    i.HAL_NVIC_SetPriority  stm32f1xx_hal_cortex.o
    0x08001484   0x08001484   0x00000024   Code   RO         1781    i.HAL_NVIC_SetPriorityGrouping  stm32f1xx_hal_cortex.o
    0x080014a8   0x080014a8   0x0000000c   Code   RO         1896    i.HAL_PWR_EnableBkUpAccess  stm32f1xx_hal_pwr.o
    0x080014b4   0x080014b4   0x000000a4   Code   RO         1575    i.HAL_RCCEx_GetPeriphCLKFreq  stm32f1xx_hal_rcc_ex.o
    0x08001558   0x08001558   0x000000ec   Code   RO         1576    i.HAL_RCCEx_PeriphCLKConfig  stm32f1xx_hal_rcc_ex.o
    0x08001644   0x08001644   0x0000012c   Code   RO         1472    i.HAL_RCC_ClockConfig  stm32f1xx_hal_rcc.o
    0x08001770   0x08001770   0x00000020   Code   RO         1479    i.HAL_RCC_GetPCLK1Freq  stm32f1xx_hal_rcc.o
    0x08001790   0x08001790   0x00000020   Code   RO         1480    i.HAL_RCC_GetPCLK2Freq  stm32f1xx_hal_rcc.o
    0x080017b0   0x080017b0   0x0000004c   Code   RO         1481    i.HAL_RCC_GetSysClockFreq  stm32f1xx_hal_rcc.o
    0x080017fc   0x080017fc   0x00000320   Code   RO         1484    i.HAL_RCC_OscConfig  stm32f1xx_hal_rcc.o
    0x08001b1c   0x08001b1c   0x00000010   Code   RO         2434    i.HAL_RTCEx_BKUPRead  stm32f1xx_hal_rtc_ex.o
    0x08001b2c   0x08001b2c   0x00000010   Code   RO         2435    i.HAL_RTCEx_BKUPWrite  stm32f1xx_hal_rtc_ex.o
    0x08001b3c   0x08001b3c   0x00000094   Code   RO         2272    i.HAL_RTC_Init      stm32f1xx_hal_rtc.o
    0x08001bd0   0x08001bd0   0x00000034   Code   RO          309    i.HAL_RTC_MspInit   rtc.o
    0x08001c04   0x08001c04   0x0000003a   Code   RO         2280    i.HAL_RTC_WaitForSynchro  stm32f1xx_hal_rtc.o
    0x08001c3e   0x08001c3e   0x00000028   Code   RO         1785    i.HAL_SYSTICK_Config  stm32f1xx_hal_cortex.o
    0x08001c66   0x08001c66   0x0000004a   Code   RO         2546    i.HAL_UARTEx_ReceiveToIdle_DMA  stm32f1xx_hal_uart.o
    0x08001cb0   0x08001cb0   0x00000040   Code   RO           14    i.HAL_UARTEx_RxEventCallback  main.o
    0x08001cf0   0x08001cf0   0x00000034   Code   RO           15    i.HAL_UART_ErrorCallback  main.o
    0x08001d24   0x08001d24   0x0000026c   Code   RO         2565    i.HAL_UART_IRQHandler  stm32f1xx_hal_uart.o
    0x08001f90   0x08001f90   0x00000064   Code   RO         2566    i.HAL_UART_Init     stm32f1xx_hal_uart.o
    0x08001ff4   0x08001ff4   0x0000018c   Code   RO          351    i.HAL_UART_MspInit  usart.o
    0x08002180   0x08002180   0x00000002   Code   RO         2572    i.HAL_UART_RxCpltCallback  stm32f1xx_hal_uart.o
    0x08002182   0x08002182   0x00000002   Code   RO         2573    i.HAL_UART_RxHalfCpltCallback  stm32f1xx_hal_uart.o
    0x08002184   0x08002184   0x00000002   Code   RO         2577    i.HAL_UART_TxCpltCallback  stm32f1xx_hal_uart.o
    0x08002186   0x08002186   0x00000002   Code   RO          404    i.HardFault_Handler  stm32f1xx_it.o
    0x08002188   0x08002188   0x0000002e   Code   RO          914    i.I2C_IsAcknowledgeFailed  stm32f1xx_hal_i2c.o
    0x080021b6   0x080021b6   0x00000002   PAD
    0x080021b8   0x080021b8   0x0000009c   Code   RO          918    i.I2C_MasterRequestWrite  stm32f1xx_hal_i2c.o
    0x08002254   0x08002254   0x00000056   Code   RO          929    i.I2C_WaitOnBTFFlagUntilTimeout  stm32f1xx_hal_i2c.o
    0x080022aa   0x080022aa   0x00000002   PAD
    0x080022ac   0x080022ac   0x00000090   Code   RO          930    i.I2C_WaitOnFlagUntilTimeout  stm32f1xx_hal_i2c.o
    0x0800233c   0x0800233c   0x000000bc   Code   RO          931    i.I2C_WaitOnMasterAddressFlagUntilTimeout  stm32f1xx_hal_i2c.o
    0x080023f8   0x080023f8   0x00000056   Code   RO          933    i.I2C_WaitOnTXEFlagUntilTimeout  stm32f1xx_hal_i2c.o
    0x0800244e   0x0800244e   0x00000002   PAD
    0x08002450   0x08002450   0x00000048   Code   RO          561    i.KK_RTC_Init       myrtc.o
    0x08002498   0x08002498   0x00000018   Code   RO          562    i.KK_RTC_SetTime    myrtc.o
    0x080024b0   0x080024b0   0x0000005c   Code   RO          242    i.MX_DMA_Init       dma.o
    0x0800250c   0x0800250c   0x0000004c   Code   RO          218    i.MX_GPIO_Init      gpio.o
    0x08002558   0x08002558   0x00000040   Code   RO          268    i.MX_I2C1_Init      i2c.o
    0x08002598   0x08002598   0x00000030   Code   RO          310    i.MX_RTC_Init       rtc.o
    0x080025c8   0x080025c8   0x00000038   Code   RO          352    i.MX_USART1_UART_Init  usart.o
    0x08002600   0x08002600   0x00000038   Code   RO          353    i.MX_USART2_UART_Init  usart.o
    0x08002638   0x08002638   0x00000002   Code   RO          405    i.MemManage_Handler  stm32f1xx_it.o
    0x0800263a   0x0800263a   0x00000002   Code   RO          406    i.NMI_Handler       stm32f1xx_it.o
    0x0800263c   0x0800263c   0x000000b6   Code   RO          643    i.OLED_Init         oled.o
    0x080026f2   0x080026f2   0x00000002   PAD
    0x080026f4   0x080026f4   0x00000010   Code   RO          644    i.OLED_NewFrame     oled.o
    0x08002704   0x08002704   0x00000020   Code   RO          645    i.OLED_PrintASCIIChar  oled.o
    0x08002724   0x08002724   0x0000002e   Code   RO          646    i.OLED_PrintASCIIString  oled.o
    0x08002752   0x08002752   0x00000002   PAD
    0x08002754   0x08002754   0x0000001c   Code   RO          648    i.OLED_Send         oled.o
    0x08002770   0x08002770   0x00000010   Code   RO          649    i.OLED_SendCmd      oled.o
    0x08002780   0x08002780   0x00000048   Code   RO          650    i.OLED_SetBits      oled.o
    0x080027c8   0x080027c8   0x00000068   Code   RO          651    i.OLED_SetBits_Fine  oled.o
    0x08002830   0x08002830   0x00000088   Code   RO          652    i.OLED_SetBlock     oled.o
    0x080028b8   0x080028b8   0x00000048   Code   RO          654    i.OLED_SetByte_Fine  oled.o
    0x08002900   0x08002900   0x00000048   Code   RO          657    i.OLED_ShowFrame    oled.o
    0x08002948   0x08002948   0x00000002   Code   RO          407    i.PendSV_Handler    stm32f1xx_it.o
    0x0800294a   0x0800294a   0x00000034   Code   RO         2284    i.RTC_EnterInitMode  stm32f1xx_hal_rtc.o
    0x0800297e   0x0800297e   0x00000002   PAD
    0x08002980   0x08002980   0x00000036   Code   RO         2285    i.RTC_ExitInitMode  stm32f1xx_hal_rtc.o
    0x080029b6   0x080029b6   0x00000002   PAD
    0x080029b8   0x080029b8   0x000000e4   Code   RO          563    i.RTC_GetTime       myrtc.o
    0x08002a9c   0x08002a9c   0x00000048   Code   RO          564    i.RTC_GetWeek       myrtc.o
    0x08002ae4   0x08002ae4   0x00000028   Code   RO          565    i.RTC_Get_Sec       myrtc.o
    0x08002b0c   0x08002b0c   0x00000026   Code   RO          566    i.RTC_Is_Leap_Year  myrtc.o
    0x08002b32   0x08002b32   0x00000002   PAD
    0x08002b34   0x08002b34   0x00000070   Code   RO          568    i.RTC_WriteTimeCounter  myrtc.o
    0x08002ba4   0x08002ba4   0x00000002   Code   RO          408    i.SVC_Handler       stm32f1xx_it.o
    0x08002ba6   0x08002ba6   0x00000004   Code   RO          409    i.SysTick_Handler   stm32f1xx_it.o
    0x08002baa   0x08002baa   0x00000080   Code   RO           16    i.SystemClock_Config  main.o
    0x08002c2a   0x08002c2a   0x00000002   Code   RO         2900    i.SystemInit        system_stm32f1xx.o
    0x08002c2c   0x08002c2c   0x00000010   Code   RO         2579    i.UART_DMAAbortOnError  stm32f1xx_hal_uart.o
    0x08002c3c   0x08002c3c   0x0000004a   Code   RO         2580    i.UART_DMAError     stm32f1xx_hal_uart.o
    0x08002c86   0x08002c86   0x00000086   Code   RO         2581    i.UART_DMAReceiveCplt  stm32f1xx_hal_uart.o
    0x08002d0c   0x08002d0c   0x0000001e   Code   RO         2583    i.UART_DMARxHalfCplt  stm32f1xx_hal_uart.o
    0x08002d2a   0x08002d2a   0x0000004e   Code   RO         2589    i.UART_EndRxTransfer  stm32f1xx_hal_uart.o
    0x08002d78   0x08002d78   0x0000001c   Code   RO         2590    i.UART_EndTxTransfer  stm32f1xx_hal_uart.o
    0x08002d94   0x08002d94   0x000000c2   Code   RO         2591    i.UART_Receive_IT   stm32f1xx_hal_uart.o
    0x08002e56   0x08002e56   0x00000002   PAD
    0x08002e58   0x08002e58   0x000000b8   Code   RO         2592    i.UART_SetConfig    stm32f1xx_hal_uart.o
    0x08002f10   0x08002f10   0x00000090   Code   RO         2593    i.UART_Start_Receive_DMA  stm32f1xx_hal_uart.o
    0x08002fa0   0x08002fa0   0x0000000c   Code   RO          410    i.USART1_IRQHandler  stm32f1xx_it.o
    0x08002fac   0x08002fac   0x0000000c   Code   RO          411    i.USART2_IRQHandler  stm32f1xx_it.o
    0x08002fb8   0x08002fb8   0x00000002   Code   RO          412    i.UsageFault_Handler  stm32f1xx_it.o
    0x08002fba   0x08002fba   0x00000020   Code   RO         1787    i.__NVIC_SetPriority  stm32f1xx_hal_cortex.o
    0x08002fda   0x08002fda   0x0000000e   Code   RO         2960    i._is_digit         c_w.l(__printf_wp.o)
    0x08002fe8   0x08002fe8   0x0000015c   Code   RO           19    i.main              main.o
    0x08003144   0x08003144   0x00000120   Code   RO           20    i.parseWeatherData  main.o
    0x08003264   0x08003264   0x0000002c   Code   RO         3037    locale$$code        c_w.l(lc_ctype_c.o)
    0x08003290   0x08003290   0x00000228   Data   RO          531    .constdata          font.o
    0x080034b8   0x080034b8   0x00000008   Data   RO          532    .constdata          font.o
    0x080034c0   0x080034c0   0x000005f0   Data   RO          535    .constdata          font.o
    0x08003ab0   0x08003ab0   0x00000008   Data   RO          536    .constdata          font.o
    0x08003ab8   0x08003ab8   0x0000002c   Data   RO          569    .constdata          myrtc.o
    0x08003ae4   0x08003ae4   0x00000012   Data   RO         1485    .constdata          stm32f1xx_hal_rcc.o
    0x08003af6   0x08003af6   0x00000012   Data   RO         1577    .constdata          stm32f1xx_hal_rcc_ex.o
    0x08003b08   0x08003b08   0x00000010   Data   RO         2901    .constdata          system_stm32f1xx.o
    0x08003b18   0x08003b18   0x00000008   Data   RO         2902    .constdata          system_stm32f1xx.o
    0x08003b20   0x08003b20   0x00000011   Data   RO         2963    .constdata          c_w.l(__printf_flags_wp.o)
    0x08003b31   0x08003b31   0x0000000c   Data   RO         3039    .constdata          c_w.l(_monlen.o)
    0x08003b3d   0x08003b3d   0x00000003   PAD
    0x08003b40   0x08003b40   0x00000020   Data   RO         3205    Region$$Table       anon$$obj.o
    0x08003b60   0x08003b60   0x00000110   Data   RO         3036    locale$$data        c_w.l(lc_ctype_c.o)


    Execution Region RW_IRAM1 (Exec base: 0x20000000, Load base: 0x08003c70, Size: 0x00000d70, Max: 0x00002800, ABSOLUTE)

    Exec Addr    Load Addr    Size         Type   Attr      Idx    E Section Name        Object

    0x20000000   0x08003c70   0x0000000c   Data   RW           22    .data               main.o
    0x2000000c   0x08003c7c   0x00000002   Data   RW          570    .data               myrtc.o
    0x2000000e   0x08003c7e   0x00000004   Data   RW          660    .data               oled.o
    0x20000012   0x08003c82   0x00000002   PAD
    0x20000014   0x08003c84   0x0000000c   Data   RW         1322    .data               stm32f1xx_hal.o
    0x20000020   0x08003c90   0x00000004   Data   RW         2903    .data               system_stm32f1xx.o
    0x20000024        -       0x0000005a   Zero   RW           21    .bss                main.o
    0x2000007e   0x08003c94   0x00000002   PAD
    0x20000080        -       0x00000054   Zero   RW          269    .bss                i2c.o
    0x200000d4        -       0x00000014   Zero   RW          311    .bss                rtc.o
    0x200000e8        -       0x000001a0   Zero   RW          354    .bss                usart.o
    0x20000288        -       0x00000481   Zero   RW          659    .bss                oled.o
    0x20000709   0x08003c94   0x00000003   PAD
    0x2000070c        -       0x00000060   Zero   RW         3046    .bss                c_w.l(libspace.o)
    0x2000076c   0x08003c94   0x00000004   PAD
    0x20000770        -       0x00000200   Zero   RW            2    HEAP                startup_stm32f103x6.o
    0x20000970        -       0x00000400   Zero   RW            1    STACK               startup_stm32f103x6.o


==============================================================================

Image component sizes


      Code (inc. data)   RO Data    RW Data    ZI Data      Debug   Object Name

        92          4          0          0          0        758   dma.o
         0          0       2088          0          0       1565   font.o
        76          6          0          0          0        831   gpio.o
       156         26          0          0         84       1585   i2c.o
       884        164          0         12         90     409628   main.o
       586         44         44          2          0       5121   myrtc.o
       776         28          0          4       1153       8837   oled.o
       100         22          0          0         20       1467   rtc.o
        64         26        236          0       1536        800   startup_stm32f103x6.o
       164         28          0         12          0       5473   stm32f1xx_hal.o
       198         14          0          0          0      28875   stm32f1xx_hal_cortex.o
       808         36          0          0          0       4910   stm32f1xx_hal_dma.o
       448         30          0          0          0       2232   stm32f1xx_hal_gpio.o
      1398         32          0          0          0       9017   stm32f1xx_hal_i2c.o
        60          8          0          0          0        854   stm32f1xx_hal_msp.o
        12          4          0          0          0        503   stm32f1xx_hal_pwr.o
      1240         84         18          0          0       5044   stm32f1xx_hal_rcc.o
       400         28         18          0          0       2437   stm32f1xx_hal_rcc_ex.o
       312          4          0          0          0       3652   stm32f1xx_hal_rtc.o
        32         10          0          0          0       1599   stm32f1xx_hal_rtc_ex.o
      1682         24          0          0          0      11444   stm32f1xx_hal_uart.o
        92         36          0          0          0       6374   stm32f1xx_it.o
         2          0         24          4          0       1083   system_stm32f1xx.o
       508         42          0          0        416       2651   usart.o

    ----------------------------------------------------------------------
     10112        700       2460         36       3304     516740   Object Totals
         0          0         32          0          0          0   (incl. Generated)
        22          0          0          2          5          0   (incl. Padding)

    ----------------------------------------------------------------------

      Code (inc. data)   RO Data    RW Data    ZI Data      Debug   Library Member Name

         8          0          0          0          0         68   __main.o
       312          4         17          0          0         92   __printf_flags_wp.o
        14          0          0          0          0         68   __printf_wp.o
         0          0          0          0          0          0   __rtentry.o
        12          0          0          0          0          0   __rtentry2.o
         6          0          0          0          0          0   __rtentry4.o
        52          8          0          0          0          0   __scatter.o
        26          0          0          0          0          0   __scatter_copy.o
        28          0          0          0          0          0   __scatter_zi.o
        28          0          0          0          0         68   _chval.o
         0          0         12          0          0          0   _monlen.o
        48          6          0          0          0         96   _printf_char_common.o
         6          0          0          0          0          0   _printf_d.o
       120         16          0          0          0         92   _printf_dec.o
       178          0          0          0          0         88   _printf_intcommon.o
        78          0          0          0          0        108   _printf_pad.o
         0          0          0          0          0          0   _printf_percent.o
         4          0          0          0          0          0   _printf_percent_end.o
        10          0          0          0          0         68   _sputc.o
       158          0          0          0          0         92   _strtoul.o
        26          0          0          0          0         80   atoi.o
        18          0          0          0          0         80   exit.o
         6          0          0          0          0        152   heapauxi.o
         0          0          0          0          0          0   indicate_semi.o
        44         10        272          0          0         76   lc_ctype_c.o
         2          0          0          0          0          0   libinit.o
        20          0          0          0          0          0   libinit2.o
         2          0          0          0          0          0   libshutdown.o
         2          0          0          0          0          0   libshutdown2.o
         8          4          0          0         96         68   libspace.o
       428         10          0          0          0        116   mktime.o
        40          6          0          0          0         84   noretval__2sprintf.o
        16          4          0          0          0         76   rt_ctype_table.o
         8          4          0          0          0         68   rt_errno_addr_intlibspace.o
         8          4          0          0          0         68   rt_locale_intlibspace.o
        68          0          0          0          0         68   rt_memclr.o
        78          0          0          0          0         80   rt_memclr_w.o
       138          0          0          0          0         68   rt_memcpy_v6.o
       100          0          0          0          0         80   rt_memcpy_w.o
         2          0          0          0          0          0   rtexit.o
        10          0          0          0          0          0   rtexit2.o
        20          0          0          0          0         68   strchr.o
       128          0          0          0          0         68   strcmpv7m.o
        86          0          0          0          0         76   strncpy.o
        36          0          0          0          0         80   strstr.o
       112          0          0          0          0         88   strtol.o
        12          4          0          0          0         68   sys_exit.o
        74          0          0          0          0         80   sys_stackheap_outer.o
         2          0          0          0          0         68   use_no_semi.o

    ----------------------------------------------------------------------
      2596         80        304          0        100       2600   Library Totals
        14          0          3          0          4          0   (incl. Padding)

    ----------------------------------------------------------------------

      Code (inc. data)   RO Data    RW Data    ZI Data      Debug   Library Name

      2582         80        301          0         96       2600   c_w.l

    ----------------------------------------------------------------------
      2596         80        304          0        100       2600   Library Totals

    ----------------------------------------------------------------------

==============================================================================


      Code (inc. data)   RO Data    RW Data    ZI Data      Debug   

     12708        780       2764         36       3404     512732   Grand Totals
     12708        780       2764         36       3404     512732   ELF Image Totals
     12708        780       2764         36          0          0   ROM Totals

==============================================================================

    Total RO  Size (Code + RO Data)                15472 (  15.11kB)
    Total RW  Size (RW Data + ZI Data)              3440 (   3.36kB)
    Total ROM Size (Code + RO Data + RW Data)      15508 (  15.14kB)

==============================================================================

