Component: ARM Compiler 5.06 update 5 (build 528) Tool: armlink [4d35e2]

==============================================================================

Section Cross References

    startup_stm32f103x6.o(RESET) refers to startup_stm32f103x6.o(STACK) for __initial_sp
    startup_stm32f103x6.o(RESET) refers to startup_stm32f103x6.o(.text) for Reset_Handler
    startup_stm32f103x6.o(RESET) refers to stm32f1xx_it.o(i.NMI_Handler) for NMI_Handler
    startup_stm32f103x6.o(RESET) refers to stm32f1xx_it.o(i.HardFault_Handler) for HardFault_Handler
    startup_stm32f103x6.o(RESET) refers to stm32f1xx_it.o(i.MemManage_Handler) for MemManage_Handler
    startup_stm32f103x6.o(RESET) refers to stm32f1xx_it.o(i.BusFault_Handler) for BusFault_Handler
    startup_stm32f103x6.o(RESET) refers to stm32f1xx_it.o(i.UsageFault_Handler) for UsageFault_Handler
    startup_stm32f103x6.o(RESET) refers to stm32f1xx_it.o(i.SVC_Handler) for SVC_Handler
    startup_stm32f103x6.o(RESET) refers to stm32f1xx_it.o(i.DebugMon_Handler) for DebugMon_Handler
    startup_stm32f103x6.o(RESET) refers to stm32f1xx_it.o(i.PendSV_Handler) for PendSV_Handler
    startup_stm32f103x6.o(RESET) refers to stm32f1xx_it.o(i.SysTick_Handler) for SysTick_Handler
    startup_stm32f103x6.o(RESET) refers to stm32f1xx_it.o(i.DMA1_Channel4_IRQHandler) for DMA1_Channel4_IRQHandler
    startup_stm32f103x6.o(RESET) refers to stm32f1xx_it.o(i.DMA1_Channel5_IRQHandler) for DMA1_Channel5_IRQHandler
    startup_stm32f103x6.o(RESET) refers to stm32f1xx_it.o(i.DMA1_Channel6_IRQHandler) for DMA1_Channel6_IRQHandler
    startup_stm32f103x6.o(RESET) refers to stm32f1xx_it.o(i.DMA1_Channel7_IRQHandler) for DMA1_Channel7_IRQHandler
    startup_stm32f103x6.o(RESET) refers to stm32f1xx_it.o(i.USART1_IRQHandler) for USART1_IRQHandler
    startup_stm32f103x6.o(RESET) refers to stm32f1xx_it.o(i.USART2_IRQHandler) for USART2_IRQHandler
    startup_stm32f103x6.o(.text) refers to system_stm32f1xx.o(i.SystemInit) for SystemInit
    startup_stm32f103x6.o(.text) refers to entry.o(.ARM.Collect$$$$00000000) for __main
    main.o(i.HAL_UARTEx_RxEventCallback) refers to stm32f1xx_hal_uart.o(i.HAL_UARTEx_ReceiveToIdle_DMA) for HAL_UARTEx_ReceiveToIdle_DMA
    main.o(i.HAL_UARTEx_RxEventCallback) refers to main.o(.data) for .data
    main.o(i.HAL_UARTEx_RxEventCallback) refers to main.o(.bss) for .bss
    main.o(i.HAL_UARTEx_RxEventCallback) refers to usart.o(.bss) for huart2
    main.o(i.HAL_UART_ErrorCallback) refers to stm32f1xx_hal_uart.o(i.HAL_UARTEx_ReceiveToIdle_DMA) for HAL_UARTEx_ReceiveToIdle_DMA
    main.o(i.HAL_UART_ErrorCallback) refers to main.o(.bss) for .bss
    main.o(i.HAL_UART_ErrorCallback) refers to usart.o(.bss) for huart2
    main.o(i.SystemClock_Config) refers to memseta.o(.text) for __aeabi_memclr4
    main.o(i.SystemClock_Config) refers to stm32f1xx_hal_rcc.o(i.HAL_RCC_OscConfig) for HAL_RCC_OscConfig
    main.o(i.SystemClock_Config) refers to stm32f1xx_hal_rcc.o(i.HAL_RCC_ClockConfig) for HAL_RCC_ClockConfig
    main.o(i.SystemClock_Config) refers to stm32f1xx_hal_rcc_ex.o(i.HAL_RCCEx_PeriphCLKConfig) for HAL_RCCEx_PeriphCLKConfig
    main.o(i.fgetc) refers to stm32f1xx_hal_uart.o(i.HAL_UART_Receive) for HAL_UART_Receive
    main.o(i.fgetc) refers to usart.o(.bss) for huart1
    main.o(i.fputc) refers to stm32f1xx_hal_uart.o(i.HAL_UART_Transmit) for HAL_UART_Transmit
    main.o(i.fputc) refers to usart.o(.bss) for huart1
    main.o(i.main) refers to stm32f1xx_hal.o(i.HAL_Init) for HAL_Init
    main.o(i.main) refers to main.o(i.SystemClock_Config) for SystemClock_Config
    main.o(i.main) refers to gpio.o(i.MX_GPIO_Init) for MX_GPIO_Init
    main.o(i.main) refers to dma.o(i.MX_DMA_Init) for MX_DMA_Init
    main.o(i.main) refers to i2c.o(i.MX_I2C1_Init) for MX_I2C1_Init
    main.o(i.main) refers to usart.o(i.MX_USART2_UART_Init) for MX_USART2_UART_Init
    main.o(i.main) refers to rtc.o(i.MX_RTC_Init) for MX_RTC_Init
    main.o(i.main) refers to usart.o(i.MX_USART1_UART_Init) for MX_USART1_UART_Init
    main.o(i.main) refers to stm32f1xx_hal.o(i.HAL_Delay) for HAL_Delay
    main.o(i.main) refers to oled.o(i.OLED_Init) for OLED_Init
    main.o(i.main) refers to oled.o(i.OLED_NewFrame) for OLED_NewFrame
    main.o(i.main) refers to myrtc.o(i.KK_RTC_Init) for KK_RTC_Init
    main.o(i.main) refers to stm32f1xx_hal_uart.o(i.HAL_UARTEx_ReceiveToIdle_DMA) for HAL_UARTEx_ReceiveToIdle_DMA
    main.o(i.main) refers to myrtc.o(i.RTC_GetTime) for RTC_GetTime
    main.o(i.main) refers to printf6.o(i.__0sprintf$6) for __2sprintf
    main.o(i.main) refers to printf6.o(i.__0printf$6) for __2printf
    main.o(i.main) refers to strstr.o(.text) for strstr
    main.o(i.main) refers to memcpya.o(.text) for __aeabi_memcpy4
    main.o(i.main) refers to main.o(i.parseNTPTime) for parseNTPTime
    main.o(i.main) refers to strcmp.o(.text) for strcmp
    main.o(i.main) refers to main.o(i.updateRTC) for updateRTC
    main.o(i.main) refers to main.o(i.parseWeatherData) for parseWeatherData
[...]
    Removing stm32f1xx_hal_uart.o(i.HAL_UART_AbortTransmitCpltCallback), (2 bytes).
    Removing stm32f1xx_hal_uart.o(i.HAL_UART_AbortTransmit_IT), (104 bytes).
    Removing stm32f1xx_hal_uart.o(i.HAL_UART_Abort_IT), (244 bytes).
    Removing stm32f1xx_hal_uart.o(i.HAL_UART_DMAPause), (120 bytes).
    Removing stm32f1xx_hal_uart.o(i.HAL_UART_DMAResume), (114 bytes).
    Removing stm32f1xx_hal_uart.o(i.HAL_UART_DMAStop), (112 bytes).
    Removing stm32f1xx_hal_uart.o(i.HAL_UART_DeInit), (54 bytes).
    Removing stm32f1xx_hal_uart.o(i.HAL_UART_ErrorCallback), (2 bytes).
    Removing stm32f1xx_hal_uart.o(i.HAL_UART_GetError), (4 bytes).
    Removing stm32f1xx_hal_uart.o(i.HAL_UART_GetState), (10 bytes).
    Removing stm32f1xx_hal_uart.o(i.HAL_UART_MspDeInit), (2 bytes).
    Removing stm32f1xx_hal_uart.o(i.HAL_UART_MspInit), (2 bytes).
    Removing stm32f1xx_hal_uart.o(i.HAL_UART_Receive), (176 bytes).
    Removing stm32f1xx_hal_uart.o(i.HAL_UART_Receive_DMA), (28 bytes).
    Removing stm32f1xx_hal_uart.o(i.HAL_UART_Receive_IT), (28 bytes).
    Removing stm32f1xx_hal_uart.o(i.HAL_UART_Transmit_DMA), (120 bytes).
    Removing stm32f1xx_hal_uart.o(i.HAL_UART_Transmit_IT), (50 bytes).
    Removing stm32f1xx_hal_uart.o(i.HAL_UART_TxHalfCpltCallback), (2 bytes).
    Removing stm32f1xx_hal_uart.o(i.UART_DMARxAbortCallback), (44 bytes).
    Removing stm32f1xx_hal_uart.o(i.UART_DMARxOnlyAbortCallback), (22 bytes).
    Removing stm32f1xx_hal_uart.o(i.UART_DMATransmitCplt), (66 bytes).
    Removing stm32f1xx_hal_uart.o(i.UART_DMATxAbortCallback), (44 bytes).
    Removing stm32f1xx_hal_uart.o(i.UART_DMATxHalfCplt), (10 bytes).
    Removing stm32f1xx_hal_uart.o(i.UART_DMATxOnlyAbortCallback), (20 bytes).
    Removing stm32f1xx_hal_uart.o(i.UART_Start_Receive_IT), (54 bytes).
    Removing system_stm32f1xx.o(.rev16_text), (4 bytes).
    Removing system_stm32f1xx.o(.revsh_text), (4 bytes).
    Removing system_stm32f1xx.o(.rrx_text), (6 bytes).
    Removing system_stm32f1xx.o(i.SystemCoreClockUpdate), (104 bytes).
    Removing dadd.o(.text), (334 bytes).
    Removing dmul.o(.text), (228 bytes).
    Removing dflti.o(.text), (34 bytes).
    Removing dfltui.o(.text), (26 bytes).
    Removing dfixi.o(.text), (62 bytes).
    Removing depilogue.o(.text), (186 bytes).
    Removing ddiv.o(.text), (222 bytes).
    Removing dfixul.o(.text), (48 bytes).
    Removing cdrcmple.o(.text), (48 bytes).

371 unused section(s) (total 32992 bytes) removed from the image.

==============================================================================

Image Symbol Table

    Local Symbols

    Symbol Name                              Value     Ov Type        Size  Object(Section)

    ../Core/Src/dma.c                        0x00000000   Number         0  dma.o ABSOLUTE
    ../Core/Src/gpio.c                       0x00000000   Number         0  gpio.o ABSOLUTE
    ../Core/Src/i2c.c                        0x00000000   Number         0  i2c.o ABSOLUTE
    ../Core/Src/main.c                       0x00000000   Number         0  main.o ABSOLUTE
    ../Core/Src/rtc.c                        0x00000000   Number         0  rtc.o ABSOLUTE
    ../Core/Src/stm32f1xx_hal_msp.c          0x00000000   Number         0  stm32f1xx_hal_msp.o ABSOLUTE
    ../Core/Src/stm32f1xx_it.c               0x00000000   Number         0  stm32f1xx_it.o ABSOLUTE
    ../Core/Src/system_stm32f1xx.c           0x00000000   Number         0  system_stm32f1xx.o ABSOLUTE
    ../Core/Src/usart.c                      0x00000000   Number         0  usart.o ABSOLUTE
    ../Drivers/STM32F1xx_HAL_Driver/Src/stm32f1xx_hal.c 0x00000000   Number         0  stm32f1xx_hal.o ABSOLUTE
    ../Drivers/STM32F1xx_HAL_Driver/Src/stm32f1xx_hal_cortex.c 0x00000000   Number         0  stm32f1xx_hal_cortex.o ABSOLUTE
    ../Drivers/STM32F1xx_HAL_Driver/Src/stm32f1xx_hal_dma.c 0x00000000   Number         0  stm32f1xx_hal_dma.o ABSOLUTE
    ../Drivers/STM32F1xx_HAL_Driver/Src/stm32f1xx_hal_exti.c 0x00000000   Number         0  stm32f1xx_hal_exti.o ABSOLUTE
    ../Drivers/STM32F1xx_HAL_Driver/Src/stm32f1xx_hal_flash.c 0x00000000   Number         0  stm32f1xx_hal_flash.o ABSOLUTE
    ../Drivers/STM32F1xx_HAL_Driver/Src/stm32f1xx_hal_flash_ex.c 0x00000000   Number         0  stm32f1xx_hal_flash_ex.o ABSOLUTE
    ../Drivers/STM32F1xx_HAL_Driver/Src/stm32f1xx_hal_gpio.c 0x00000000   Number         0  stm32f1xx_hal_gpio.o ABSOLUTE
    ../Drivers/STM32F1xx_HAL_Driver/Src/stm32f1xx_hal_gpio_ex.c 0x00000000   Number         0  stm32f1xx_hal_gpio_ex.o ABSOLUTE
    ../Drivers/STM32F1xx_HAL_Driver/Src/stm32f1xx_hal_i2c.c 0x00000000   Number         0  stm32f1xx_hal_i2c.o ABSOLUTE
    ../Drivers/STM32F1xx_HAL_Driver/Src/stm32f1xx_hal_pwr.c 0x00000000   Number         0  stm32f1xx_hal_pwr.o ABSOLUTE
    ../Drivers/STM32F1xx_HAL_Driver/Src/stm32f1xx_hal_rcc.c 0x00000000   Number         0  stm32f1xx_hal_rcc.o ABSOLUTE
    ../Drivers/STM32F1xx_HAL_Driver/Src/stm32f1xx_hal_rcc_ex.c 0x00000000   Number         0  stm32f1xx_hal_rcc_ex.o ABSOLUTE
    ../Drivers/STM32F1xx_HAL_Driver/Src/stm32f1xx_hal_rtc.c 0x00000000   Number         0  stm32f1xx_hal_rtc.o ABSOLUTE
    ../Drivers/STM32F1xx_HAL_Driver/Src/stm32f1xx_hal_rtc_ex.c 0x00000000   Number         0  stm32f1xx_hal_rtc_ex.o ABSOLUTE
    ../Drivers/STM32F1xx_HAL_Driver/Src/stm32f1xx_hal_uart.c 0x00000000   Number         0  stm32f1xx_hal_uart.o ABSOLUTE
    ../clib/microlib/ctype/ctype.c           0x00000000   Number         0  isblank_o.o ABSOLUTE
    ../clib/microlib/ctype/ctype.c           0x00000000   Number         0  isalpha_o.o ABSOLUTE
    ../clib/microlib/ctype/ctype.c           0x00000000   Number         0  isalnum_o.o ABSOLUTE
    ../clib/microlib/ctype/ctype.c           0x00000000   Number         0  ctype_o.o ABSOLUTE
    ../clib/microlib/ctype/ctype.c           0x00000000   Number         0  isdigit_o.o ABSOLUTE
    ../clib/microlib/ctype/ctype.c           0x00000000   Number         0  isupper_o.o ABSOLUTE
    ../clib/microlib/ctype/ctype.c           0x00000000   Number         0  isxdigit_o.o ABSOLUTE
    ../clib/microlib/ctype/ctype.c           0x00000000   Number         0  isspace_c.o ABSOLUTE
    ../clib/microlib/ctype/ctype.c           0x00000000   Number         0  isspace_o.o ABSOLUTE
    ../clib/microlib/ctype/ctype.c           0x00000000   Number         0  ispunct_o.o ABSOLUTE
    ../clib/microlib/ctype/ctype.c           0x00000000   Number         0  isprint_o.o ABSOLUTE
    ../clib/microlib/ctype/ctype.c           0x00000000   Number         0  ctype_c.o ABSOLUTE
    ../clib/microlib/ctype/ctype.c           0x00000000   Number         0  islower_o.o ABSOLUTE
    ../clib/microlib/ctype/ctype.c           0x00000000   Number         0  isgraph_o.o ABSOLUTE
    ../clib/microlib/ctype/ctype.c           0x00000000   Number         0  iscntrl_o.o ABSOLUTE
    ../clib/microlib/division.c              0x00000000   Number         0  uldiv.o ABSOLUTE
    ../clib/microlib/division.c              0x00000000   Number         0  uidiv.o ABSOLUTE
    ../clib/microlib/errno.c                 0x00000000   Number         0  errno.o ABSOLUTE
    ../clib/microlib/init/entry.s            0x00000000   Number         0  entry11a.o ABSOLUTE
    ../clib/microlib/init/entry.s            0x00000000   Number         0  entry2.o ABSOLUTE
    ../clib/microlib/init/entry.s            0x00000000   Number         0  entry5.o ABSOLUTE
    ../clib/microlib/init/entry.s            0x00000000   Number         0  entry10b.o ABSOLUTE
    ../clib/microlib/init/entry.s            0x00000000   Number         0  entry10a.o ABSOLUTE
    ../clib/microlib/init/entry.s            0x00000000   Number         0  entry9b.o ABSOLUTE
    ../clib/microlib/init/entry.s            0x00000000   Number         0  entry9a.o ABSOLUTE
    ../clib/microlib/init/entry.s            0x00000000   Number         0  entry11b.o ABSOLUTE
    ../clib/microlib/init/entry.s            0x00000000   Number         0  entry8b.o ABSOLUTE
    ../clib/microlib/init/entry.s            0x00000000   Number         0  entry8a.o ABSOLUTE
    ../clib/microlib/init/entry.s            0x00000000   Number         0  entry7b.o ABSOLUTE
    ../clib/microlib/init/entry.s            0x00000000   Number         0  entry7a.o ABSOLUTE
    ../clib/microlib/init/entry.s            0x00000000   Number         0  entry.o ABSOLUTE
    ../clib/microlib/longlong.c              0x00000000   Number         0  llushr.o ABSOLUTE
    ../clib/microlib/longlong.c              0x00000000   Number         0  llsshr.o ABSOLUTE
    ../clib/microlib/longlong.c              0x00000000   Number         0  llshl.o ABSOLUTE
    ../clib/microlib/printf/printf.c         0x00000000   Number         0  printf1.o ABSOLUTE
    ../clib/microlib/printf/printf.c         0x00000000   Number         0  printf0.o ABSOLUTE
    ../clib/microlib/printf/printf.c         0x00000000   Number         0  printfb.o ABSOLUTE
    ../clib/microlib/printf/printf.c         0x00000000   Number         0  printf6.o ABSOLUTE
    ../clib/microlib/printf/printf.c         0x00000000   Number         0  printf2.o ABSOLUTE
    ../clib/microlib/printf/printf.c         0x00000000   Number         0  printfa.o ABSOLUTE
    ../clib/microlib/printf/printf.c         0x00000000   Number         0  printf8.o ABSOLUTE
    ../clib/microlib/printf/printf.c         0x00000000   Number         0  printf7.o ABSOLUTE
    ../clib/microlib/printf/printf.c         0x00000000   Number         0  printf5.o ABSOLUTE
    ../clib/microlib/printf/printf.c         0x00000000   Number         0  printf4.o ABSOLUTE
    ../clib/microlib/printf/printf.c         0x00000000   Number         0  printf3.o ABSOLUTE
    ../clib/microlib/printf/stubs.s          0x00000000   Number         0  stubs.o ABSOLUTE
    ../clib/microlib/stdio/streams.c         0x00000000   Number         0  stdout.o ABSOLUTE
    ../clib/microlib/string/memcmp.c         0x00000000   Number         0  memcmp.o ABSOLUTE
    ../clib/microlib/string/memcpy.c         0x00000000   Number         0  memcpyb.o ABSOLUTE
    ../clib/microlib/string/memcpy.c         0x00000000   Number         0  memcpya.o ABSOLUTE
    ../clib/microlib/string/memset.c         0x00000000   Number         0  memseta.o ABSOLUTE
    ../clib/microlib/string/strchr.c         0x00000000   Number         0  strchr.o ABSOLUTE
    ../clib/microlib/string/strcmp.c         0x00000000   Number         0  strcmp.o ABSOLUTE
    ../clib/microlib/string/strcpy.c         0x00000000   Number         0  strcpy.o ABSOLUTE
    ../clib/microlib/string/strlen.c         0x00000000   Number         0  strlen.o ABSOLUTE
    ../clib/microlib/string/strncpy.c        0x00000000   Number         0  strncpy.o ABSOLUTE
    ../clib/microlib/string/strstr.c         0x00000000   Number         0  strstr.o ABSOLUTE
    ../clib/microlib/stubs.s                 0x00000000   Number         0  iusefp.o ABSOLUTE
    ../clib/microlib/time/gmtime.c           0x00000000   Number         0  gmtime.o ABSOLUTE
    ../clib/microlib/time/localtime.c        0x00000000   Number         0  localtime_i.o ABSOLUTE
    ../clib/microlib/time/localtime.c        0x00000000   Number         0  localtime_w.o ABSOLUTE
    ../clib/microlib/time/mktime.c           0x00000000   Number         0  mktime.o ABSOLUTE
    ../clib/scanf.c                          0x00000000   Number         0  _strtoul.o ABSOLUTE
    ../clib/scanf.c                          0x00000000   Number         0  _scanf.o ABSOLUTE
    ../clib/scanf.c                          0x00000000   Number         0  __0sscanf.o ABSOLUTE
    ../clib/scanf.c                          0x00000000   Number         0  _scanf_int.o ABSOLUTE
    ../clib/scanf.c                          0x00000000   Number         0  strtol.o ABSOLUTE
    ../clib/scanf.c                          0x00000000   Number         0  _sgetc.o ABSOLUTE
    ../clib/scanf.c                          0x00000000   Number         0  scanf_char.o ABSOLUTE
    ../clib/scanf.c                          0x00000000   Number         0  _chval.o ABSOLUTE
    ../clib/scanf.c                          0x00000000   Number         0  atoi.o ABSOLUTE
    ../fplib/microlib/fpadd.c                0x00000000   Number         0  dadd.o ABSOLUTE
    ../fplib/microlib/fpdiv.c                0x00000000   Number         0  ddiv.o ABSOLUTE
    ../fplib/microlib/fpepilogue.c           0x00000000   Number         0  depilogue.o ABSOLUTE
    ../fplib/microlib/fpfix.c                0x00000000   Number         0  dfixi.o ABSOLUTE
    ../fplib/microlib/fpfix.c                0x00000000   Number         0  dfixul.o ABSOLUTE
    ../fplib/microlib/fpflt.c                0x00000000   Number         0  dfltui.o ABSOLUTE
    ../fplib/microlib/fpflt.c                0x00000000   Number         0  dflti.o ABSOLUTE
    ../fplib/microlib/fpmul.c                0x00000000   Number         0  dmul.o ABSOLUTE
    ..\Core\Src\dma.c                        0x00000000   Number         0  dma.o ABSOLUTE
    ..\Core\Src\gpio.c                       0x00000000   Number         0  gpio.o ABSOLUTE
    ..\Core\Src\i2c.c                        0x00000000   Number         0  i2c.o ABSOLUTE
    ..\Core\Src\main.c                       0x00000000   Number         0  main.o ABSOLUTE
    ..\Core\Src\rtc.c                        0x00000000   Number         0  rtc.o ABSOLUTE
    ..\Core\Src\stm32f1xx_hal_msp.c          0x00000000   Number         0  stm32f1xx_hal_msp.o ABSOLUTE
    ..\Core\Src\stm32f1xx_it.c               0x00000000   Number         0  stm32f1xx_it.o ABSOLUTE
    ..\Core\Src\system_stm32f1xx.c           0x00000000   Number         0  system_stm32f1xx.o ABSOLUTE
    ..\Core\Src\usart.c                      0x00000000   Number         0  usart.o ABSOLUTE
    ..\Drivers\STM32F1xx_HAL_Driver\Src\stm32f1xx_hal.c 0x00000000   Number         0  stm32f1xx_hal.o ABSOLUTE
    ..\Drivers\STM32F1xx_HAL_Driver\Src\stm32f1xx_hal_cortex.c 0x00000000   Number         0  stm32f1xx_hal_cortex.o ABSOLUTE
    ..\Drivers\STM32F1xx_HAL_Driver\Src\stm32f1xx_hal_dma.c 0x00000000   Number         0  stm32f1xx_hal_dma.o ABSOLUTE
    ..\Drivers\STM32F1xx_HAL_Driver\Src\stm32f1xx_hal_exti.c 0x00000000   Number         0  stm32f1xx_hal_exti.o ABSOLUTE
    ..\Drivers\STM32F1xx_HAL_Driver\Src\stm32f1xx_hal_flash.c 0x00000000   Number         0  stm32f1xx_hal_flash.o ABSOLUTE
    ..\Drivers\STM32F1xx_HAL_Driver\Src\stm32f1xx_hal_flash_ex.c 0x00000000   Number         0  stm32f1xx_hal_flash_ex.o ABSOLUTE
    ..\Drivers\STM32F1xx_HAL_Driver\Src\stm32f1xx_hal_gpio.c 0x00000000   Number         0  stm32f1xx_hal_gpio.o ABSOLUTE
    ..\Drivers\STM32F1xx_HAL_Driver\Src\stm32f1xx_hal_gpio_ex.c 0x00000000   Number         0  stm32f1xx_hal_gpio_ex.o ABSOLUTE
    ..\Drivers\STM32F1xx_HAL_Driver\Src\stm32f1xx_hal_i2c.c 0x00000000   Number         0  stm32f1xx_hal_i2c.o ABSOLUTE
    ..\Drivers\STM32F1xx_HAL_Driver\Src\stm32f1xx_hal_pwr.c 0x00000000   Number         0  stm32f1xx_hal_pwr.o ABSOLUTE
    ..\Drivers\STM32F1xx_HAL_Driver\Src\stm32f1xx_hal_rcc.c 0x00000000   Number         0  stm32f1xx_hal_rcc.o ABSOLUTE
    ..\Drivers\STM32F1xx_HAL_Driver\Src\stm32f1xx_hal_rcc_ex.c 0x00000000   Number         0  stm32f1xx_hal_rcc_ex.o ABSOLUTE
    ..\Drivers\STM32F1xx_HAL_Driver\Src\stm32f1xx_hal_rtc.c 0x00000000   Number         0  stm32f1xx_hal_rtc.o ABSOLUTE
    ..\Drivers\STM32F1xx_HAL_Driver\Src\stm32f1xx_hal_rtc_ex.c 0x00000000   Number         0  stm32f1xx_hal_rtc_ex.o ABSOLUTE
    ..\Drivers\STM32F1xx_HAL_Driver\Src\stm32f1xx_hal_uart.c 0x00000000   Number         0  stm32f1xx_hal_uart.o ABSOLUTE
    ..\Lib\Src\font.c                        0x00000000   Number         0  font.o ABSOLUTE
    ..\Lib\Src\myrtc.c                       0x00000000   Number         0  myrtc.o ABSOLUTE
    ..\Lib\Src\oled.c                        0x00000000   Number         0  oled.o ABSOLUTE
    ..\\Lib\\Src\\myrtc.c                    0x00000000   Number         0  myrtc.o ABSOLUTE
    ..\\Lib\\Src\\oled.c                     0x00000000   Number         0  oled.o ABSOLUTE
    cdrcmple.s                               0x00000000   Number         0  cdrcmple.o ABSOLUTE
    dc.s                                     0x00000000   Number         0  dc.o ABSOLUTE
    handlers.s                               0x00000000   Number         0  handlers.o ABSOLUTE
    init.s                                   0x00000000   Number         0  init.o ABSOLUTE
    startup_stm32f103x6.s                    0x00000000   Number         0  startup_stm32f103x6.o ABSOLUTE
    RESET                                    0x08000000   Section      236  startup_stm32f103x6.o(RESET)
    .ARM.Collect$$$$00000000                 0x080000ec   Section        0  entry.o(.ARM.Collect$$$$00000000)
    .ARM.Collect$$$$00000001                 0x080000ec   Section        4  entry2.o(.ARM.Collect$$$$00000001)
    .ARM.Collect$$$$00000004                 0x080000f0   Section        4  entry5.o(.ARM.Collect$$$$00000004)
    .ARM.Collect$$$$00000008                 0x080000f4   Section        0  entry7b.o(.ARM.Collect$$$$00000008)
    .ARM.Collect$$$$0000000A                 0x080000f4   Section        0  entry8b.o(.ARM.Collect$$$$0000000A)
    .ARM.Collect$$$$0000000B                 0x080000f4   Section        8  entry9a.o(.ARM.Collect$$$$0000000B)
    .ARM.Collect$$$$0000000D                 0x080000fc   Section        0  entry10a.o(.ARM.Collect$$$$0000000D)
    .ARM.Collect$$$$0000000F                 0x080000fc   Section        0  entry11a.o(.ARM.Collect$$$$0000000F)
    .ARM.Collect$$$$00002712                 0x080000fc   Section        4  entry2.o(.ARM.Collect$$$$00002712)
    __lit__00000000                          0x080000fc   Data           4  entry2.o(.ARM.Collect$$$$00002712)
    .text                                    0x08000100   Section       36  startup_stm32f103x6.o(.text)
    .text                                    0x08000124   Section        0  ctype_o.o(.text)
    .text                                    0x0800012c   Section        0  isspace_o.o(.text)
    .text                                    0x08000140   Section        0  mktime.o(.text)
    .text                                    0x080001e8   Section        0  memcpya.o(.text)
    .text                                    0x0800020c   Section        0  memseta.o(.text)
    .text                                    0x08000230   Section        0  strstr.o(.text)
    .text                                    0x08000254   Section        0  strncpy.o(.text)
    .text                                    0x0800026c   Section        0  strchr.o(.text)
    .text                                    0x08000280   Section        0  strlen.o(.text)
    .text                                    0x0800028e   Section        0  strcmp.o(.text)
    .text                                    0x080002aa   Section        0  strcpy.o(.text)
    .text                                    0x080002bc   Section        0  __0sscanf.o(.text)
    .text                                    0x080002f4   Section        0  _scanf_int.o(.text)
    .text                                    0x08000440   Section        0  atoi.o(.text)
    .text                                    0x0800045a   Section        0  uidiv.o(.text)
    .text                                    0x08000488   Section        0  localtime_i.o(.text)
    .text                                    0x08000514   Section        0  _chval.o(.text)
    .text                                    0x08000530   Section        0  scanf_char.o(.text)
    _scanf_char_input                        0x08000531   Thumb Code    12  scanf_char.o(.text)
    .text                                    0x08000558   Section        0  _sgetc.o(.text)
    .text                                    0x08000598   Section        0  strtol.o(.text)
    .text                                    0x08000608   Section       36  init.o(.text)
    .text                                    0x0800062c   Section        0  _scanf.o(.text)
    .text                                    0x08000958   Section        0  _strtoul.o(.text)
    i.BusFault_Handler                       0x080009f6   Section        0  stm32f1xx_it.o(i.BusFault_Handler)
    i.DMA1_Channel4_IRQHandler               0x080009f8   Section        0  stm32f1xx_it.o(i.DMA1_Channel4_IRQHandler)
    i.DMA1_Channel5_IRQHandler               0x08000a04   Section        0  stm32f1xx_it.o(i.DMA1_Channel5_IRQHandler)
    i.DMA1_Channel6_IRQHandler               0x08000a10   Section        0  stm32f1xx_it.o(i.DMA1_Channel6_IRQHandler)
    i.DMA1_Channel7_IRQHandler               0x08000a1c   Section        0  stm32f1xx_it.o(i.DMA1_Channel7_IRQHandler)
    i.DMA_SetConfig                          0x08000a28   Section        0  stm32f1xx_hal_dma.o(i.DMA_SetConfig)
    DMA_SetConfig                            0x08000a29   Thumb Code    42  stm32f1xx_hal_dma.o(i.DMA_SetConfig)
    i.DebugMon_Handler                       0x08000a52   Section        0  stm32f1xx_it.o(i.DebugMon_Handler)
    i.Error_Handler                          0x08000a54   Section        0  main.o(i.Error_Handler)
    i.HAL_DMA_Abort                          0x08000a58   Section        0  stm32f1xx_hal_dma.o(i.HAL_DMA_Abort)
    i.HAL_DMA_Abort_IT                       0x08000aa0   Section        0  stm32f1xx_hal_dma.o(i.HAL_DMA_Abort_IT)
    i.HAL_DMA_IRQHandler                     0x08000b38   Section        0  stm32f1xx_hal_dma.o(i.HAL_DMA_IRQHandler)
    i.HAL_DMA_Init                           0x08000c8c   Section        0  stm32f1xx_hal_dma.o(i.HAL_DMA_Init)
    i.HAL_DMA_Start_IT                       0x08000ce8   Section        0  stm32f1xx_hal_dma.o(i.HAL_DMA_Start_IT)
    i.HAL_Delay                              0x08000d58   Section        0  stm32f1xx_hal.o(i.HAL_Delay)
    i.HAL_GPIO_Init                          0x08000d7c   Section        0  stm32f1xx_hal_gpio.o(i.HAL_GPIO_Init)
    i.HAL_GetTick                            0x08000f3c   Section        0  stm32f1xx_hal.o(i.HAL_GetTick)
    i.HAL_I2C_Init                           0x08000f48   Section        0  stm32f1xx_hal_i2c.o(i.HAL_I2C_Init)
    i.HAL_I2C_Master_Transmit                0x080010d0   Section        0  stm32f1xx_hal_i2c.o(i.HAL_I2C_Master_Transmit)
    i.HAL_I2C_MspInit                        0x080011fc   Section        0  i2c.o(i.HAL_I2C_MspInit)
    i.HAL_IncTick                            0x08001258   Section        0  stm32f1xx_hal.o(i.HAL_IncTick)
    i.HAL_Init                               0x08001268   Section        0  stm32f1xx_hal.o(i.HAL_Init)
    i.HAL_InitTick                           0x0800128c   Section        0  stm32f1xx_hal.o(i.HAL_InitTick)
    i.HAL_MspInit                            0x080012cc   Section        0  stm32f1xx_hal_msp.o(i.HAL_MspInit)
    i.HAL_NVIC_EnableIRQ                     0x08001308   Section        0  stm32f1xx_hal_cortex.o(i.HAL_NVIC_EnableIRQ)
    i.HAL_NVIC_SetPriority                   0x08001324   Section        0  stm32f1xx_hal_cortex.o(i.HAL_NVIC_SetPriority)
    i.HAL_NVIC_SetPriorityGrouping           0x08001364   Section        0  stm32f1xx_hal_cortex.o(i.HAL_NVIC_SetPriorityGrouping)
    i.HAL_PWR_EnableBkUpAccess               0x08001388   Section        0  stm32f1xx_hal_pwr.o(i.HAL_PWR_EnableBkUpAccess)
    i.HAL_RCCEx_GetPeriphCLKFreq             0x08001394   Section        0  stm32f1xx_hal_rcc_ex.o(i.HAL_RCCEx_GetPeriphCLKFreq)
    i.HAL_RCCEx_PeriphCLKConfig              0x08001438   Section        0  stm32f1xx_hal_rcc_ex.o(i.HAL_RCCEx_PeriphCLKConfig)
    i.HAL_RCC_ClockConfig                    0x08001524   Section        0  stm32f1xx_hal_rcc.o(i.HAL_RCC_ClockConfig)
    i.HAL_RCC_GetPCLK1Freq                   0x08001650   Section        0  stm32f1xx_hal_rcc.o(i.HAL_RCC_GetPCLK1Freq)
    i.HAL_RCC_GetPCLK2Freq                   0x08001670   Section        0  stm32f1xx_hal_rcc.o(i.HAL_RCC_GetPCLK2Freq)
    i.HAL_RCC_GetSysClockFreq                0x08001690   Section        0  stm32f1xx_hal_rcc.o(i.HAL_RCC_GetSysClockFreq)
    i.HAL_RCC_OscConfig                      0x080016dc   Section        0  stm32f1xx_hal_rcc.o(i.HAL_RCC_OscConfig)
    i.HAL_RTCEx_BKUPRead                     0x080019fc   Section        0  stm32f1xx_hal_rtc_ex.o(i.HAL_RTCEx_BKUPRead)
    i.HAL_RTCEx_BKUPWrite                    0x08001a0c   Section        0  stm32f1xx_hal_rtc_ex.o(i.HAL_RTCEx_BKUPWrite)
    i.HAL_RTC_Init                           0x08001a1c   Section        0  stm32f1xx_hal_rtc.o(i.HAL_RTC_Init)
    i.HAL_RTC_MspInit                        0x08001ab0   Section        0  rtc.o(i.HAL_RTC_MspInit)
    i.HAL_RTC_WaitForSynchro                 0x08001ae4   Section        0  stm32f1xx_hal_rtc.o(i.HAL_RTC_WaitForSynchro)
    i.HAL_SYSTICK_Config                     0x08001b1e   Section        0  stm32f1xx_hal_cortex.o(i.HAL_SYSTICK_Config)
    i.HAL_UARTEx_ReceiveToIdle_DMA           0x08001b46   Section        0  stm32f1xx_hal_uart.o(i.HAL_UARTEx_ReceiveToIdle_DMA)
    i.HAL_UARTEx_RxEventCallback             0x08001b90   Section        0  main.o(i.HAL_UARTEx_RxEventCallback)
    i.HAL_UART_ErrorCallback                 0x08001bd0   Section        0  main.o(i.HAL_UART_ErrorCallback)
    i.HAL_UART_IRQHandler                    0x08001c04   Section        0  stm32f1xx_hal_uart.o(i.HAL_UART_IRQHandler)
    i.HAL_UART_Init                          0x08001e70   Section        0  stm32f1xx_hal_uart.o(i.HAL_UART_Init)
    i.HAL_UART_MspInit                       0x08001ed4   Section        0  usart.o(i.HAL_UART_MspInit)
    i.HAL_UART_RxCpltCallback                0x08002060   Section        0  stm32f1xx_hal_uart.o(i.HAL_UART_RxCpltCallback)
    i.HAL_UART_RxHalfCpltCallback            0x08002062   Section        0  stm32f1xx_hal_uart.o(i.HAL_UART_RxHalfCpltCallback)
    i.HAL_UART_Transmit                      0x08002064   Section        0  stm32f1xx_hal_uart.o(i.HAL_UART_Transmit)
    i.HAL_UART_TxCpltCallback                0x08002104   Section        0  stm32f1xx_hal_uart.o(i.HAL_UART_TxCpltCallback)
    i.HardFault_Handler                      0x08002106   Section        0  stm32f1xx_it.o(i.HardFault_Handler)
    i.I2C_IsAcknowledgeFailed                0x08002108   Section        0  stm32f1xx_hal_i2c.o(i.I2C_IsAcknowledgeFailed)
    I2C_IsAcknowledgeFailed                  0x08002109   Thumb Code    46  stm32f1xx_hal_i2c.o(i.I2C_IsAcknowledgeFailed)
    i.I2C_MasterRequestWrite                 0x08002138   Section        0  stm32f1xx_hal_i2c.o(i.I2C_MasterRequestWrite)
    I2C_MasterRequestWrite                   0x08002139   Thumb Code   150  stm32f1xx_hal_i2c.o(i.I2C_MasterRequestWrite)
    i.I2C_WaitOnBTFFlagUntilTimeout          0x080021d4   Section        0  stm32f1xx_hal_i2c.o(i.I2C_WaitOnBTFFlagUntilTimeout)
    I2C_WaitOnBTFFlagUntilTimeout            0x080021d5   Thumb Code    86  stm32f1xx_hal_i2c.o(i.I2C_WaitOnBTFFlagUntilTimeout)
    i.I2C_WaitOnFlagUntilTimeout             0x0800222c   Section        0  stm32f1xx_hal_i2c.o(i.I2C_WaitOnFlagUntilTimeout)
    I2C_WaitOnFlagUntilTimeout               0x0800222d   Thumb Code   144  stm32f1xx_hal_i2c.o(i.I2C_WaitOnFlagUntilTimeout)
    i.I2C_WaitOnMasterAddressFlagUntilTimeout 0x080022bc   Section        0  stm32f1xx_hal_i2c.o(i.I2C_WaitOnMasterAddressFlagUntilTimeout)
    I2C_WaitOnMasterAddressFlagUntilTimeout  0x080022bd   Thumb Code   188  stm32f1xx_hal_i2c.o(i.I2C_WaitOnMasterAddressFlagUntilTimeout)
    i.I2C_WaitOnTXEFlagUntilTimeout          0x08002378   Section        0  stm32f1xx_hal_i2c.o(i.I2C_WaitOnTXEFlagUntilTimeout)
    I2C_WaitOnTXEFlagUntilTimeout            0x08002379   Thumb Code    86  stm32f1xx_hal_i2c.o(i.I2C_WaitOnTXEFlagUntilTimeout)
    i.KK_RTC_Init                            0x080023d0   Section        0  myrtc.o(i.KK_RTC_Init)
    i.KK_RTC_SetTime                         0x08002418   Section        0  myrtc.o(i.KK_RTC_SetTime)
    i.MX_DMA_Init                            0x08002430   Section        0  dma.o(i.MX_DMA_Init)
    i.MX_GPIO_Init                           0x0800248c   Section        0  gpio.o(i.MX_GPIO_Init)
    i.MX_I2C1_Init                           0x080024d8   Section        0  i2c.o(i.MX_I2C1_Init)
    i.MX_RTC_Init                            0x08002518   Section        0  rtc.o(i.MX_RTC_Init)
    i.MX_USART1_UART_Init                    0x08002548   Section        0  usart.o(i.MX_USART1_UART_Init)
    i.MX_USART2_UART_Init                    0x08002580   Section        0  usart.o(i.MX_USART2_UART_Init)
    i.MemManage_Handler                      0x080025b8   Section        0  stm32f1xx_it.o(i.MemManage_Handler)
    i.NMI_Handler                            0x080025ba   Section        0  stm32f1xx_it.o(i.NMI_Handler)
    i.OLED_Init                              0x080025bc   Section        0  oled.o(i.OLED_Init)
    i.OLED_NewFrame                          0x08002674   Section        0  oled.o(i.OLED_NewFrame)
    i.OLED_PrintASCIIChar                    0x08002684   Section        0  oled.o(i.OLED_PrintASCIIChar)
    i.OLED_PrintASCIIString                  0x080026a4   Section        0  oled.o(i.OLED_PrintASCIIString)
    i.OLED_Send                              0x080026d4   Section        0  oled.o(i.OLED_Send)
    i.OLED_SendCmd                           0x080026f0   Section        0  oled.o(i.OLED_SendCmd)
    i.OLED_SetBits                           0x08002700   Section        0  oled.o(i.OLED_SetBits)
    i.OLED_SetBits_Fine                      0x08002748   Section        0  oled.o(i.OLED_SetBits_Fine)
    i.OLED_SetBlock                          0x080027b0   Section        0  oled.o(i.OLED_SetBlock)
    i.OLED_SetByte_Fine                      0x08002838   Section        0  oled.o(i.OLED_SetByte_Fine)
    i.OLED_ShowFrame                         0x08002880   Section        0  oled.o(i.OLED_ShowFrame)
    i.PendSV_Handler                         0x080028c8   Section        0  stm32f1xx_it.o(i.PendSV_Handler)
    i.RTC_EnterInitMode                      0x080028ca   Section        0  stm32f1xx_hal_rtc.o(i.RTC_EnterInitMode)
    RTC_EnterInitMode                        0x080028cb   Thumb Code    52  stm32f1xx_hal_rtc.o(i.RTC_EnterInitMode)
    i.RTC_ExitInitMode                       0x08002900   Section        0  stm32f1xx_hal_rtc.o(i.RTC_ExitInitMode)
    RTC_ExitInitMode                         0x08002901   Thumb Code    54  stm32f1xx_hal_rtc.o(i.RTC_ExitInitMode)
    i.RTC_GetTime                            0x08002938   Section        0  myrtc.o(i.RTC_GetTime)
    i.RTC_GetWeek                            0x08002a1c   Section        0  myrtc.o(i.RTC_GetWeek)
    i.RTC_Get_Sec                            0x08002a64   Section        0  myrtc.o(i.RTC_Get_Sec)
    i.RTC_Is_Leap_Year                       0x08002a8c   Section        0  myrtc.o(i.RTC_Is_Leap_Year)
    RTC_Is_Leap_Year                         0x08002a8d   Thumb Code    38  myrtc.o(i.RTC_Is_Leap_Year)
    i.RTC_SetTime                            0x08002ab4   Section        0  myrtc.o(i.RTC_SetTime)
    i.RTC_WriteTimeCounter                   0x08002b7c   Section        0  myrtc.o(i.RTC_WriteTimeCounter)
    RTC_WriteTimeCounter                     0x08002b7d   Thumb Code   112  myrtc.o(i.RTC_WriteTimeCounter)
    i.SVC_Handler                            0x08002bec   Section        0  stm32f1xx_it.o(i.SVC_Handler)
    i.SysTick_Handler                        0x08002bee   Section        0  stm32f1xx_it.o(i.SysTick_Handler)
    i.SystemClock_Config                     0x08002bf2   Section        0  main.o(i.SystemClock_Config)
    i.SystemInit                             0x08002c72   Section        0  system_stm32f1xx.o(i.SystemInit)
    i.UART_DMAAbortOnError                   0x08002c74   Section        0  stm32f1xx_hal_uart.o(i.UART_DMAAbortOnError)
    UART_DMAAbortOnError                     0x08002c75   Thumb Code    16  stm32f1xx_hal_uart.o(i.UART_DMAAbortOnError)
    i.UART_DMAError                          0x08002c84   Section        0  stm32f1xx_hal_uart.o(i.UART_DMAError)
    UART_DMAError                            0x08002c85   Thumb Code    74  stm32f1xx_hal_uart.o(i.UART_DMAError)
    i.UART_DMAReceiveCplt                    0x08002cce   Section        0  stm32f1xx_hal_uart.o(i.UART_DMAReceiveCplt)
    UART_DMAReceiveCplt                      0x08002ccf   Thumb Code   134  stm32f1xx_hal_uart.o(i.UART_DMAReceiveCplt)
    i.UART_DMARxHalfCplt                     0x08002d54   Section        0  stm32f1xx_hal_uart.o(i.UART_DMARxHalfCplt)
    UART_DMARxHalfCplt                       0x08002d55   Thumb Code    30  stm32f1xx_hal_uart.o(i.UART_DMARxHalfCplt)
    i.UART_EndRxTransfer                     0x08002d72   Section        0  stm32f1xx_hal_uart.o(i.UART_EndRxTransfer)
    UART_EndRxTransfer                       0x08002d73   Thumb Code    78  stm32f1xx_hal_uart.o(i.UART_EndRxTransfer)
    i.UART_EndTxTransfer                     0x08002dc0   Section        0  stm32f1xx_hal_uart.o(i.UART_EndTxTransfer)
    UART_EndTxTransfer                       0x08002dc1   Thumb Code    28  stm32f1xx_hal_uart.o(i.UART_EndTxTransfer)
    i.UART_Receive_IT                        0x08002ddc   Section        0  stm32f1xx_hal_uart.o(i.UART_Receive_IT)
    UART_Receive_IT                          0x08002ddd   Thumb Code   194  stm32f1xx_hal_uart.o(i.UART_Receive_IT)
    i.UART_SetConfig                         0x08002ea0   Section        0  stm32f1xx_hal_uart.o(i.UART_SetConfig)
    UART_SetConfig                           0x08002ea1   Thumb Code   178  stm32f1xx_hal_uart.o(i.UART_SetConfig)
    i.UART_Start_Receive_DMA                 0x08002f58   Section        0  stm32f1xx_hal_uart.o(i.UART_Start_Receive_DMA)
    i.UART_WaitOnFlagUntilTimeout            0x08002fe8   Section        0  stm32f1xx_hal_uart.o(i.UART_WaitOnFlagUntilTimeout)
    UART_WaitOnFlagUntilTimeout              0x08002fe9   Thumb Code   114  stm32f1xx_hal_uart.o(i.UART_WaitOnFlagUntilTimeout)
    i.USART1_IRQHandler                      0x0800305c   Section        0  stm32f1xx_it.o(i.USART1_IRQHandler)
    i.USART2_IRQHandler                      0x08003068   Section        0  stm32f1xx_it.o(i.USART2_IRQHandler)
    i.UsageFault_Handler                     0x08003074   Section        0  stm32f1xx_it.o(i.UsageFault_Handler)
    i.__0printf$6                            0x08003078   Section        0  printf6.o(i.__0printf$6)
    i.__0sprintf$6                           0x08003098   Section        0  printf6.o(i.__0sprintf$6)
    i.__NVIC_SetPriority                     0x080030c0   Section        0  stm32f1xx_hal_cortex.o(i.__NVIC_SetPriority)
    __NVIC_SetPriority                       0x080030c1   Thumb Code    32  stm32f1xx_hal_cortex.o(i.__NVIC_SetPriority)
    i.__aeabi_errno_addr                     0x080030e0   Section        0  errno.o(i.__aeabi_errno_addr)
    i.__scatterload_copy                     0x080030e8   Section       14  handlers.o(i.__scatterload_copy)
    i.__scatterload_null                     0x080030f6   Section        2  handlers.o(i.__scatterload_null)
    i.__scatterload_zeroinit                 0x080030f8   Section       14  handlers.o(i.__scatterload_zeroinit)
    i._printf_core                           0x08003108   Section        0  printf6.o(i._printf_core)
    _printf_core                             0x08003109   Thumb Code   748  printf6.o(i._printf_core)
    i._printf_post_padding                   0x080033f8   Section        0  printf6.o(i._printf_post_padding)
    _printf_post_padding                     0x080033f9   Thumb Code    36  printf6.o(i._printf_post_padding)
    i._printf_pre_padding                    0x0800341c   Section        0  printf6.o(i._printf_pre_padding)
    _printf_pre_padding                      0x0800341d   Thumb Code    46  printf6.o(i._printf_pre_padding)
    i._sputc                                 0x0800344a   Section        0  printf6.o(i._sputc)
    _sputc                                   0x0800344b   Thumb Code    10  printf6.o(i._sputc)
    i.fputc                                  0x08003454   Section        0  main.o(i.fputc)
    i.main                                   0x0800346c   Section        0  main.o(i.main)
    i.parseNTPTime                           0x08003790   Section        0  main.o(i.parseNTPTime)
    i.parseWeatherData                       0x080037f8   Section        0  main.o(i.parseWeatherData)
    i.updateRTC                              0x08003974   Section        0  main.o(i.updateRTC)
    .constdata                               0x08003a08   Section       20  main.o(.constdata)
    .constdata                               0x08003a1c   Section      552  font.o(.constdata)
    .constdata                               0x08003c44   Section        8  font.o(.constdata)
    .constdata                               0x08003c4c   Section     1520  font.o(.constdata)
    .constdata                               0x0800423c   Section        8  font.o(.constdata)
    .constdata                               0x08004244   Section       44  myrtc.o(.constdata)
    .constdata                               0x08004270   Section       18  stm32f1xx_hal_rcc.o(.constdata)
    aPredivFactorTable                       0x08004270   Data           2  stm32f1xx_hal_rcc.o(.constdata)
    aPLLMULFactorTable                       0x08004272   Data          16  stm32f1xx_hal_rcc.o(.constdata)
    .constdata                               0x08004282   Section       18  stm32f1xx_hal_rcc_ex.o(.constdata)
    aPredivFactorTable                       0x08004282   Data           2  stm32f1xx_hal_rcc_ex.o(.constdata)
    aPLLMULFactorTable                       0x08004284   Data          16  stm32f1xx_hal_rcc_ex.o(.constdata)
    .constdata                               0x08004294   Section       16  system_stm32f1xx.o(.constdata)
    .constdata                               0x080042a4   Section        8  system_stm32f1xx.o(.constdata)
    .constdata                               0x080042ac   Section      129  ctype_o.o(.constdata)
    .constdata                               0x08004330   Section        4  ctype_o.o(.constdata)
    table                                    0x08004330   Data           4  ctype_o.o(.constdata)
    .constdata                               0x08004334   Section       12  mktime.o(.constdata)
    monlen                                   0x08004334   Data          12  mktime.o(.constdata)
    .constdata                               0x08004340   Section       12  localtime_i.o(.constdata)
    monlen                                   0x08004340   Data          12  localtime_i.o(.constdata)
    .data                                    0x20000000   Section       41  main.o(.data)
    .data                                    0x2000002a   Section        2  myrtc.o(.data)
    daycnt                                   0x2000002a   Data           2  myrtc.o(.data)
    .data                                    0x2000002c   Section        4  oled.o(.data)
    temp                                     0x2000002c   Data           1  oled.o(.data)
    temp                                     0x2000002d   Data           1  oled.o(.data)
    sendBuffer                               0x2000002e   Data           2  oled.o(.data)
    .data                                    0x20000030   Section       12  stm32f1xx_hal.o(.data)
    .data                                    0x2000003c   Section        4  system_stm32f1xx.o(.data)
    .data                                    0x20000040   Section        4  stdout.o(.data)
    .data                                    0x20000044   Section        4  errno.o(.data)
    _errno                                   0x20000044   Data           4  errno.o(.data)
    .bss                                     0x20000048   Section      124  main.o(.bss)
    .bss                                     0x200000c4   Section       84  i2c.o(.bss)
    .bss                                     0x20000118   Section       20  rtc.o(.bss)
    .bss                                     0x2000012c   Section      416  usart.o(.bss)
    .bss                                     0x200002cc   Section     1153  oled.o(.bss)
    sendBuffer                               0x200002cc   Data         129  oled.o(.bss)
    STACK                                    0x20000750   Section     1024  startup_stm32f103x6.o(STACK)

    Global Symbols

    Symbol Name                              Value     Ov Type        Size  Object(Section)

    BuildAttributes$$THM_ISAv4$P$D$K$B$S$PE$A:L22UL41UL21$X:L11$S22US41US21$IEEE1$IW$USESV6$~STKCKD$USESV7$~SHL$OSPACE$ROPI$EBA8$MICROLIB$REQ8$PRES8$EABIv2 0x00000000   Number         0  anon$$obj.o ABSOLUTE
    __ARM_use_no_argv                        0x00000000   Number         0  main.o ABSOLUTE
    _printf_a                                0x00000000   Number         0  stubs.o ABSOLUTE
    _printf_c                                0x00000000   Number         0  stubs.o ABSOLUTE
    _printf_charcount                        0x00000000   Number         0  stubs.o ABSOLUTE
    _printf_d                                0x00000000   Number         0  stubs.o ABSOLUTE
    _printf_e                                0x00000000   Number         0  stubs.o ABSOLUTE
    _printf_f                                0x00000000   Number         0  stubs.o ABSOLUTE
    _printf_flags                            0x00000000   Number         0  stubs.o ABSOLUTE
    _printf_fp_dec                           0x00000000   Number         0  stubs.o ABSOLUTE
    _printf_fp_hex                           0x00000000   Number         0  stubs.o ABSOLUTE
    _printf_g                                0x00000000   Number         0  stubs.o ABSOLUTE
    _printf_i                                0x00000000   Number         0  stubs.o ABSOLUTE
    _printf_int_dec                          0x00000000   Number         0  stubs.o ABSOLUTE
    _printf_l                                0x00000000   Number         0  stubs.o ABSOLUTE
    _printf_lc                               0x00000000   Number         0  stubs.o ABSOLUTE
    _printf_ll                               0x00000000   Number         0  stubs.o ABSOLUTE
    _printf_lld                              0x00000000   Number         0  stubs.o ABSOLUTE
    _printf_lli                              0x00000000   Number         0  stubs.o ABSOLUTE
    _printf_llo                              0x00000000   Number         0  stubs.o ABSOLUTE
    _printf_llu                              0x00000000   Number         0  stubs.o ABSOLUTE
    _printf_llx                              0x00000000   Number         0  stubs.o ABSOLUTE
    _printf_longlong_dec                     0x00000000   Number         0  stubs.o ABSOLUTE
    _printf_longlong_hex                     0x00000000   Number         0  stubs.o ABSOLUTE
    _printf_longlong_oct                     0x00000000   Number         0  stubs.o ABSOLUTE
    _printf_ls                               0x00000000   Number         0  stubs.o ABSOLUTE
    _printf_mbtowc                           0x00000000   Number         0  stubs.o ABSOLUTE
    _printf_n                                0x00000000   Number         0  stubs.o ABSOLUTE
    _printf_o                                0x00000000   Number         0  stubs.o ABSOLUTE
    _printf_p                                0x00000000   Number         0  stubs.o ABSOLUTE
    _printf_percent                          0x00000000   Number         0  stubs.o ABSOLUTE
    _printf_pre_padding                      0x00000000   Number         0  stubs.o ABSOLUTE
    _printf_return_value                     0x00000000   Number         0  stubs.o ABSOLUTE
    _printf_s                                0x00000000   Number         0  stubs.o ABSOLUTE
    _printf_sizespec                         0x00000000   Number         0  stubs.o ABSOLUTE
    _printf_str                              0x00000000   Number         0  stubs.o ABSOLUTE
    _printf_truncate_signed                  0x00000000   Number         0  stubs.o ABSOLUTE
    _printf_truncate_unsigned                0x00000000   Number         0  stubs.o ABSOLUTE
    _printf_u                                0x00000000   Number         0  stubs.o ABSOLUTE
    _printf_wc                               0x00000000   Number         0  stubs.o ABSOLUTE
    _printf_wctomb                           0x00000000   Number         0  stubs.o ABSOLUTE
    _printf_widthprec                        0x00000000   Number         0  stubs.o ABSOLUTE
    _printf_x                                0x00000000   Number         0  stubs.o ABSOLUTE
    __cpp_initialize__aeabi_                  - Undefined Weak Reference
    __cxa_finalize                            - Undefined Weak Reference
    __decompress                              - Undefined Weak Reference
    _clock_init                               - Undefined Weak Reference
    _microlib_exit                            - Undefined Weak Reference
    _scanf_longlong                           - Undefined Weak Reference
    _scanf_real                               - Undefined Weak Reference
    _scanf_string                             - Undefined Weak Reference
    __Vectors_Size                           0x000000ec   Number         0  startup_stm32f103x6.o ABSOLUTE
    __Vectors                                0x08000000   Data           4  startup_stm32f103x6.o(RESET)
    __Vectors_End                            0x080000ec   Data           0  startup_stm32f103x6.o(RESET)
    __main                                   0x080000ed   Thumb Code     0  entry.o(.ARM.Collect$$$$00000000)
    _main_stk                                0x080000ed   Thumb Code     0  entry2.o(.ARM.Collect$$$$00000001)
    _main_scatterload                        0x080000f1   Thumb Code     0  entry5.o(.ARM.Collect$$$$00000004)
    __main_after_scatterload                 0x080000f5   Thumb Code     0  entry5.o(.ARM.Collect$$$$00000004)
    _main_clock                              0x080000f5   Thumb Code     0  entry7b.o(.ARM.Collect$$$$00000008)
    _main_cpp_init                           0x080000f5   Thumb Code     0  entry8b.o(.ARM.Collect$$$$0000000A)
    _main_init                               0x080000f5   Thumb Code     0  entry9a.o(.ARM.Collect$$$$0000000B)
    __rt_final_cpp                           0x080000fd   Thumb Code     0  entry10a.o(.ARM.Collect$$$$0000000D)
    __rt_final_exit                          0x080000fd   Thumb Code     0  entry11a.o(.ARM.Collect$$$$0000000F)
    Reset_Handler                            0x08000101   Thumb Code     8  startup_stm32f103x6.o(.text)
    ADC1_2_IRQHandler                        0x0800011b   Thumb Code     0  startup_stm32f103x6.o(.text)
    CAN1_RX1_IRQHandler                      0x0800011b   Thumb Code     0  startup_stm32f103x6.o(.text)
    CAN1_SCE_IRQHandler                      0x0800011b   Thumb Code     0  startup_stm32f103x6.o(.text)
    DMA1_Channel1_IRQHandler                 0x0800011b   Thumb Code     0  startup_stm32f103x6.o(.text)
    DMA1_Channel2_IRQHandler                 0x0800011b   Thumb Code     0  startup_stm32f103x6.o(.text)
    DMA1_Channel3_IRQHandler                 0x0800011b   Thumb Code     0  startup_stm32f103x6.o(.text)
    EXTI0_IRQHandler                         0x0800011b   Thumb Code     0  startup_stm32f103x6.o(.text)
    EXTI15_10_IRQHandler                     0x0800011b   Thumb Code     0  startup_stm32f103x6.o(.text)
    EXTI1_IRQHandler                         0x0800011b   Thumb Code     0  startup_stm32f103x6.o(.text)
    EXTI2_IRQHandler                         0x0800011b   Thumb Code     0  startup_stm32f103x6.o(.text)
    EXTI3_IRQHandler                         0x0800011b   Thumb Code     0  startup_stm32f103x6.o(.text)
    EXTI4_IRQHandler                         0x0800011b   Thumb Code     0  startup_stm32f103x6.o(.text)
    EXTI9_5_IRQHandler                       0x0800011b   Thumb Code     0  startup_stm32f103x6.o(.text)
    FLASH_IRQHandler                         0x0800011b   Thumb Code     0  startup_stm32f103x6.o(.text)
    I2C1_ER_IRQHandler                       0x0800011b   Thumb Code     0  startup_stm32f103x6.o(.text)
    I2C1_EV_IRQHandler                       0x0800011b   Thumb Code     0  startup_stm32f103x6.o(.text)
    PVD_IRQHandler                           0x0800011b   Thumb Code     0  startup_stm32f103x6.o(.text)
    RCC_IRQHandler                           0x0800011b   Thumb Code     0  startup_stm32f103x6.o(.text)
    RTC_Alarm_IRQHandler                     0x0800011b   Thumb Code     0  startup_stm32f103x6.o(.text)
    RTC_IRQHandler                           0x0800011b   Thumb Code     0  startup_stm32f103x6.o(.text)
    SPI1_IRQHandler                          0x0800011b   Thumb Code     0  startup_stm32f103x6.o(.text)
    TAMPER_IRQHandler                        0x0800011b   Thumb Code     0  startup_stm32f103x6.o(.text)
    TIM1_BRK_IRQHandler                      0x0800011b   Thumb Code     0  startup_stm32f103x6.o(.text)
    TIM1_CC_IRQHandler                       0x0800011b   Thumb Code     0  startup_stm32f103x6.o(.text)
    TIM1_TRG_COM_IRQHandler                  0x0800011b   Thumb Code     0  startup_stm32f103x6.o(.text)
    TIM1_UP_IRQHandler                       0x0800011b   Thumb Code     0  startup_stm32f103x6.o(.text)
    TIM2_IRQHandler                          0x0800011b   Thumb Code     0  startup_stm32f103x6.o(.text)
    TIM3_IRQHandler                          0x0800011b   Thumb Code     0  startup_stm32f103x6.o(.text)
    USBWakeUp_IRQHandler                     0x0800011b   Thumb Code     0  startup_stm32f103x6.o(.text)
    USB_HP_CAN1_TX_IRQHandler                0x0800011b   Thumb Code     0  startup_stm32f103x6.o(.text)
    USB_LP_CAN1_RX0_IRQHandler               0x0800011b   Thumb Code     0  startup_stm32f103x6.o(.text)
    WWDG_IRQHandler                          0x0800011b   Thumb Code     0  startup_stm32f103x6.o(.text)
    __rt_ctype_table                         0x08000125   Thumb Code     4  ctype_o.o(.text)
    isspace                                  0x0800012d   Thumb Code    18  isspace_o.o(.text)
    mktime                                   0x08000141   Thumb Code   150  mktime.o(.text)
    __aeabi_memcpy                           0x080001e9   Thumb Code    36  memcpya.o(.text)
    __aeabi_memcpy4                          0x080001e9   Thumb Code     0  memcpya.o(.text)
    __aeabi_memcpy8                          0x080001e9   Thumb Code     0  memcpya.o(.text)
    __aeabi_memset                           0x0800020d   Thumb Code    14  memseta.o(.text)
    __aeabi_memset4                          0x0800020d   Thumb Code     0  memseta.o(.text)
    __aeabi_memset8                          0x0800020d   Thumb Code     0  memseta.o(.text)
    __aeabi_memclr                           0x0800021b   Thumb Code     4  memseta.o(.text)
    __aeabi_memclr4                          0x0800021b   Thumb Code     0  memseta.o(.text)
    __aeabi_memclr8                          0x0800021b   Thumb Code     0  memseta.o(.text)
    _memset$wrapper                          0x0800021f   Thumb Code    18  memseta.o(.text)
    strstr                                   0x08000231   Thumb Code    36  strstr.o(.text)
    strncpy                                  0x08000255   Thumb Code    24  strncpy.o(.text)
    strchr                                   0x0800026d   Thumb Code    20  strchr.o(.text)
    strlen                                   0x08000281   Thumb Code    14  strlen.o(.text)
    strcmp                                   0x0800028f   Thumb Code    28  strcmp.o(.text)
    strcpy                                   0x080002ab   Thumb Code    18  strcpy.o(.text)
    __0sscanf                                0x080002bd   Thumb Code    48  __0sscanf.o(.text)
    _scanf_int                               0x080002f5   Thumb Code   332  _scanf_int.o(.text)
    atoi                                     0x08000441   Thumb Code    26  atoi.o(.text)
    __aeabi_uidiv                            0x0800045b   Thumb Code     0  uidiv.o(.text)
    __aeabi_uidivmod                         0x0800045b   Thumb Code    44  uidiv.o(.text)
    _localtime                               0x08000489   Thumb Code   134  localtime_i.o(.text)
    _chval                                   0x08000515   Thumb Code    28  _chval.o(.text)
    __vfscanf_char                           0x0800053d   Thumb Code    20  scanf_char.o(.text)
    _sgetc                                   0x08000559   Thumb Code    30  _sgetc.o(.text)
    _sbackspace                              0x08000577   Thumb Code    34  _sgetc.o(.text)
    strtol                                   0x08000599   Thumb Code   112  strtol.o(.text)
    __scatterload                            0x08000609   Thumb Code    28  init.o(.text)
    __scatterload_rt2                        0x08000609   Thumb Code     0  init.o(.text)
    __vfscanf                                0x0800062d   Thumb Code   808  _scanf.o(.text)
    _strtoul                                 0x08000959   Thumb Code   158  _strtoul.o(.text)
    BusFault_Handler                         0x080009f7   Thumb Code     2  stm32f1xx_it.o(i.BusFault_Handler)
    DMA1_Channel4_IRQHandler                 0x080009f9   Thumb Code     6  stm32f1xx_it.o(i.DMA1_Channel4_IRQHandler)
    DMA1_Channel5_IRQHandler                 0x08000a05   Thumb Code     6  stm32f1xx_it.o(i.DMA1_Channel5_IRQHandler)
    DMA1_Channel6_IRQHandler                 0x08000a11   Thumb Code     6  stm32f1xx_it.o(i.DMA1_Channel6_IRQHandler)
    DMA1_Channel7_IRQHandler                 0x08000a1d   Thumb Code     6  stm32f1xx_it.o(i.DMA1_Channel7_IRQHandler)
    DebugMon_Handler                         0x08000a53   Thumb Code     2  stm32f1xx_it.o(i.DebugMon_Handler)
    Error_Handler                            0x08000a55   Thumb Code     4  main.o(i.Error_Handler)
    HAL_DMA_Abort                            0x08000a59   Thumb Code    70  stm32f1xx_hal_dma.o(i.HAL_DMA_Abort)
    HAL_DMA_Abort_IT                         0x08000aa1   Thumb Code   148  stm32f1xx_hal_dma.o(i.HAL_DMA_Abort_IT)
    HAL_DMA_IRQHandler                       0x08000b39   Thumb Code   316  stm32f1xx_hal_dma.o(i.HAL_DMA_IRQHandler)
    HAL_DMA_Init                             0x08000c8d   Thumb Code    84  stm32f1xx_hal_dma.o(i.HAL_DMA_Init)
    HAL_DMA_Start_IT                         0x08000ce9   Thumb Code   112  stm32f1xx_hal_dma.o(i.HAL_DMA_Start_IT)
    HAL_Delay                                0x08000d59   Thumb Code    32  stm32f1xx_hal.o(i.HAL_Delay)
    HAL_GPIO_Init                            0x08000d7d   Thumb Code   418  stm32f1xx_hal_gpio.o(i.HAL_GPIO_Init)
    HAL_GetTick                              0x08000f3d   Thumb Code     6  stm32f1xx_hal.o(i.HAL_GetTick)
    HAL_I2C_Init                             0x08000f49   Thumb Code   376  stm32f1xx_hal_i2c.o(i.HAL_I2C_Init)
    HAL_I2C_Master_Transmit                  0x080010d1   Thumb Code   290  stm32f1xx_hal_i2c.o(i.HAL_I2C_Master_Transmit)
    HAL_I2C_MspInit                          0x080011fd   Thumb Code    80  i2c.o(i.HAL_I2C_MspInit)
    HAL_IncTick                              0x08001259   Thumb Code    12  stm32f1xx_hal.o(i.HAL_IncTick)
    HAL_Init                                 0x08001269   Thumb Code    32  stm32f1xx_hal.o(i.HAL_Init)
    HAL_InitTick                             0x0800128d   Thumb Code    54  stm32f1xx_hal.o(i.HAL_InitTick)
    HAL_MspInit                              0x080012cd   Thumb Code    52  stm32f1xx_hal_msp.o(i.HAL_MspInit)
    HAL_NVIC_EnableIRQ                       0x08001309   Thumb Code    26  stm32f1xx_hal_cortex.o(i.HAL_NVIC_EnableIRQ)
    HAL_NVIC_SetPriority                     0x08001325   Thumb Code    60  stm32f1xx_hal_cortex.o(i.HAL_NVIC_SetPriority)
    HAL_NVIC_SetPriorityGrouping             0x08001365   Thumb Code    26  stm32f1xx_hal_cortex.o(i.HAL_NVIC_SetPriorityGrouping)
    HAL_PWR_EnableBkUpAccess                 0x08001389   Thumb Code     8  stm32f1xx_hal_pwr.o(i.HAL_PWR_EnableBkUpAccess)
    HAL_RCCEx_GetPeriphCLKFreq               0x08001395   Thumb Code   148  stm32f1xx_hal_rcc_ex.o(i.HAL_RCCEx_GetPeriphCLKFreq)
    HAL_RCCEx_PeriphCLKConfig                0x08001439   Thumb Code   224  stm32f1xx_hal_rcc_ex.o(i.HAL_RCCEx_PeriphCLKConfig)
    HAL_RCC_ClockConfig                      0x08001525   Thumb Code   280  stm32f1xx_hal_rcc.o(i.HAL_RCC_ClockConfig)
    HAL_RCC_GetPCLK1Freq                     0x08001651   Thumb Code    20  stm32f1xx_hal_rcc.o(i.HAL_RCC_GetPCLK1Freq)
    HAL_RCC_GetPCLK2Freq                     0x08001671   Thumb Code    20  stm32f1xx_hal_rcc.o(i.HAL_RCC_GetPCLK2Freq)
    HAL_RCC_GetSysClockFreq                  0x08001691   Thumb Code    58  stm32f1xx_hal_rcc.o(i.HAL_RCC_GetSysClockFreq)
    HAL_RCC_OscConfig                        0x080016dd   Thumb Code   778  stm32f1xx_hal_rcc.o(i.HAL_RCC_OscConfig)
    HAL_RTCEx_BKUPRead                       0x080019fd   Thumb Code    10  stm32f1xx_hal_rtc_ex.o(i.HAL_RTCEx_BKUPRead)
    HAL_RTCEx_BKUPWrite                      0x08001a0d   Thumb Code    12  stm32f1xx_hal_rtc_ex.o(i.HAL_RTCEx_BKUPWrite)
    HAL_RTC_Init                             0x08001a1d   Thumb Code   144  stm32f1xx_hal_rtc.o(i.HAL_RTC_Init)
    HAL_RTC_MspInit                          0x08001ab1   Thumb Code    40  rtc.o(i.HAL_RTC_MspInit)
    HAL_RTC_WaitForSynchro                   0x08001ae5   Thumb Code    58  stm32f1xx_hal_rtc.o(i.HAL_RTC_WaitForSynchro)
    HAL_SYSTICK_Config                       0x08001b1f   Thumb Code    40  stm32f1xx_hal_cortex.o(i.HAL_SYSTICK_Config)
    HAL_UARTEx_ReceiveToIdle_DMA             0x08001b47   Thumb Code    74  stm32f1xx_hal_uart.o(i.HAL_UARTEx_ReceiveToIdle_DMA)
    HAL_UARTEx_RxEventCallback               0x08001b91   Thumb Code    42  main.o(i.HAL_UARTEx_RxEventCallback)
    HAL_UART_ErrorCallback                   0x08001bd1   Thumb Code    34  main.o(i.HAL_UART_ErrorCallback)
    HAL_UART_IRQHandler                      0x08001c05   Thumb Code   616  stm32f1xx_hal_uart.o(i.HAL_UART_IRQHandler)
    HAL_UART_Init                            0x08001e71   Thumb Code   100  stm32f1xx_hal_uart.o(i.HAL_UART_Init)
    HAL_UART_MspInit                         0x08001ed5   Thumb Code   370  usart.o(i.HAL_UART_MspInit)
    HAL_UART_RxCpltCallback                  0x08002061   Thumb Code     2  stm32f1xx_hal_uart.o(i.HAL_UART_RxCpltCallback)
    HAL_UART_RxHalfCpltCallback              0x08002063   Thumb Code     2  stm32f1xx_hal_uart.o(i.HAL_UART_RxHalfCpltCallback)
    HAL_UART_Transmit                        0x08002065   Thumb Code   160  stm32f1xx_hal_uart.o(i.HAL_UART_Transmit)
    HAL_UART_TxCpltCallback                  0x08002105   Thumb Code     2  stm32f1xx_hal_uart.o(i.HAL_UART_TxCpltCallback)
    HardFault_Handler                        0x08002107   Thumb Code     2  stm32f1xx_it.o(i.HardFault_Handler)
    KK_RTC_Init                              0x080023d1   Thumb Code    62  myrtc.o(i.KK_RTC_Init)
    KK_RTC_SetTime                           0x08002419   Thumb Code    18  myrtc.o(i.KK_RTC_SetTime)
    MX_DMA_Init                              0x08002431   Thumb Code    88  dma.o(i.MX_DMA_Init)
    MX_GPIO_Init                             0x0800248d   Thumb Code    70  gpio.o(i.MX_GPIO_Init)
    MX_I2C1_Init                             0x080024d9   Thumb Code    50  i2c.o(i.MX_I2C1_Init)
    MX_RTC_Init                              0x08002519   Thumb Code    38  rtc.o(i.MX_RTC_Init)
    MX_USART1_UART_Init                      0x08002549   Thumb Code    48  usart.o(i.MX_USART1_UART_Init)
    MX_USART2_UART_Init                      0x08002581   Thumb Code    48  usart.o(i.MX_USART2_UART_Init)
    MemManage_Handler                        0x080025b9   Thumb Code     2  stm32f1xx_it.o(i.MemManage_Handler)
    NMI_Handler                              0x080025bb   Thumb Code     2  stm32f1xx_it.o(i.NMI_Handler)
    OLED_Init                                0x080025bd   Thumb Code   182  oled.o(i.OLED_Init)
    OLED_NewFrame                            0x08002675   Thumb Code    10  oled.o(i.OLED_NewFrame)
    OLED_PrintASCIIChar                      0x08002685   Thumb Code    32  oled.o(i.OLED_PrintASCIIChar)
    OLED_PrintASCIIString                    0x080026a5   Thumb Code    46  oled.o(i.OLED_PrintASCIIString)
    OLED_Send                                0x080026d5   Thumb Code    22  oled.o(i.OLED_Send)
    OLED_SendCmd                             0x080026f1   Thumb Code    12  oled.o(i.OLED_SendCmd)
    OLED_SetBits                             0x08002701   Thumb Code    72  oled.o(i.OLED_SetBits)
    OLED_SetBits_Fine                        0x08002749   Thumb Code   104  oled.o(i.OLED_SetBits_Fine)
    OLED_SetBlock                            0x080027b1   Thumb Code   136  oled.o(i.OLED_SetBlock)
    OLED_SetByte_Fine                        0x08002839   Thumb Code    64  oled.o(i.OLED_SetByte_Fine)
    OLED_ShowFrame                           0x08002881   Thumb Code    68  oled.o(i.OLED_ShowFrame)
    PendSV_Handler                           0x080028c9   Thumb Code     2  stm32f1xx_it.o(i.PendSV_Handler)
    RTC_GetTime                              0x08002939   Thumb Code   206  myrtc.o(i.RTC_GetTime)
    RTC_GetWeek                              0x08002a1d   Thumb Code    72  myrtc.o(i.RTC_GetWeek)
    RTC_Get_Sec                              0x08002a65   Thumb Code    34  myrtc.o(i.RTC_Get_Sec)
    RTC_SetTime                              0x08002ab5   Thumb Code   184  myrtc.o(i.RTC_SetTime)
    SVC_Handler                              0x08002bed   Thumb Code     2  stm32f1xx_it.o(i.SVC_Handler)
    SysTick_Handler                          0x08002bef   Thumb Code     4  stm32f1xx_it.o(i.SysTick_Handler)
    SystemClock_Config                       0x08002bf3   Thumb Code   128  main.o(i.SystemClock_Config)
    SystemInit                               0x08002c73   Thumb Code     2  system_stm32f1xx.o(i.SystemInit)
    UART_Start_Receive_DMA                   0x08002f59   Thumb Code   130  stm32f1xx_hal_uart.o(i.UART_Start_Receive_DMA)
    USART1_IRQHandler                        0x0800305d   Thumb Code     6  stm32f1xx_it.o(i.USART1_IRQHandler)
    USART2_IRQHandler                        0x08003069   Thumb Code     6  stm32f1xx_it.o(i.USART2_IRQHandler)
    UsageFault_Handler                       0x08003075   Thumb Code     2  stm32f1xx_it.o(i.UsageFault_Handler)
    __0printf$6                              0x08003079   Thumb Code    22  printf6.o(i.__0printf$6)
    __1printf$6                              0x08003079   Thumb Code     0  printf6.o(i.__0printf$6)
    __2printf                                0x08003079   Thumb Code     0  printf6.o(i.__0printf$6)
    __0sprintf$6                             0x08003099   Thumb Code    34  printf6.o(i.__0sprintf$6)
    __1sprintf$6                             0x08003099   Thumb Code     0  printf6.o(i.__0sprintf$6)
    __2sprintf                               0x08003099   Thumb Code     0  printf6.o(i.__0sprintf$6)
    __aeabi_errno_addr                       0x080030e1   Thumb Code     4  errno.o(i.__aeabi_errno_addr)
    __rt_errno_addr                          0x080030e1   Thumb Code     0  errno.o(i.__aeabi_errno_addr)
    __scatterload_copy                       0x080030e9   Thumb Code    14  handlers.o(i.__scatterload_copy)
    __scatterload_null                       0x080030f7   Thumb Code     2  handlers.o(i.__scatterload_null)
    __scatterload_zeroinit                   0x080030f9   Thumb Code    14  handlers.o(i.__scatterload_zeroinit)
    fputc                                    0x08003455   Thumb Code    20  main.o(i.fputc)
    main                                     0x0800346d   Thumb Code   492  main.o(i.main)
    parseNTPTime                             0x08003791   Thumb Code    86  main.o(i.parseNTPTime)
    parseWeatherData                         0x080037f9   Thumb Code   332  main.o(i.parseWeatherData)
    updateRTC                                0x08003975   Thumb Code    90  main.o(i.updateRTC)
    ascii_8x6                                0x08003a1c   Data         552  font.o(.constdata)
    afont8x6                                 0x08003c44   Data           8  font.o(.constdata)
    ascii_16x8                               0x08003c4c   Data        1520  font.o(.constdata)
    afont16x8                                0x0800423c   Data           8  font.o(.constdata)
    AHBPrescTable                            0x08004294   Data          16  system_stm32f1xx.o(.constdata)
    APBPrescTable                            0x080042a4   Data           8  system_stm32f1xx.o(.constdata)
    __ctype_table                            0x080042ac   Data         129  ctype_o.o(.constdata)
    Region$$Table$$Base                      0x0800434c   Number         0  anon$$obj.o(Region$$Table)
    Region$$Table$$Limit                     0x0800436c   Number         0  anon$$obj.o(Region$$Table)
    rx2_len                                  0x20000000   Data           1  main.o(.data)
    rx2_flag                                 0x20000001   Data           1  main.o(.data)
    temperature                              0x20000004   Data           4  main.o(.data)
    humidity                                 0x20000008   Data           4  main.o(.data)
    reporttime                               0x2000000c   Data          20  main.o(.data)
    short_rpt                                0x20000020   Data           9  main.o(.data)
    uwTickFreq                               0x20000030   Data           1  stm32f1xx_hal.o(.data)
    uwTickPrio                               0x20000034   Data           4  stm32f1xx_hal.o(.data)
    uwTick                                   0x20000038   Data           4  stm32f1xx_hal.o(.data)
    SystemCoreClock                          0x2000003c   Data           4  system_stm32f1xx.o(.data)
    __stdout                                 0x20000040   Data           4  stdout.o(.data)
    tempstr                                  0x20000048   Data          12  main.o(.bss)
    humidstr                                 0x20000054   Data          12  main.o(.bss)
    serial2_rxbuf                            0x20000060   Data         100  main.o(.bss)
    hi2c1                                    0x200000c4   Data          84  i2c.o(.bss)
    hrtc                                     0x20000118   Data          20  rtc.o(.bss)
    huart1                                   0x2000012c   Data          72  usart.o(.bss)
    huart2                                   0x20000174   Data          72  usart.o(.bss)
    hdma_usart1_rx                           0x200001bc   Data          68  usart.o(.bss)
    hdma_usart1_tx                           0x20000200   Data          68  usart.o(.bss)
    hdma_usart2_rx                           0x20000244   Data          68  usart.o(.bss)
    hdma_usart2_tx                           0x20000288   Data          68  usart.o(.bss)
    OLED_GRAM                                0x2000034d   Data        1024  oled.o(.bss)
    __initial_sp                             0x20000b50   Data           0  startup_stm32f103x6.o(STACK)



==============================================================================

Memory Map of the image

  Image Entry point : 0x080000ed

  Load Region LR_IROM1 (Base: 0x08000000, Size: 0x000043b4, Max: 0x00008000, ABSOLUTE)

    Execution Region ER_IROM1 (Exec base: 0x08000000, Load base: 0x08000000, Size: 0x0000436c, Max: 0x00008000, ABSOLUTE)

    Exec Addr    Load Addr    Size         Type   Attr      Idx    E Section Name        Object

    0x08000000   0x08000000   0x000000ec   Data   RO            3    RESET               startup_stm32f103x6.o
    0x080000ec   0x080000ec   0x00000000   Code   RO         2947  * .ARM.Collect$$$$00000000  mc_w.l(entry.o)
    0x080000ec   0x080000ec   0x00000004   Code   RO         3282    .ARM.Collect$$$$00000001  mc_w.l(entry2.o)
    0x080000f0   0x080000f0   0x00000004   Code   RO         3285    .ARM.Collect$$$$00000004  mc_w.l(entry5.o)
    0x080000f4   0x080000f4   0x00000000   Code   RO         3287    .ARM.Collect$$$$00000008  mc_w.l(entry7b.o)
    0x080000f4   0x080000f4   0x00000000   Code   RO         3289    .ARM.Collect$$$$0000000A  mc_w.l(entry8b.o)
    0x080000f4   0x080000f4   0x00000008   Code   RO         3290    .ARM.Collect$$$$0000000B  mc_w.l(entry9a.o)
    0x080000fc   0x080000fc   0x00000000   Code   RO         3292    .ARM.Collect$$$$0000000D  mc_w.l(entry10a.o)
    0x080000fc   0x080000fc   0x00000000   Code   RO         3294    .ARM.Collect$$$$0000000F  mc_w.l(entry11a.o)
    0x080000fc   0x080000fc   0x00000004   Code   RO         3283    .ARM.Collect$$$$00002712  mc_w.l(entry2.o)
    0x08000100   0x08000100   0x00000024   Code   RO            4    .text               startup_stm32f103x6.o
    0x08000124   0x08000124   0x00000008   Code   RO         2952    .text               mc_w.l(ctype_o.o)
    0x0800012c   0x0800012c   0x00000012   Code   RO         2974    .text               mc_w.l(isspace_o.o)
    0x0800013e   0x0800013e   0x00000002   PAD
    0x08000140   0x08000140   0x000000a8   Code   RO         2980    .text               mc_w.l(mktime.o)
    0x080001e8   0x080001e8   0x00000024   Code   RO         2985    .text               mc_w.l(memcpya.o)
    0x0800020c   0x0800020c   0x00000024   Code   RO         2987    .text               mc_w.l(memseta.o)
    0x08000230   0x08000230   0x00000024   Code   RO         2989    .text               mc_w.l(strstr.o)
    0x08000254   0x08000254   0x00000018   Code   RO         2991    .text               mc_w.l(strncpy.o)
    0x0800026c   0x0800026c   0x00000014   Code   RO         2993    .text               mc_w.l(strchr.o)
    0x08000280   0x08000280   0x0000000e   Code   RO         2995    .text               mc_w.l(strlen.o)
    0x0800028e   0x0800028e   0x0000001c   Code   RO         2997    .text               mc_w.l(strcmp.o)
    0x080002aa   0x080002aa   0x00000012   Code   RO         3001    .text               mc_w.l(strcpy.o)
    0x080002bc   0x080002bc   0x00000038   Code   RO         3266    .text               mc_w.l(__0sscanf.o)
    0x080002f4   0x080002f4   0x0000014c   Code   RO         3268    .text               mc_w.l(_scanf_int.o)
    0x08000440   0x08000440   0x0000001a   Code   RO         3270    .text               mc_w.l(atoi.o)
    0x0800045a   0x0800045a   0x0000002c   Code   RO         3297    .text               mc_w.l(uidiv.o)
    0x08000486   0x08000486   0x00000002   PAD
    0x08000488   0x08000488   0x0000008c   Code   RO         3308    .text               mc_w.l(localtime_i.o)
    0x08000514   0x08000514   0x0000001c   Code   RO         3318    .text               mc_w.l(_chval.o)
    0x08000530   0x08000530   0x00000028   Code   RO         3320    .text               mc_w.l(scanf_char.o)
    0x08000558   0x08000558   0x00000040   Code   RO         3322    .text               mc_w.l(_sgetc.o)
    0x08000598   0x08000598   0x00000070   Code   RO         3324    .text               mc_w.l(strtol.o)
    0x08000608   0x08000608   0x00000024   Code   RO         3335    .text               mc_w.l(init.o)
    0x0800062c   0x0800062c   0x0000032c   Code   RO         3339    .text               mc_w.l(_scanf.o)
    0x08000958   0x08000958   0x0000009e   Code   RO         3341    .text               mc_w.l(_strtoul.o)
    0x080009f6   0x080009f6   0x00000002   Code   RO          411    i.BusFault_Handler  stm32f1xx_it.o
    0x080009f8   0x080009f8   0x0000000c   Code   RO          412    i.DMA1_Channel4_IRQHandler  stm32f1xx_it.o
    0x08000a04   0x08000a04   0x0000000c   Code   RO          413    i.DMA1_Channel5_IRQHandler  stm32f1xx_it.o
    0x08000a10   0x08000a10   0x0000000c   Code   RO          414    i.DMA1_Channel6_IRQHandler  stm32f1xx_it.o
    0x08000a1c   0x08000a1c   0x0000000c   Code   RO          415    i.DMA1_Channel7_IRQHandler  stm32f1xx_it.o
    0x08000a28   0x08000a28   0x0000002a   Code   RO         1690    i.DMA_SetConfig     stm32f1xx_hal_dma.o
    0x08000a52   0x08000a52   0x00000002   Code   RO          416    i.DebugMon_Handler  stm32f1xx_it.o
    0x08000a54   0x08000a54   0x00000004   Code   RO           13    i.Error_Handler     main.o
    0x08000a58   0x08000a58   0x00000046   Code   RO         1691    i.HAL_DMA_Abort     stm32f1xx_hal_dma.o
    0x08000a9e   0x08000a9e   0x00000002   PAD
    0x08000aa0   0x08000aa0   0x00000098   Code   RO         1692    i.HAL_DMA_Abort_IT  stm32f1xx_hal_dma.o
    0x08000b38   0x08000b38   0x00000154   Code   RO         1696    i.HAL_DMA_IRQHandler  stm32f1xx_hal_dma.o
    0x08000c8c   0x08000c8c   0x0000005c   Code   RO         1697    i.HAL_DMA_Init      stm32f1xx_hal_dma.o
    0x08000ce8   0x08000ce8   0x00000070   Code   RO         1701    i.HAL_DMA_Start_IT  stm32f1xx_hal_dma.o
    0x08000d58   0x08000d58   0x00000024   Code   RO         1317    i.HAL_Delay         stm32f1xx_hal.o
    0x08000d7c   0x08000d7c   0x000001c0   Code   RO         1627    i.HAL_GPIO_Init     stm32f1xx_hal_gpio.o
    0x08000f3c   0x08000f3c   0x0000000c   Code   RO         1321    i.HAL_GetTick       stm32f1xx_hal.o
    0x08000f48   0x08000f48   0x00000188   Code   RO          884    i.HAL_I2C_Init      stm32f1xx_hal_i2c.o
    0x080010d0   0x080010d0   0x0000012c   Code   RO          897    i.HAL_I2C_Master_Transmit  stm32f1xx_hal_i2c.o
    0x080011fc   0x080011fc   0x0000005c   Code   RO          280    i.HAL_I2C_MspInit   i2c.o
    0x08001258   0x08001258   0x00000010   Code   RO         1327    i.HAL_IncTick       stm32f1xx_hal.o
    0x08001268   0x08001268   0x00000024   Code   RO         1328    i.HAL_Init          stm32f1xx_hal.o
    0x0800128c   0x0800128c   0x00000040   Code   RO         1329    i.HAL_InitTick      stm32f1xx_hal.o
    0x080012cc   0x080012cc   0x0000003c   Code   RO          523    i.HAL_MspInit       stm32f1xx_hal_msp.o
    0x08001308   0x08001308   0x0000001a   Code   RO         1787    i.HAL_NVIC_EnableIRQ  stm32f1xx_hal_cortex.o
    0x08001322   0x08001322   0x00000002   PAD
    0x08001324   0x08001324   0x00000040   Code   RO         1793    i.HAL_NVIC_SetPriority  stm32f1xx_hal_cortex.o
    0x08001364   0x08001364   0x00000024   Code   RO         1794    i.HAL_NVIC_SetPriorityGrouping  stm32f1xx_hal_cortex.o
    0x08001388   0x08001388   0x0000000c   Code   RO         1909    i.HAL_PWR_EnableBkUpAccess  stm32f1xx_hal_pwr.o
    0x08001394   0x08001394   0x000000a4   Code   RO         1588    i.HAL_RCCEx_GetPeriphCLKFreq  stm32f1xx_hal_rcc_ex.o
    0x08001438   0x08001438   0x000000ec   Code   RO         1589    i.HAL_RCCEx_PeriphCLKConfig  stm32f1xx_hal_rcc_ex.o
    0x08001524   0x08001524   0x0000012c   Code   RO         1485    i.HAL_RCC_ClockConfig  stm32f1xx_hal_rcc.o
    0x08001650   0x08001650   0x00000020   Code   RO         1492    i.HAL_RCC_GetPCLK1Freq  stm32f1xx_hal_rcc.o
    0x08001670   0x08001670   0x00000020   Code   RO         1493    i.HAL_RCC_GetPCLK2Freq  stm32f1xx_hal_rcc.o
    0x08001690   0x08001690   0x0000004c   Code   RO         1494    i.HAL_RCC_GetSysClockFreq  stm32f1xx_hal_rcc.o
    0x080016dc   0x080016dc   0x00000320   Code   RO         1497    i.HAL_RCC_OscConfig  stm32f1xx_hal_rcc.o
    0x080019fc   0x080019fc   0x00000010   Code   RO         2447    i.HAL_RTCEx_BKUPRead  stm32f1xx_hal_rtc_ex.o
    0x08001a0c   0x08001a0c   0x00000010   Code   RO         2448    i.HAL_RTCEx_BKUPWrite  stm32f1xx_hal_rtc_ex.o
    0x08001a1c   0x08001a1c   0x00000094   Code   RO         2285    i.HAL_RTC_Init      stm32f1xx_hal_rtc.o
    0x08001ab0   0x08001ab0   0x00000034   Code   RO          322    i.HAL_RTC_MspInit   rtc.o
    0x08001ae4   0x08001ae4   0x0000003a   Code   RO         2293    i.HAL_RTC_WaitForSynchro  stm32f1xx_hal_rtc.o
    0x08001b1e   0x08001b1e   0x00000028   Code   RO         1798    i.HAL_SYSTICK_Config  stm32f1xx_hal_cortex.o
    0x08001b46   0x08001b46   0x0000004a   Code   RO         2559    i.HAL_UARTEx_ReceiveToIdle_DMA  stm32f1xx_hal_uart.o
    0x08001b90   0x08001b90   0x00000040   Code   RO           14    i.HAL_UARTEx_RxEventCallback  main.o
    0x08001bd0   0x08001bd0   0x00000034   Code   RO           15    i.HAL_UART_ErrorCallback  main.o
    0x08001c04   0x08001c04   0x0000026c   Code   RO         2578    i.HAL_UART_IRQHandler  stm32f1xx_hal_uart.o
    0x08001e70   0x08001e70   0x00000064   Code   RO         2579    i.HAL_UART_Init     stm32f1xx_hal_uart.o
    0x08001ed4   0x08001ed4   0x0000018c   Code   RO          364    i.HAL_UART_MspInit  usart.o
    0x08002060   0x08002060   0x00000002   Code   RO         2585    i.HAL_UART_RxCpltCallback  stm32f1xx_hal_uart.o
    0x08002062   0x08002062   0x00000002   Code   RO         2586    i.HAL_UART_RxHalfCpltCallback  stm32f1xx_hal_uart.o
    0x08002064   0x08002064   0x000000a0   Code   RO         2587    i.HAL_UART_Transmit  stm32f1xx_hal_uart.o
    0x08002104   0x08002104   0x00000002   Code   RO         2590    i.HAL_UART_TxCpltCallback  stm32f1xx_hal_uart.o
    0x08002106   0x08002106   0x00000002   Code   RO          417    i.HardFault_Handler  stm32f1xx_it.o
    0x08002108   0x08002108   0x0000002e   Code   RO          927    i.I2C_IsAcknowledgeFailed  stm32f1xx_hal_i2c.o
    0x08002136   0x08002136   0x00000002   PAD
    0x08002138   0x08002138   0x0000009c   Code   RO          931    i.I2C_MasterRequestWrite  stm32f1xx_hal_i2c.o
    0x080021d4   0x080021d4   0x00000056   Code   RO          942    i.I2C_WaitOnBTFFlagUntilTimeout  stm32f1xx_hal_i2c.o
    0x0800222a   0x0800222a   0x00000002   PAD
    0x0800222c   0x0800222c   0x00000090   Code   RO          943    i.I2C_WaitOnFlagUntilTimeout  stm32f1xx_hal_i2c.o
    0x080022bc   0x080022bc   0x000000bc   Code   RO          944    i.I2C_WaitOnMasterAddressFlagUntilTimeout  stm32f1xx_hal_i2c.o
    0x08002378   0x08002378   0x00000056   Code   RO          946    i.I2C_WaitOnTXEFlagUntilTimeout  stm32f1xx_hal_i2c.o
    0x080023ce   0x080023ce   0x00000002   PAD
    0x080023d0   0x080023d0   0x00000048   Code   RO          574    i.KK_RTC_Init       myrtc.o
    0x08002418   0x08002418   0x00000018   Code   RO          575    i.KK_RTC_SetTime    myrtc.o
    0x08002430   0x08002430   0x0000005c   Code   RO          255    i.MX_DMA_Init       dma.o
    0x0800248c   0x0800248c   0x0000004c   Code   RO          231    i.MX_GPIO_Init      gpio.o
    0x080024d8   0x080024d8   0x00000040   Code   RO          281    i.MX_I2C1_Init      i2c.o
    0x08002518   0x08002518   0x00000030   Code   RO          323    i.MX_RTC_Init       rtc.o
    0x08002548   0x08002548   0x00000038   Code   RO          365    i.MX_USART1_UART_Init  usart.o
    0x08002580   0x08002580   0x00000038   Code   RO          366    i.MX_USART2_UART_Init  usart.o
    0x080025b8   0x080025b8   0x00000002   Code   RO          418    i.MemManage_Handler  stm32f1xx_it.o
    0x080025ba   0x080025ba   0x00000002   Code   RO          419    i.NMI_Handler       stm32f1xx_it.o
    0x080025bc   0x080025bc   0x000000b6   Code   RO          656    i.OLED_Init         oled.o
    0x08002672   0x08002672   0x00000002   PAD
    0x08002674   0x08002674   0x00000010   Code   RO          657    i.OLED_NewFrame     oled.o
    0x08002684   0x08002684   0x00000020   Code   RO          658    i.OLED_PrintASCIIChar  oled.o
    0x080026a4   0x080026a4   0x0000002e   Code   RO          659    i.OLED_PrintASCIIString  oled.o
    0x080026d2   0x080026d2   0x00000002   PAD
    0x080026d4   0x080026d4   0x0000001c   Code   RO          661    i.OLED_Send         oled.o
    0x080026f0   0x080026f0   0x00000010   Code   RO          662    i.OLED_SendCmd      oled.o
    0x08002700   0x08002700   0x00000048   Code   RO          663    i.OLED_SetBits      oled.o
    0x08002748   0x08002748   0x00000068   Code   RO          664    i.OLED_SetBits_Fine  oled.o
    0x080027b0   0x080027b0   0x00000088   Code   RO          665    i.OLED_SetBlock     oled.o
    0x08002838   0x08002838   0x00000048   Code   RO          667    i.OLED_SetByte_Fine  oled.o
    0x08002880   0x08002880   0x00000048   Code   RO          670    i.OLED_ShowFrame    oled.o
    0x080028c8   0x080028c8   0x00000002   Code   RO          420    i.PendSV_Handler    stm32f1xx_it.o
    0x080028ca   0x080028ca   0x00000034   Code   RO         2297    i.RTC_EnterInitMode  stm32f1xx_hal_rtc.o
    0x080028fe   0x080028fe   0x00000002   PAD
    0x08002900   0x08002900   0x00000036   Code   RO         2298    i.RTC_ExitInitMode  stm32f1xx_hal_rtc.o
    0x08002936   0x08002936   0x00000002   PAD
    0x08002938   0x08002938   0x000000e4   Code   RO          576    i.RTC_GetTime       myrtc.o
    0x08002a1c   0x08002a1c   0x00000048   Code   RO          577    i.RTC_GetWeek       myrtc.o
    0x08002a64   0x08002a64   0x00000028   Code   RO          578    i.RTC_Get_Sec       myrtc.o
    0x08002a8c   0x08002a8c   0x00000026   Code   RO          579    i.RTC_Is_Leap_Year  myrtc.o
    0x08002ab2   0x08002ab2   0x00000002   PAD
    0x08002ab4   0x08002ab4   0x000000c8   Code   RO          580    i.RTC_SetTime       myrtc.o
    0x08002b7c   0x08002b7c   0x00000070   Code   RO          581    i.RTC_WriteTimeCounter  myrtc.o
    0x08002bec   0x08002bec   0x00000002   Code   RO          421    i.SVC_Handler       stm32f1xx_it.o
    0x08002bee   0x08002bee   0x00000004   Code   RO          422    i.SysTick_Handler   stm32f1xx_it.o
    0x08002bf2   0x08002bf2   0x00000080   Code   RO           16    i.SystemClock_Config  main.o
    0x08002c72   0x08002c72   0x00000002   Code   RO         2913    i.SystemInit        system_stm32f1xx.o
    0x08002c74   0x08002c74   0x00000010   Code   RO         2592    i.UART_DMAAbortOnError  stm32f1xx_hal_uart.o
    0x08002c84   0x08002c84   0x0000004a   Code   RO         2593    i.UART_DMAError     stm32f1xx_hal_uart.o
    0x08002cce   0x08002cce   0x00000086   Code   RO         2594    i.UART_DMAReceiveCplt  stm32f1xx_hal_uart.o
    0x08002d54   0x08002d54   0x0000001e   Code   RO         2596    i.UART_DMARxHalfCplt  stm32f1xx_hal_uart.o
    0x08002d72   0x08002d72   0x0000004e   Code   RO         2602    i.UART_EndRxTransfer  stm32f1xx_hal_uart.o
    0x08002dc0   0x08002dc0   0x0000001c   Code   RO         2603    i.UART_EndTxTransfer  stm32f1xx_hal_uart.o
    0x08002ddc   0x08002ddc   0x000000c2   Code   RO         2604    i.UART_Receive_IT   stm32f1xx_hal_uart.o
    0x08002e9e   0x08002e9e   0x00000002   PAD
    0x08002ea0   0x08002ea0   0x000000b8   Code   RO         2605    i.UART_SetConfig    stm32f1xx_hal_uart.o
    0x08002f58   0x08002f58   0x00000090   Code   RO         2606    i.UART_Start_Receive_DMA  stm32f1xx_hal_uart.o
    0x08002fe8   0x08002fe8   0x00000072   Code   RO         2608    i.UART_WaitOnFlagUntilTimeout  stm32f1xx_hal_uart.o
    0x0800305a   0x0800305a   0x00000002   PAD
    0x0800305c   0x0800305c   0x0000000c   Code   RO          423    i.USART1_IRQHandler  stm32f1xx_it.o
    0x08003068   0x08003068   0x0000000c   Code   RO          424    i.USART2_IRQHandler  stm32f1xx_it.o
    0x08003074   0x08003074   0x00000002   Code   RO          425    i.UsageFault_Handler  stm32f1xx_it.o
    0x08003076   0x08003076   0x00000002   PAD
    0x08003078   0x08003078   0x00000020   Code   RO         3160    i.__0printf$6       mc_w.l(printf6.o)
    0x08003098   0x08003098   0x00000028   Code   RO         3162    i.__0sprintf$6      mc_w.l(printf6.o)
    0x080030c0   0x080030c0   0x00000020   Code   RO         1800    i.__NVIC_SetPriority  stm32f1xx_hal_cortex.o
    0x080030e0   0x080030e0   0x00000008   Code   RO         3311    i.__aeabi_errno_addr  mc_w.l(errno.o)
    0x080030e8   0x080030e8   0x0000000e   Code   RO         3348    i.__scatterload_copy  mc_w.l(handlers.o)
    0x080030f6   0x080030f6   0x00000002   Code   RO         3349    i.__scatterload_null  mc_w.l(handlers.o)
    0x080030f8   0x080030f8   0x0000000e   Code   RO         3350    i.__scatterload_zeroinit  mc_w.l(handlers.o)
    0x08003106   0x08003106   0x00000002   PAD
    0x08003108   0x08003108   0x000002f0   Code   RO         3167    i._printf_core      mc_w.l(printf6.o)
    0x080033f8   0x080033f8   0x00000024   Code   RO         3168    i._printf_post_padding  mc_w.l(printf6.o)
    0x0800341c   0x0800341c   0x0000002e   Code   RO         3169    i._printf_pre_padding  mc_w.l(printf6.o)
    0x0800344a   0x0800344a   0x0000000a   Code   RO         3171    i._sputc            mc_w.l(printf6.o)
    0x08003454   0x08003454   0x00000018   Code   RO           18    i.fputc             main.o
    0x0800346c   0x0800346c   0x00000324   Code   RO           19    i.main              main.o
    0x08003790   0x08003790   0x00000068   Code   RO           20    i.parseNTPTime      main.o
    0x080037f8   0x080037f8   0x0000017c   Code   RO           21    i.parseWeatherData  main.o
    0x08003974   0x08003974   0x00000094   Code   RO           22    i.updateRTC         main.o
    0x08003a08   0x08003a08   0x00000014   Data   RO           24    .constdata          main.o
    0x08003a1c   0x08003a1c   0x00000228   Data   RO          544    .constdata          font.o
    0x08003c44   0x08003c44   0x00000008   Data   RO          545    .constdata          font.o
    0x08003c4c   0x08003c4c   0x000005f0   Data   RO          548    .constdata          font.o
    0x0800423c   0x0800423c   0x00000008   Data   RO          549    .constdata          font.o
    0x08004244   0x08004244   0x0000002c   Data   RO          582    .constdata          myrtc.o
    0x08004270   0x08004270   0x00000012   Data   RO         1498    .constdata          stm32f1xx_hal_rcc.o
    0x08004282   0x08004282   0x00000012   Data   RO         1590    .constdata          stm32f1xx_hal_rcc_ex.o
    0x08004294   0x08004294   0x00000010   Data   RO         2914    .constdata          system_stm32f1xx.o
    0x080042a4   0x080042a4   0x00000008   Data   RO         2915    .constdata          system_stm32f1xx.o
    0x080042ac   0x080042ac   0x00000081   Data   RO         2953    .constdata          mc_w.l(ctype_o.o)
    0x0800432d   0x0800432d   0x00000003   PAD
    0x08004330   0x08004330   0x00000004   Data   RO         2954    .constdata          mc_w.l(ctype_o.o)
    0x08004334   0x08004334   0x0000000c   Data   RO         2981    .constdata          mc_w.l(mktime.o)
    0x08004340   0x08004340   0x0000000c   Data   RO         3309    .constdata          mc_w.l(localtime_i.o)
    0x0800434c   0x0800434c   0x00000020   Data   RO         3346    Region$$Table       anon$$obj.o


    Execution Region RW_IRAM1 (Exec base: 0x20000000, Load base: 0x0800436c, Size: 0x00000b50, Max: 0x00002800, ABSOLUTE)

    Exec Addr    Load Addr    Size         Type   Attr      Idx    E Section Name        Object

    0x20000000   0x0800436c   0x00000029   Data   RW           25    .data               main.o
    0x20000029   0x08004395   0x00000001   PAD
    0x2000002a   0x08004396   0x00000002   Data   RW          583    .data               myrtc.o
    0x2000002c   0x08004398   0x00000004   Data   RW          673    .data               oled.o
    0x20000030   0x0800439c   0x0000000c   Data   RW         1335    .data               stm32f1xx_hal.o
    0x2000003c   0x080043a8   0x00000004   Data   RW         2916    .data               system_stm32f1xx.o
    0x20000040   0x080043ac   0x00000004   Data   RW         3296    .data               mc_w.l(stdout.o)
    0x20000044   0x080043b0   0x00000004   Data   RW         3314    .data               mc_w.l(errno.o)
    0x20000048        -       0x0000007c   Zero   RW           23    .bss                main.o
    0x200000c4        -       0x00000054   Zero   RW          282    .bss                i2c.o
    0x20000118        -       0x00000014   Zero   RW          324    .bss                rtc.o
    0x2000012c        -       0x000001a0   Zero   RW          367    .bss                usart.o
    0x200002cc        -       0x00000481   Zero   RW          672    .bss                oled.o
    0x2000074d   0x080043b4   0x00000003   PAD
    0x20000750        -       0x00000400   Zero   RW            1    STACK               startup_stm32f103x6.o


==============================================================================

Image component sizes


      Code (inc. data)   RO Data    RW Data    ZI Data      Debug   Object Name

        92          4          0          0          0        758   dma.o
         0          0       2088          0          0       1565   font.o
        76          6          0          0          0        831   gpio.o
       156         26          0          0         84       1585   i2c.o
      1708        480         20         41        124     413160   main.o
       786         60         44          2          0       5987   myrtc.o
       776         28          0          4       1153       8837   oled.o
       100         22          0          0         20       1467   rtc.o
        36          8        236          0       1024        792   startup_stm32f103x6.o
       164         28          0         12          0       5473   stm32f1xx_hal.o
       198         14          0          0          0      28875   stm32f1xx_hal_cortex.o
       808         36          0          0          0       4910   stm32f1xx_hal_dma.o
       448         30          0          0          0       2232   stm32f1xx_hal_gpio.o
      1398         32          0          0          0       9017   stm32f1xx_hal_i2c.o
        60          8          0          0          0        854   stm32f1xx_hal_msp.o
        12          4          0          0          0        503   stm32f1xx_hal_pwr.o
      1240         84         18          0          0       5044   stm32f1xx_hal_rcc.o
       400         28         18          0          0       2437   stm32f1xx_hal_rcc_ex.o
       312          4          0          0          0       3652   stm32f1xx_hal_rtc.o
        32         10          0          0          0       1599   stm32f1xx_hal_rtc_ex.o
      1956         24          0          0          0      13540   stm32f1xx_hal_uart.o
        92         36          0          0          0       6374   stm32f1xx_it.o
         2          0         24          4          0       1083   system_stm32f1xx.o
       508         42          0          0        416       2651   usart.o

    ----------------------------------------------------------------------
     11386       1014       2480         64       2824     523226   Object Totals
         0          0         32          0          0          0   (incl. Generated)
        26          0          0          1          3          0   (incl. Padding)

    ----------------------------------------------------------------------

      Code (inc. data)   RO Data    RW Data    ZI Data      Debug   Library Member Name

        56          8          0          0          0         84   __0sscanf.o
        28          0          0          0          0         68   _chval.o
       812          4          0          0          0        112   _scanf.o
       332          0          0          0          0         96   _scanf_int.o
        64          0          0          0          0         84   _sgetc.o
       158          0          0          0          0         92   _strtoul.o
        26          0          0          0          0         80   atoi.o
         8          4        133          0          0         68   ctype_o.o
         0          0          0          0          0          0   entry.o
         0          0          0          0          0          0   entry10a.o
         0          0          0          0          0          0   entry11a.o
         8          4          0          0          0          0   entry2.o
         4          0          0          0          0          0   entry5.o
         0          0          0          0          0          0   entry7b.o
         0          0          0          0          0          0   entry8b.o
         8          4          0          0          0          0   entry9a.o
         8          4          0          4          0         68   errno.o
        30          0          0          0          0          0   handlers.o
        36          8          0          0          0         68   init.o
        18          0          0          0          0         76   isspace_o.o
       140          6         12          0          0         76   localtime_i.o
        36          0          0          0          0         68   memcpya.o
        36          0          0          0          0        108   memseta.o
       168         18         12          0          0         80   mktime.o
       916         20          0          0          0        504   printf6.o
        40          8          0          0          0         84   scanf_char.o
         0          0          0          4          0          0   stdout.o
        20          0          0          0          0         68   strchr.o
        28          0          0          0          0         76   strcmp.o
        18          0          0          0          0         68   strcpy.o
        14          0          0          0          0         68   strlen.o
        24          0          0          0          0         76   strncpy.o
        36          0          0          0          0         80   strstr.o
       112          0          0          0          0         88   strtol.o
        44          0          0          0          0         80   uidiv.o

    ----------------------------------------------------------------------
      3234         88        160          8          0       2420   Library Totals
         6          0          3          0          0          0   (incl. Padding)

    ----------------------------------------------------------------------

      Code (inc. data)   RO Data    RW Data    ZI Data      Debug   Library Name

      3228         88        157          8          0       2420   mc_w.l

    ----------------------------------------------------------------------
      3234         88        160          8          0       2420   Library Totals

    ----------------------------------------------------------------------

==============================================================================


      Code (inc. data)   RO Data    RW Data    ZI Data      Debug   

     14620       1102       2640         72       2824     518934   Grand Totals
     14620       1102       2640         72       2824     518934   ELF Image Totals
     14620       1102       2640         72          0          0   ROM Totals

==============================================================================

    Total RO  Size (Code + RO Data)                17260 (  16.86kB)
    Total RW  Size (RW Data + ZI Data)              2896 (   2.83kB)
    Total ROM Size (Code + RO Data + RW Data)      17332 (  16.93kB)

==============================================================================

